features: 79 kept (35 cut at the domain outline), 342 outside the domain, 0 empty
lines: 15846 vertices read, 8242 after joining shared edges and adding crossings
DEM: 2 files, 3314 columns x 2195 rows
land cover: 124 areas between lines; 0 in no polygon, 0 in more than one (the smallest wins), 0 too narrow to label with certainty
1165056 triangles. Every DEM node inside the mesh is within 1 m of it (largest difference 1 m).
BENCH {"refine_s": 0.6017643329687417, "app_s": 7.38117012497969, "max_error": 1.0, "rounds": 24, "inserted": 549527, "flips": 1152221, "hardening": "libc++ fast"}
        7.68 real         8.22 user         0.39 sys
          1164410880  maximum resident set size
                   0  average shared memory size
                   0  average unshared data size
                   0  average unshared stack size
              162942  page reclaims
                 108  page faults
                   0  swaps
                   0  block input operations
                   0  block output operations
                   0  messages sent
                   0  messages received
                   0  signals received
                  25  voluntary context switches
                1068  involuntary context switches
         97858505472  instructions retired
         26941001550  cycles elapsed
           977765840  peak memory footprint
