features: 79 kept (35 cut at the domain outline), 342 outside the domain, 0 empty
lines: 15846 vertices read, 8242 after joining shared edges and adding crossings
DEM: 2 files, 3314 columns x 2195 rows
land cover: 124 areas between lines; 0 in no polygon, 0 in more than one (the smallest wins), 0 too narrow to label with certainty
1145434 triangles. Every DEM node inside the mesh is within 1 m of it (largest difference 1 m).
BENCH {"refine_s": 0.6058777089929208, "app_s": 4.363131874997634, "max_error": 1.0, "rounds": 24, "inserted": 549527, "flips": 1152221, "hardening": "libc++ fast"}
        4.64 real         5.01 user         0.23 sys
           880377856  maximum resident set size
                   0  average shared memory size
                   0  average unshared data size
                   0  average unshared stack size
               67183  page reclaims
                 192  page faults
                   0  swaps
                   0  block input operations
                   0  block output operations
                   0  messages sent
                   0  messages received
                   0  signals received
                1680  voluntary context switches
                1350  involuntary context switches
         48352371410  instructions retired
         16277746258  cycles elapsed
           722142384  peak memory footprint
