features: 79 kept (35 cut at the domain outline), 342 outside the domain, 0 empty
lines: 15846 vertices read, 8242 after joining shared edges and adding crossings
DEM: 2 files, 3314 columns x 2195 rows
land cover: 124 areas between lines; 0 in no polygon, 0 in more than one (the smallest wins), 0 too narrow to label with certainty
83590 triangles. Every DEM node inside the mesh is within 10 m of it (largest difference 9.9997 m).
BENCH {"refine_s": 0.04996308300178498, "app_s": 2.0372362909838557, "max_error": 9.999732907715497, "rounds": 17, "inserted": 17879, "flips": 39582, "hardening": "libc++ fast"}
        2.32 real         2.36 user         0.13 sys
           379830272  maximum resident set size
                   0  average shared memory size
                   0  average unshared data size
                   0  average unshared stack size
               34683  page reclaims
                 121  page faults
                   0  swaps
                   0  block input operations
                   0  block output operations
                   0  messages sent
                   0  messages received
                   0  signals received
                   0  voluntary context switches
                 603  involuntary context switches
         33064444462  instructions retired
          7819035330  cycles elapsed
           332694296  peak memory footprint
