features: 79 kept (35 cut at the domain outline), 342 outside the domain, 0 empty
lines: 15846 vertices read, 8242 after joining shared edges and adding crossings
DEM: 2 files, 3314 columns x 2195 rows
land cover: 124 areas between lines; 0 in no polygon, 0 in more than one (the smallest wins), 0 too narrow to label with certainty
1165056 triangles. Every DEM node inside the mesh is within 1 m of it (largest difference 1 m).
BENCH {"refine_s": 0.5996696249931119, "app_s": 8.492219290987123, "max_error": 1.0, "rounds": 24, "inserted": 549527, "flips": 1152221, "hardening": "libc++ fast"}
        8.78 real         9.23 user         0.43 sys
          1330610176  maximum resident set size
                   0  average shared memory size
                   0  average unshared data size
                   0  average unshared stack size
              168464  page reclaims
                 110  page faults
                   0  swaps
                   0  block input operations
                   0  block output operations
                   0  messages sent
                   0  messages received
                   0  signals received
                  25  voluntary context switches
                1146  involuntary context switches
         99292057588  instructions retired
         30191779826  cycles elapsed
          1145832984  peak memory footprint
