features: 79 kept (35 cut at the domain outline), 342 outside the domain, 0 empty
lines: 15846 vertices read, 8242 after joining shared edges and adding crossings
DEM: 2 files, 3314 columns x 2195 rows
land cover: 124 areas between lines; 0 in no polygon, 0 in more than one (the smallest wins), 0 too narrow to label with certainty
83171 triangles. Every DEM node inside the mesh is within 10 m of it (largest difference 9.9997 m).
BENCH {"refine_s": 0.04794716602191329, "app_s": 1.9950713340076618, "max_error": 9.999732907715497, "rounds": 17, "inserted": 17879, "flips": 39582, "hardening": "libc++ fast"}
        2.28 real         2.31 user         0.14 sys
           378355712  maximum resident set size
                   0  average shared memory size
                   0  average unshared data size
                   0  average unshared stack size
               33540  page reclaims
                  87  page faults
                   0  swaps
                   0  block input operations
                   0  block output operations
                   0  messages sent
                   0  messages received
                   0  signals received
                  38  voluntary context switches
                 471  involuntary context switches
         32727301850  instructions retired
          7656446604  cycles elapsed
           333153024  peak memory footprint
