429,769,827 of 4,271,915,858 bytes
862,372,703 of 4,271,915,858 bytes
1,288,334,803 of 4,271,915,858 bytes
1,714,132,623 of 4,271,915,858 bytes
2,141,283,502 of 4,271,915,858 bytes
2,570,948,692 of 4,271,915,858 bytes
2,991,596,674 of 4,271,915,858 bytes
3,421,104,407 of 4,271,915,858 bytes
3,845,033,211 of 4,271,915,858 bytes
4,271,915,858 of 4,271,915,858 bytes
NET_EVENTS urllib.Request=581 socket.connect=581 socket.__new__=1164
RANGE bytes=0-1048575
RANGE bytes=0-2097151
RANGE bytes=0-4194303
RANGE bytes=40112363472-40120355069
RANGE bytes=40104335306-40112363463
RANGE bytes=40120355078-40128592716
RANGE bytes=40128592725-40136597564
RANGE bytes=40136597573-40144688380
RANGE bytes=40144688389-40152545934
RANGE bytes=40152545943-40155389391
RANGE bytes=40299015368-40307276126
RANGE bytes=40307276135-40315132755
RANGE bytes=40315132764-40323025672
RANGE bytes=40323025681-40330972308
RANGE bytes=40330972317-40339193583
RANGE bytes=40339193592-40347390449
RANGE bytes=40347390458-40349129980
RANGE bytes=40493095604-40501217783
RANGE bytes=40501217792-40509061244
RANGE bytes=40509061253-40517172225
RANGE bytes=40517172234-40525073507
RANGE bytes=40525073516-40533050995
RANGE bytes=40533051004-40541344961
RANGE bytes=40541344970-40543756451
RANGE bytes=40686086635-40694166937
RANGE bytes=40694166946-40702545566
RANGE bytes=40702545575-40710606864
RANGE bytes=40710606873-40718517728
RANGE bytes=40718517737-40726782731
RANGE bytes=40726782740-40734896207
RANGE bytes=40734896216-40736713210
RANGE bytes=40878492046-40886831229
RANGE bytes=40886831238-40895183303
RANGE bytes=40895183312-40903282873
RANGE bytes=40903282882-40911210162
RANGE bytes=40911210171-40919112400
RANGE bytes=40919112409-40927343328
RANGE bytes=40927343337-40929081847
RANGE bytes=41070263027-41078128338
RANGE bytes=41078128347-41086501570
RANGE bytes=41086501579-41094607189
RANGE bytes=41094607198-41102543832
RANGE bytes=41102543841-41110815373
RANGE bytes=41110815382-41118939348
RANGE bytes=41118939357-41120771785
RANGE bytes=41261717763-41269847223
RANGE bytes=41269847232-41277586717
RANGE bytes=41277586726-41285607445
RANGE bytes=41285607454-41293416698
RANGE bytes=41293416707-41301741370
RANGE bytes=41301741379-41309730773
RANGE bytes=41309730782-41312416711
RANGE bytes=41452735244-41460904007
RANGE bytes=41460904016-41469272253
RANGE bytes=41469272262-41477272117
RANGE bytes=41477272126-41485258404
RANGE bytes=41485258413-41493183458
RANGE bytes=41493183467-41501069676
RANGE bytes=41501069685-41503859284
RANGE bytes=41642949369-41651043405
RANGE bytes=41651043414-41659272824
RANGE bytes=41659272833-41667193937
RANGE bytes=41667193946-41675263034
RANGE bytes=41675263043-41683178571
RANGE bytes=41683178580-41691106201
RANGE bytes=41691106210-41693692218
RANGE bytes=41832699496-41840661623
RANGE bytes=41840661632-41848613273
RANGE bytes=41848613282-41856648964
RANGE bytes=41856648973-41864716592
RANGE bytes=41864716601-41872834591
RANGE bytes=41872834600-41880760985
RANGE bytes=41880760994-41883283231
RANGE bytes=42021719625-42030076051
RANGE bytes=42030076060-42037933897
RANGE bytes=42037933906-42045780869
RANGE bytes=42045780878-42053748824
RANGE bytes=42053748833-42062028449
RANGE bytes=42062028458-42070379594
RANGE bytes=42070379603-42071606618
RANGE bytes=42210043715-42217993208
RANGE bytes=42217993217-42225842005
RANGE bytes=42225842014-42233610667
RANGE bytes=42233610676-42241519293
RANGE bytes=42241519302-42249478504
RANGE bytes=42249478513-42257648389
RANGE bytes=42257648398-42259548712
RANGE bytes=42396456967-42404203993
RANGE bytes=42404204002-42412239805
RANGE bytes=42412239814-42420082321
RANGE bytes=42420082330-42428393970
RANGE bytes=42428393979-42436481825
RANGE bytes=42436481834-42444667324
RANGE bytes=42444667333-42445975135
RANGE bytes=42583737696-42591509514
RANGE bytes=42591509523-42599531677
RANGE bytes=42599531686-42607472285
RANGE bytes=42607472294-42615769650
RANGE bytes=42615769659-42623945939
RANGE bytes=42623945948-42632024350
RANGE bytes=42632024359-42633350676
RANGE bytes=42771193186-42779250458
RANGE bytes=42779250467-42787300999
RANGE bytes=42787301008-42795364449
RANGE bytes=42795364458-42803572986
RANGE bytes=42803572995-42811554037
RANGE bytes=42811554046-42819666386
RANGE bytes=42819666395-42821745570
RANGE bytes=42960086603-42968035773
RANGE bytes=42968035782-42975890907
RANGE bytes=42975890916-42983918442
RANGE bytes=42983918451-42991976216
RANGE bytes=42991976225-43000319720
RANGE bytes=43000319729-43008528413
RANGE bytes=43008528422-43009887877
RANGE bytes=43147269487-43155193882
RANGE bytes=43155193891-43163222211
RANGE bytes=43163222220-43171603789
RANGE bytes=43171603798-43179674616
RANGE bytes=43179674625-43187933868
RANGE bytes=43187933877-43196052010
RANGE bytes=43333023718-43341033642
RANGE bytes=43341033651-43349157397
RANGE bytes=43349157406-43357303069
RANGE bytes=43357303078-43365276983
RANGE bytes=43365276992-43373100769
RANGE bytes=43373100778-43381044578
RANGE bytes=43381044587-43381714701
RANGE bytes=43517216027-43525289113
RANGE bytes=43525289122-43533316342
RANGE bytes=43533316351-43541673995
RANGE bytes=43541674004-43549859017
RANGE bytes=43549859026-43557831814
RANGE bytes=43557831823-43563445644
RANGE bytes=43698004721-43706162829
RANGE bytes=43706162838-43714250201
RANGE bytes=43714250210-43722399709
RANGE bytes=43722399718-43730429806
RANGE bytes=43730429815-43738188298
RANGE bytes=43738188307-43746311673
RANGE bytes=43746311682-43747504996
RANGE bytes=43881490025-43889679813
RANGE bytes=43889679822-43897781176
RANGE bytes=43897781185-43905523991
RANGE bytes=43905524000-43913279405
RANGE bytes=43913279414-43921207165
RANGE bytes=43921207174-43929461174
RANGE bytes=43929461183-43931931105
RANGE bytes=44065401303-44073517431
RANGE bytes=44073517440-44081633783
RANGE bytes=44081633792-44089826366
RANGE bytes=44089826375-44097933858
RANGE bytes=44097933867-44106104562
RANGE bytes=44106104571-44114081363
RANGE bytes=44114081372-44115886892
RANGE bytes=44248779912-44257095600
RANGE bytes=44257095609-44265340818
RANGE bytes=44265340827-44273229159
RANGE bytes=44273229168-44281564295
RANGE bytes=44281564304-44289855255
RANGE bytes=44289855264-44298149793
RANGE bytes=44431111065-44439087139
RANGE bytes=44439087148-44446986214
RANGE bytes=44446986223-44455073631
RANGE bytes=44455073640-44463235686
RANGE bytes=44463235695-44471528197
RANGE bytes=44471528206-44479642341
RANGE bytes=44479642350-44480356081
RANGE bytes=44613175304-44621116967
RANGE bytes=44621116976-44629119416
RANGE bytes=44629119425-44637156849
RANGE bytes=44637156858-44645150668
RANGE bytes=44645150677-44652896198
RANGE bytes=44652896207-44661161379
RANGE bytes=44661161388-44662447667
RANGE bytes=44793523574-44801474652
RANGE bytes=44801474661-44809580234
RANGE bytes=44809580243-44817669947
RANGE bytes=44817669956-44826057251
RANGE bytes=44826057260-44834261186
RANGE bytes=44834261195-44841525237
RANGE bytes=44971526996-44979472275
RANGE bytes=44979472284-44987237477
RANGE bytes=44987237486-44995588229
RANGE bytes=44995588238-45003699102
RANGE bytes=45003699111-45011684603
RANGE bytes=45011684612-45018090815
RANGE bytes=45146338537-45154294138
RANGE bytes=45154294147-45162454667
RANGE bytes=45162454676-45170650050
RANGE bytes=45170650059-45178611881
RANGE bytes=45178611890-45186540557
RANGE bytes=45186540566-45191912763
RANGE bytes=45318620377-45326886122
RANGE bytes=45326886131-45334927083
RANGE bytes=45334927092-45342837363
RANGE bytes=45342837372-45350892811
RANGE bytes=45350892820-45359271595
RANGE bytes=45359271604-45364090834
RANGE bytes=45491085086-45499048033
RANGE bytes=45499048042-45506926046
RANGE bytes=45506926055-45515165832
RANGE bytes=45515165841-45523221408
RANGE bytes=45523221417-45531385931
RANGE bytes=45531385940-45536475056
RANGE bytes=45663105140-45671066840
RANGE bytes=45671066849-45679412499
RANGE bytes=45679412508-45687236720
RANGE bytes=45687236729-45695249732
RANGE bytes=45695249741-45703039696
RANGE bytes=45703039705-45707598314
RANGE bytes=45833199057-45841233342
RANGE bytes=45841233351-45849392707
RANGE bytes=45849392716-45857647896
RANGE bytes=45857647905-45865830091
RANGE bytes=45865830100-45873641248
RANGE bytes=45873641257-45876647602
RANGE bytes=46001250755-46009469095
RANGE bytes=46009469104-46017764010
RANGE bytes=46017764019-46025677409
RANGE bytes=46025677418-46033799570
RANGE bytes=46033799579-46041704154
RANGE bytes=46041704163-46045095776
RANGE bytes=46168801772-46176845680
RANGE bytes=46176845689-46184758733
RANGE bytes=46184758742-46192868483
RANGE bytes=46192868492-46200953029
RANGE bytes=46200953038-46209334426
RANGE bytes=46209334435-46212384133
RANGE bytes=46336696227-46344724368
RANGE bytes=46344724377-46352659881
RANGE bytes=46352659890-46360390300
RANGE bytes=46360390309-46368145037
RANGE bytes=46368145046-46376181581
RANGE bytes=46376181590-46380862627
RANGE bytes=46504628502-46512551670
RANGE bytes=46512551679-46520628664
RANGE bytes=46520628673-46528360098
RANGE bytes=46528360107-46536278820
RANGE bytes=46536278829-46544350111
RANGE bytes=46544350120-46549442990
RANGE bytes=46673289128-46681471014
RANGE bytes=46681471023-46689595756
RANGE bytes=46689595765-46697783829
RANGE bytes=46697783838-46705760163
RANGE bytes=46705760172-46713712724
RANGE bytes=46713712733-46717804794
RANGE bytes=46840466315-46848466160
RANGE bytes=46848466169-46856328785
RANGE bytes=46856328794-46864348527
RANGE bytes=46864348536-46872431365
RANGE bytes=46872431374-46880307356
RANGE bytes=46880307365-46883904891
RANGE bytes=47005442644-47013442432
RANGE bytes=47013442441-47021764098
RANGE bytes=47021764107-47029870957
RANGE bytes=47029870966-47038016565
RANGE bytes=47038016574-47046221093
RANGE bytes=47046221102-47048069828
RANGE bytes=47168402733-47176492735
RANGE bytes=47176492744-47184820334
RANGE bytes=47184820343-47192747331
RANGE bytes=47192747340-47200806230
RANGE bytes=47200806239-47209009522
RANGE bytes=47209009531-47209804061
RANGE bytes=47329735250-47337618950
RANGE bytes=47337618959-47345970242
RANGE bytes=47345970251-47353756867
RANGE bytes=47353756876-47361865232
RANGE bytes=47361865241-47370141999
RANGE bytes=47370142008-47370418446
RANGE bytes=47489762510-47497915388
RANGE bytes=47497915397-47505810287
RANGE bytes=47505810296-47513678558
RANGE bytes=47513678567-47521879973
RANGE bytes=47521879982-47530032522
RANGE bytes=47530032531-47530925820
RANGE bytes=47649525618-47657897570
RANGE bytes=47657897579-47666117103
RANGE bytes=47666117112-47673920698
RANGE bytes=47673920707-47681880150
RANGE bytes=47681880159-47689578257
RANGE bytes=47807613393-47815587684
RANGE bytes=47815587693-47823457823
RANGE bytes=47823457832-47831137042
RANGE bytes=47831137051-47839406609
RANGE bytes=47839406618-47847721172
RANGE bytes=47965719157-47973589549
RANGE bytes=47973589558-47981483398
RANGE bytes=47981483407-47989771043
RANGE bytes=47989771052-47998118558
RANGE bytes=47998118567-48006005393
RANGE bytes=48123506733-48131357558
RANGE bytes=48131357567-48139186111
RANGE bytes=48139186120-48147061542
RANGE bytes=48147061551-48155329602
RANGE bytes=48155329611-48163475490
RANGE bytes=48163475499-48163981702
RANGE bytes=48283630843-48291509541
RANGE bytes=48291509550-48299682365
RANGE bytes=48299682374-48307613892
RANGE bytes=48307613901-48315978932
RANGE bytes=48315978941-48324300808
RANGE bytes=48324300817-48324848344
RANGE bytes=48445921605-48453859381
RANGE bytes=48453859390-48461939405
RANGE bytes=48461939414-48470314493
RANGE bytes=48470314502-48478425848
RANGE bytes=48478425857-48486362964
RANGE bytes=48608354433-48616706908
RANGE bytes=48616706917-48624764246
RANGE bytes=48624764255-48632855429
RANGE bytes=48632855438-48640913770
RANGE bytes=48640913779-48648025044
RANGE bytes=48769253766-48777589894
RANGE bytes=48777589903-48785654080
RANGE bytes=48785654089-48793585141
RANGE bytes=48793585150-48801536439
RANGE bytes=48801536448-48808881930
RANGE bytes=48929972952-48937902012
RANGE bytes=48937902021-48945942043
RANGE bytes=48945942052-48953925346
RANGE bytes=48953925355-48961812122
RANGE bytes=48961812131-48969039768
RANGE bytes=49091052366-49099057886
RANGE bytes=49099057895-49107055803
RANGE bytes=49107055812-49115178813
RANGE bytes=49115178822-49123225925
RANGE bytes=49123225934-49130346678
RANGE bytes=49253402428-49261433649
RANGE bytes=49261433658-49269528539
RANGE bytes=49269528548-49277566318
RANGE bytes=49277566327-49285615672
RANGE bytes=49285615681-49293353623
RANGE bytes=49417113218-49425447710
RANGE bytes=49425447719-49433514944
RANGE bytes=49433514953-49441450382
RANGE bytes=49441450391-49449524081
RANGE bytes=49449524090-49456424509
RANGE bytes=49579916295-49588299098
RANGE bytes=49588299107-49596448764
RANGE bytes=49596448773-49604558046
RANGE bytes=49604558055-49612456394
RANGE bytes=49612456403-49618637110
RANGE bytes=49741038932-49748982279
RANGE bytes=49748982288-49756777633
RANGE bytes=49756777642-49765095568
RANGE bytes=49765095577-49773403828
RANGE bytes=49773403837-49780335349
RANGE bytes=49902230588-49910603796
RANGE bytes=49910603805-49918883690
RANGE bytes=49918883699-49926788739
RANGE bytes=49926788748-49934549740
RANGE bytes=49934549749-49942435343
RANGE bytes=50064050319-50071896580
RANGE bytes=50071896589-50079645477
RANGE bytes=50079645486-50087987342
RANGE bytes=50087987351-50095757366
RANGE bytes=50095757375-50103934971
RANGE bytes=50103934980-50104229696
RANGE bytes=50225534260-50233421131
RANGE bytes=50233421140-50241332355
RANGE bytes=50241332364-50249507681
RANGE bytes=50249507690-50257251862
RANGE bytes=50257251871-50265566648
RANGE bytes=50385054514-50392911655
RANGE bytes=50392911664-50400809823
RANGE bytes=50400809832-50408980331
RANGE bytes=50408980340-50416800566
RANGE bytes=50416800575-50424987695
RANGE bytes=50424987704-50425351088
RANGE bytes=50544061348-50552006171
RANGE bytes=50552006180-50560370871
RANGE bytes=50560370880-50568443830
RANGE bytes=50568443839-50576195258
RANGE bytes=50576195267-50584245512
RANGE bytes=50584245521-50584695935
RANGE bytes=50703306666-50711521950
RANGE bytes=50711521959-50719707736
RANGE bytes=50719707745-50727803183
RANGE bytes=50727803192-50735554615
RANGE bytes=50735554624-50743303092
RANGE bytes=50859420541-50867444331
RANGE bytes=50867444340-50875744356
RANGE bytes=50875744365-50884022452
RANGE bytes=50884022461-50892110151
RANGE bytes=50892110160-50900060790
RANGE bytes=51015636807-51023726643
RANGE bytes=51023726652-51032086281
RANGE bytes=51032086290-51040411621
RANGE bytes=51040411630-51048637201
RANGE bytes=51048637210-51056363035
RANGE bytes=51171907252-51179958809
RANGE bytes=51179958818-51187759766
RANGE bytes=51187759775-51195545194
RANGE bytes=51195545203-51203743715
RANGE bytes=51203743724-51211578249
RANGE bytes=51211578258-51212654136
RANGE bytes=51327002569-51335179676
RANGE bytes=51335179685-51343518510
RANGE bytes=51343518519-51351345032
RANGE bytes=51351345041-51359022423
RANGE bytes=51359022432-51367066104
RANGE bytes=51367066113-51367993547
RANGE bytes=51480361611-51488559779
RANGE bytes=51488559788-51496665242
RANGE bytes=51496665251-51504594397
RANGE bytes=51504594406-51512454103
RANGE bytes=51512454112-51520619210
RANGE bytes=51520619219-51521379730
RANGE bytes=51632344151-51640494654
RANGE bytes=51640494663-51648356911
RANGE bytes=51648356920-51656352974
RANGE bytes=51656352983-51664137426
RANGE bytes=51664137435-51672496385
RANGE bytes=51672496394-51673634003
RANGE bytes=51782768796-51790951387
RANGE bytes=51790951396-51798834852
RANGE bytes=51798834861-51806897634
RANGE bytes=51806897643-51814599417
RANGE bytes=51814599426-51822407986
RANGE bytes=51822407995-51824044867
RANGE bytes=51929799276-51937902972
RANGE bytes=51937902981-51945977071
RANGE bytes=51945977080-51953965336
RANGE bytes=51953965345-51962301995
RANGE bytes=51962302004-51970584489
RANGE bytes=51970584498-51970871519
RANGE bytes=52075780415-52083672530
RANGE bytes=52083672539-52091752999
RANGE bytes=52091753008-52099991627
RANGE bytes=52099991636-52108310853
RANGE bytes=52108310862-52116552555
RANGE bytes=52116552564-52116792299
RANGE bytes=52220959117-52229204435
RANGE bytes=52229204444-52237388754
RANGE bytes=52237388763-52245616624
RANGE bytes=52245616633-52253344989
RANGE bytes=52253344998-52261541826
RANGE bytes=52363885021-52371848661
RANGE bytes=52371848670-52379836325
RANGE bytes=52379836334-52387945475
RANGE bytes=52387945484-52395722686
RANGE bytes=52395722695-52403700388
RANGE bytes=52403700397-52404232147
RANGE bytes=52504734847-52512647969
RANGE bytes=52512647978-52520761370
RANGE bytes=52520761379-52528816167
RANGE bytes=52528816176-52536606652
RANGE bytes=52536606661-52544762551
RANGE bytes=52644763123-52653018497
RANGE bytes=52653018506-52661317885
RANGE bytes=52661317894-52669534097
RANGE bytes=52669534106-52677279954
RANGE bytes=52677279963-52684637557
RANGE bytes=52785431836-52793704028
RANGE bytes=52793704037-52802075690
RANGE bytes=52802075699-52810211709
RANGE bytes=52810211718-52818575905
RANGE bytes=52818575914-52825075634
RANGE bytes=52926147081-52934124585
RANGE bytes=52934124594-52941852959
RANGE bytes=52941852968-52950051610
RANGE bytes=52950051619-52957820776
RANGE bytes=52957820785-52965933145
RANGE bytes=52965933154-52966446369
RANGE bytes=53068128686-53076263773
RANGE bytes=53076263782-53084046576
RANGE bytes=53084046585-53092327276
RANGE bytes=53092327285-53100077935
RANGE bytes=53100077944-53108057129
RANGE bytes=53208823146-53216626047
RANGE bytes=53216626056-53224337400
RANGE bytes=53224337409-53232652338
RANGE bytes=53232652347-53240461952
RANGE bytes=53240461961-53248374404
RANGE bytes=53347645659-53355517867
RANGE bytes=53355517876-53363893091
RANGE bytes=53363893100-53372261331
RANGE bytes=53372261340-53380004266
RANGE bytes=53380004275-53386928890
RANGE bytes=53484170341-53492356516
RANGE bytes=53492356525-53500258193
RANGE bytes=53500258202-53508615178
RANGE bytes=53508615187-53516341703
RANGE bytes=53516341712-53522385441
RANGE bytes=53617065946-53625415692
RANGE bytes=53625415701-53633254074
RANGE bytes=53633254083-53641629844
RANGE bytes=53641629853-53649353186
RANGE bytes=53649353195-53655172714
RANGE bytes=53749266296-53757206391
RANGE bytes=53757206400-53765546381
RANGE bytes=53765546390-53773799493
RANGE bytes=53773799502-53781597984
RANGE bytes=53781597993-53787298128
RANGE bytes=53880505161-53888413216
RANGE bytes=53888413225-53896276042
RANGE bytes=53896276051-53904419523
RANGE bytes=53904419532-53912099773
RANGE bytes=53912099782-53918500220
RANGE bytes=54011904833-54019652150
RANGE bytes=54019652159-54027951383
RANGE bytes=54027951392-54036283131
RANGE bytes=54036283140-54043995631
RANGE bytes=54043995640-54049749777
RANGE bytes=54144564285-54152917422
RANGE bytes=54152917431-54160938538
RANGE bytes=54160938547-54169287017
RANGE bytes=54169287026-54177595332
RANGE bytes=54177595341-54182640911
RANGE bytes=54277677429-54285652789
RANGE bytes=54285652798-54293979418
RANGE bytes=54293979427-54301665481
RANGE bytes=54301665490-54309908424
RANGE bytes=54309908433-54315643884
RANGE bytes=54409768039-54417930248
RANGE bytes=54417930257-54426259455
RANGE bytes=54426259464-54433950314
RANGE bytes=54433950323-54441688478
RANGE bytes=54441688487-54448139524
RANGE bytes=54541100987-54549409064
RANGE bytes=54549409073-54557576821
RANGE bytes=54557576830-54565961632
RANGE bytes=54565961641-54573713306
RANGE bytes=54573713315-54579380518
RANGE bytes=54672477462-54680214863
RANGE bytes=54680214872-54688541042
RANGE bytes=54688541051-54696912089
RANGE bytes=54696912098-54705278868
RANGE bytes=54705278877-54710464563
RANGE bytes=54804065200-54811919378
RANGE bytes=54811919387-54819791811
RANGE bytes=54819791820-54828079549
RANGE bytes=54828079558-54836441116
RANGE bytes=54836441125-54842399143
RANGE bytes=54934344714-54942355940
RANGE bytes=54942355949-54950701369
RANGE bytes=54950701378-54959040239
RANGE bytes=54959040248-54966742580
RANGE bytes=54966742589-54972265614
RANGE bytes=55061461371-55069477519
RANGE bytes=55069477528-55077224385
RANGE bytes=55077224394-55085456188
RANGE bytes=55085456197-55093230650
RANGE bytes=55093230659-55099088925
RANGE bytes=55188931927-55196815930
RANGE bytes=55196815939-55204606674
RANGE bytes=55204606683-55212324685
RANGE bytes=55212324694-55220154913
RANGE bytes=55220154922-55226408385
RANGE bytes=55315862945-55323890940
RANGE bytes=55323890949-55331659152
RANGE bytes=55331659161-55339348307
RANGE bytes=55339348316-55347187612
RANGE bytes=55347187621-55353231904
RANGE bytes=55442360281-55450138739
RANGE bytes=55450138748-55458044830
RANGE bytes=55458044839-55465772196
RANGE bytes=55465772205-55473716388
RANGE bytes=55473716397-55479394723
RANGE bytes=55570072983-55577932162
RANGE bytes=55577932171-55585916538
RANGE bytes=55585916547-55594217835
RANGE bytes=55594217844-55602297308
RANGE bytes=55602297317-55606994977
RANGE bytes=55700081793-55707900284
RANGE bytes=55707900293-55716221145
RANGE bytes=55716221154-55724400647
RANGE bytes=55724400656-55732347993
RANGE bytes=55732348002-55735920235
RANGE bytes=55830211831-55838416554
RANGE bytes=55838416563-55846508326
RANGE bytes=55846508335-55854690147
RANGE bytes=55854690156-55862534842
RANGE bytes=55862534851-55864600006
RANGE bytes=55959252416-55967270369
RANGE bytes=55967270378-55975077368
RANGE bytes=55975077377-55983126371
RANGE bytes=55983126380-55991078879
RANGE bytes=55991078888-55993433763
      266.92 real        18.38 user        35.00 sys
           690044928  maximum resident set size
                   0  average shared memory size
                   0  average unshared data size
                   0  average unshared stack size
              348395  page reclaims
                 102  page faults
                   0  swaps
                   0  block input operations
                   0  block output operations
                6194  messages sent
             1010542  messages received
                   0  signals received
                2984  voluntary context switches
              831316  involuntary context switches
         83486088974  instructions retired
         79741899544  cycles elapsed
           665421048  peak memory footprint
