13,225,932 of 107,978,922 bytes
26,417,763 of 107,978,922 bytes
33,094,500 of 107,978,922 bytes
46,412,523 of 107,978,922 bytes
59,907,833 of 107,978,922 bytes
66,639,122 of 107,978,922 bytes
80,396,074 of 107,978,922 bytes
87,144,371 of 107,978,922 bytes
101,029,978 of 107,978,922 bytes
107,978,922 of 107,978,922 bytes
NET_EVENTS urllib.Request=19 socket.connect=19 socket.__new__=40
RANGE bytes=0-1048575
RANGE bytes=0-2097151
RANGE bytes=0-4194303
RANGE bytes=53630790359-53637478863
RANGE bytes=53763074747-53769707790
RANGE bytes=53894443931-53901036818
RANGE bytes=54025489488-54032093552
RANGE bytes=54158406266-54165012154
RANGE bytes=54291397708-54298109841
RANGE bytes=54423689459-54430366195
RANGE bytes=54555048267-54561636032
RANGE bytes=54686588113-54693319401
RANGE bytes=54818449724-54825229506
RANGE bytes=54948730683-54955478979
RANGE bytes=55075837822-55082644626
RANGE bytes=55203255343-55210232511
RANGE bytes=55330283096-55337253405
RANGE bytes=55456701924-55463650867
RANGE bytes=55584558204-55591473500
real 14.43
user 0.73
sys 0.81
