6,748,297 of 54,877,894 bytes
13,555,102 of 54,877,894 bytes
20,334,885 of 54,877,894 bytes
27,305,195 of 54,877,894 bytes
34,254,139 of 54,877,894 bytes
41,231,308 of 54,877,894 bytes
48,146,605 of 54,877,894 bytes
54,877,894 of 54,877,894 bytes
NET_EVENTS urllib.Request=9 socket.connect=9 socket.__new__=20
RANGE bytes=0-4194303
RANGE bytes=54686588113-54693319401
RANGE bytes=54818449724-54825229506
RANGE bytes=54948730683-54955478979
RANGE bytes=55075837822-55082644626
RANGE bytes=55203255343-55210232511
RANGE bytes=55330283096-55337253405
RANGE bytes=55456701924-55463650867
RANGE bytes=55584558204-55591473500
real 11.18
user 0.57
sys 0.62
