79 features kept, 342 dropped outside, 35 clipped, 0 empty skipped
15846 input vertices, 8242 noded vertices
15989 start quality nodes inserted, 2442 start quality skips, 534 constraint feet, 0 feet refused, 17 rounds, 17879 points inserted, 39582 flips, 83171 triangles, achieved max error 9.999732907715497 m, 0 valid DEM nodes not covered, 15614 start triangles, 8242 start vertices off-node, 0 vertices without data dropped
mosaic of 2 tiles, 2195 x 3314 nodes
        2.23 real         2.56 user         0.21 sys
           776355840  maximum resident set size
                   0  average shared memory size
                   0  average unshared data size
                   0  average unshared stack size
               67674  page reclaims
                  44  page faults
                   0  swaps
                   0  block input operations
                   0  block output operations
                   0  messages sent
                   0  messages received
                   0  signals received
                   0  voluntary context switches
                 564  involuntary context switches
         39056894174  instructions retired
          8846481892  cycles elapsed
           753927224  peak memory footprint
