1202 start quality nodes inserted, 145 start quality skips, 212 constraint feet, 0 feet refused, 28 rounds, 24634 points inserted, 60095 flips, 52198 triangles, achieved max error 9.999777071593144 m, 0 valid DEM nodes not covered, 738 start triangles, 740 start vertices off-node, 0 vertices without data dropped
mosaic of 2 tiles, 2195 x 3314 nodes
        0.63 real         1.06 user         0.15 sys
           643219456  maximum resident set size
                   0  average shared memory size
                   0  average unshared data size
                   0  average unshared stack size
               46851  page reclaims
                 109  page faults
                   0  swaps
                   0  block input operations
                   0  block output operations
                   0  messages sent
                   0  messages received
                   0  signals received
                   5  voluntary context switches
                 718  involuntary context switches
         14372415862  instructions retired
          3738694731  cycles elapsed
           620053416  peak memory footprint
