10789 start quality nodes inserted, 1841 start quality skips, 21 constraint feet, 0 feet refused, 22 rounds, 22612 points inserted, 54390 flips, 72292 triangles, achieved max error 9.99996099528471 m, 0 valid DEM nodes not covered, 5511 start triangles, 5513 start vertices off-node, 0 vertices without data dropped
mosaic of 2 tiles, 2195 x 3314 nodes
        0.66 real         1.08 user         0.14 sys
           646496256  maximum resident set size
                   0  average shared memory size
                   0  average unshared data size
                   0  average unshared stack size
               47915  page reclaims
                  66  page faults
                   0  swaps
                   0  block input operations
                   0  block output operations
                   0  messages sent
                   0  messages received
                   0  signals received
                   4  voluntary context switches
                 630  involuntary context switches
         14655662506  instructions retired
          3816662932  cycles elapsed
           623330216  peak memory footprint
