10789 start quality nodes inserted, 1841 start quality skips, 84 constraint feet, 0 feet refused, 33 rounds, 555349 points inserted, 1193738 flips, 1137703 triangles, achieved max error 1 m, 0 valid DEM nodes not covered, 5511 start triangles, 5513 start vertices off-node, 0 vertices without data dropped
mosaic of 2 tiles, 2195 x 3314 nodes
        1.38 real         2.43 user         0.19 sys
           941096960  maximum resident set size
                   0  average shared memory size
                   0  average unshared data size
                   0  average unshared stack size
               68102  page reclaims
                  44  page faults
                   0  swaps
                   0  block input operations
                   0  block output operations
                   0  messages sent
                   0  messages received
                   0  signals received
                  16  voluntary context switches
                 920  involuntary context switches
         23952962455  instructions retired
          8052110280  cycles elapsed
           919422176  peak memory footprint
