1202 start quality nodes inserted, 145 start quality skips, 1254 constraint feet, 0 feet refused, 36 rounds, 563569 points inserted, 1218749 flips, 1129026 triangles, achieved max error 1 m, 0 valid DEM nodes not covered, 738 start triangles, 740 start vertices off-node, 0 vertices without data dropped
mosaic of 2 tiles, 2195 x 3314 nodes
        1.39 real         2.42 user         0.21 sys
           923910144  maximum resident set size
                   0  average shared memory size
                   0  average unshared data size
                   0  average unshared stack size
               66791  page reclaims
                  44  page faults
                   0  swaps
                   0  block input operations
                   0  block output operations
                   0  messages sent
                   0  messages received
                   0  signals received
                  13  voluntary context switches
                1458  involuntary context switches
         23881754846  instructions retired
          8078512563  cycles elapsed
           902202544  peak memory footprint
