10789 start quality nodes inserted, 1841 start quality skips, 84 constraint feet, 0 feet refused, 33 rounds, 555349 points inserted, 1193738 flips, 1137703 triangles, achieved max error 1 m, 0 valid DEM nodes not covered, 5511 start triangles, 5513 start vertices off-node, 0 vertices without data dropped
mosaic of 2 tiles, 2195 x 3314 nodes
        1.36 real         2.43 user         0.19 sys
           942112768  maximum resident set size
                   0  average shared memory size
                   0  average unshared data size
                   0  average unshared stack size
               68222  page reclaims
                  44  page faults
                   0  swaps
                   0  block input operations
                   0  block output operations
                   0  messages sent
                   0  messages received
                   0  signals received
                  10  voluntary context switches
                 921  involuntary context switches
         23941825764  instructions retired
          8019935151  cycles elapsed
           920421576  peak memory footprint
