2026-10-07T18:06:20Z start lagan-nofeet-r0  -InternalBattery-0 (id=24117347)	100%; charged; 0:00 remaining present: true
2026-10-07T18:07:33Z end lagan-nofeet-r0 exit 0  -InternalBattery-0 (id=24117347)	100%; charged; 0:00 remaining present: true
2026-10-07T18:07:33Z start lagan-headm1-r0  -InternalBattery-0 (id=24117347)	100%; charged; 0:00 remaining present: true
2026-10-07T18:08:46Z end lagan-headm1-r0 exit 0  -InternalBattery-0 (id=24117347)	100%; charged; 0:00 remaining present: true
2026-10-07T18:08:46Z start lagan-head-r0  -InternalBattery-0 (id=24117347)	100%; charged; 0:00 remaining present: true
2026-10-07T18:09:59Z end lagan-head-r0 exit 0  -InternalBattery-0 (id=24117347)	100%; charged; 0:00 remaining present: true
2026-10-07T18:09:59Z start lagan-base-r0  -InternalBattery-0 (id=24117347)	100%; charged; 0:00 remaining present: true
2026-10-07T18:11:13Z end lagan-base-r0 exit 0  -InternalBattery-0 (id=24117347)	100%; charged; 0:00 remaining present: true
2026-10-07T18:11:13Z start numed-nofeet-r0  -InternalBattery-0 (id=24117347)	100%; charged; 0:00 remaining present: true
2026-10-07T18:11:21Z end numed-nofeet-r0 exit 0  -InternalBattery-0 (id=24117347)	100%; charged; 0:00 remaining present: true
2026-10-07T18:11:21Z start numed-headm1-r0  -InternalBattery-0 (id=24117347)	100%; charged; 0:00 remaining present: true
2026-10-07T18:11:30Z end numed-headm1-r0 exit 0  -InternalBattery-0 (id=24117347)	100%; charged; 0:00 remaining present: true
2026-10-07T18:11:30Z start numed-head-r0  -InternalBattery-0 (id=24117347)	100%; charged; 0:00 remaining present: true
2026-10-07T18:11:38Z end numed-head-r0 exit 0  -InternalBattery-0 (id=24117347)	100%; charged; 0:00 remaining present: true
2026-10-07T18:11:38Z start numed-base-r0  -InternalBattery-0 (id=24117347)	100%; charged; 0:00 remaining present: true
2026-10-07T18:11:47Z end numed-base-r0 exit 0  -InternalBattery-0 (id=24117347)	100%; charged; 0:00 remaining present: true
2026-10-07T18:11:47Z start tile-nofeet-r0  -InternalBattery-0 (id=24117347)	100%; charged; 0:00 remaining present: true
2026-10-07T18:11:49Z end tile-nofeet-r0 exit 0  -InternalBattery-0 (id=24117347)	100%; charged; 0:00 remaining present: true
2026-10-07T18:11:49Z start tile-headm1-r0  -InternalBattery-0 (id=24117347)	100%; charged; 0:00 remaining present: true
2026-10-07T18:11:52Z end tile-headm1-r0 exit 0  -InternalBattery-0 (id=24117347)	100%; charged; 0:00 remaining present: true
2026-10-07T18:11:52Z start tile-head-r0  -InternalBattery-0 (id=24117347)	100%; charged; 0:00 remaining present: true
2026-10-07T18:11:55Z end tile-head-r0 exit 0  -InternalBattery-0 (id=24117347)	100%; charged; 0:00 remaining present: true
2026-10-07T18:11:55Z start tile-base-r0  -InternalBattery-0 (id=24117347)	100%; charged; 0:00 remaining present: true
2026-10-07T18:11:58Z end tile-base-r0 exit 0  -InternalBattery-0 (id=24117347)	100%; charged; 0:00 remaining present: true
2026-10-07T18:11:58Z start tile-base-r1  -InternalBattery-0 (id=24117347)	100%; charged; 0:00 remaining present: true
2026-10-07T18:12:00Z end tile-base-r1 exit 0  -InternalBattery-0 (id=24117347)	100%; charged; 0:00 remaining present: true
2026-10-07T18:12:00Z start tile-head-r1  -InternalBattery-0 (id=24117347)	100%; charged; 0:00 remaining present: true
2026-10-07T18:12:03Z end tile-head-r1 exit 0  -InternalBattery-0 (id=24117347)	100%; charged; 0:00 remaining present: true
2026-10-07T18:12:03Z start tile-headm1-r1  -InternalBattery-0 (id=24117347)	100%; charged; 0:00 remaining present: true
2026-10-07T18:12:06Z end tile-headm1-r1 exit 0  -InternalBattery-0 (id=24117347)	100%; charged; 0:00 remaining present: true
2026-10-07T18:12:06Z start tile-nofeet-r1  -InternalBattery-0 (id=24117347)	100%; charged; 0:00 remaining present: true
2026-10-07T18:12:09Z end tile-nofeet-r1 exit 0  -InternalBattery-0 (id=24117347)	100%; charged; 0:00 remaining present: true
2026-10-07T18:12:09Z start numed-base-r1  -InternalBattery-0 (id=24117347)	100%; charged; 0:00 remaining present: true
2026-10-07T18:12:17Z end numed-base-r1 exit 0  -InternalBattery-0 (id=24117347)	100%; charged; 0:00 remaining present: true
2026-10-07T18:12:17Z start numed-head-r1  -InternalBattery-0 (id=24117347)	100%; charged; 0:00 remaining present: true
2026-10-07T18:12:25Z end numed-head-r1 exit 0  -InternalBattery-0 (id=24117347)	100%; charged; 0:00 remaining present: true
2026-10-07T18:12:25Z start numed-headm1-r1  -InternalBattery-0 (id=24117347)	100%; charged; 0:00 remaining present: true
2026-10-07T18:12:34Z end numed-headm1-r1 exit 0  -InternalBattery-0 (id=24117347)	100%; charged; 0:00 remaining present: true
2026-10-07T18:12:34Z start numed-nofeet-r1  -InternalBattery-0 (id=24117347)	100%; charged; 0:00 remaining present: true
2026-10-07T18:12:42Z end numed-nofeet-r1 exit 0  -InternalBattery-0 (id=24117347)	100%; charged; 0:00 remaining present: true
2026-10-07T18:12:42Z start lagan-base-r1  -InternalBattery-0 (id=24117347)	100%; charged; 0:00 remaining present: true
2026-10-07T18:13:55Z end lagan-base-r1 exit 0  -InternalBattery-0 (id=24117347)	100%; charged; 0:00 remaining present: true
2026-10-07T18:13:55Z start lagan-head-r1  -InternalBattery-0 (id=24117347)	100%; charged; 0:00 remaining present: true
2026-10-07T18:15:09Z end lagan-head-r1 exit 0  -InternalBattery-0 (id=24117347)	100%; charged; 0:00 remaining present: true
2026-10-07T18:15:09Z start lagan-headm1-r1  -InternalBattery-0 (id=24117347)	100%; charged; 0:00 remaining present: true
2026-10-07T18:16:22Z end lagan-headm1-r1 exit 0  -InternalBattery-0 (id=24117347)	100%; charged; 0:00 remaining present: true
2026-10-07T18:16:22Z start lagan-nofeet-r1  -InternalBattery-0 (id=24117347)	100%; charged; 0:00 remaining present: true
2026-10-07T18:17:36Z end lagan-nofeet-r1 exit 0  -InternalBattery-0 (id=24117347)	100%; charged; 0:00 remaining present: true
2026-10-07T18:17:36Z start lagan-nofeet-r2  -InternalBattery-0 (id=24117347)	100%; charged; 0:00 remaining present: true
2026-10-07T18:18:50Z end lagan-nofeet-r2 exit 0  -InternalBattery-0 (id=24117347)	100%; charged; 0:00 remaining present: true
2026-10-07T18:18:50Z start lagan-headm1-r2  -InternalBattery-0 (id=24117347)	100%; charged; 0:00 remaining present: true
2026-10-07T18:20:03Z end lagan-headm1-r2 exit 0  -InternalBattery-0 (id=24117347)	100%; charged; 0:00 remaining present: true
2026-10-07T18:20:03Z start lagan-head-r2  -InternalBattery-0 (id=24117347)	100%; charged; 0:00 remaining present: true
2026-10-07T18:21:17Z end lagan-head-r2 exit 0  -InternalBattery-0 (id=24117347)	100%; charged; 0:00 remaining present: true
2026-10-07T18:21:17Z start lagan-base-r2  -InternalBattery-0 (id=24117347)	100%; charged; 0:00 remaining present: true
2026-10-07T18:22:30Z end lagan-base-r2 exit 0  -InternalBattery-0 (id=24117347)	100%; charged; 0:00 remaining present: true
2026-10-07T18:22:30Z start numed-nofeet-r2  -InternalBattery-0 (id=24117347)	100%; charged; 0:00 remaining present: true
2026-10-07T18:22:38Z end numed-nofeet-r2 exit 0  -InternalBattery-0 (id=24117347)	100%; charged; 0:00 remaining present: true
2026-10-07T18:22:38Z start numed-headm1-r2  -InternalBattery-0 (id=24117347)	100%; charged; 0:00 remaining present: true
2026-10-07T18:22:47Z end numed-headm1-r2 exit 0  -InternalBattery-0 (id=24117347)	100%; charged; 0:00 remaining present: true
2026-10-07T18:22:47Z start numed-head-r2  -InternalBattery-0 (id=24117347)	100%; charged; 0:00 remaining present: true
2026-10-07T18:22:55Z end numed-head-r2 exit 0  -InternalBattery-0 (id=24117347)	100%; charged; 0:00 remaining present: true
2026-10-07T18:22:55Z start numed-base-r2  -InternalBattery-0 (id=24117347)	100%; charged; 0:00 remaining present: true
2026-10-07T18:23:04Z end numed-base-r2 exit 0  -InternalBattery-0 (id=24117347)	100%; charged; 0:00 remaining present: true
2026-10-07T18:23:04Z start tile-nofeet-r2  -InternalBattery-0 (id=24117347)	100%; charged; 0:00 remaining present: true
2026-10-07T18:23:07Z end tile-nofeet-r2 exit 0  -InternalBattery-0 (id=24117347)	100%; charged; 0:00 remaining present: true
2026-10-07T18:23:07Z start tile-headm1-r2  -InternalBattery-0 (id=24117347)	100%; charged; 0:00 remaining present: true
2026-10-07T18:23:09Z end tile-headm1-r2 exit 0  -InternalBattery-0 (id=24117347)	100%; charged; 0:00 remaining present: true
2026-10-07T18:23:09Z start tile-head-r2  -InternalBattery-0 (id=24117347)	100%; charged; 0:00 remaining present: true
2026-10-07T18:23:12Z end tile-head-r2 exit 0  -InternalBattery-0 (id=24117347)	100%; charged; 0:00 remaining present: true
2026-10-07T18:23:12Z start tile-base-r2  -InternalBattery-0 (id=24117347)	100%; charged; 0:00 remaining present: true
2026-10-07T18:23:15Z end tile-base-r2 exit 0  -InternalBattery-0 (id=24117347)	100%; charged; 0:00 remaining present: true
2026-10-07T18:23:15Z start tile-base-r3  -InternalBattery-0 (id=24117347)	100%; charged; 0:00 remaining present: true
2026-10-07T18:23:18Z end tile-base-r3 exit 0  -InternalBattery-0 (id=24117347)	100%; charged; 0:00 remaining present: true
2026-10-07T18:23:18Z start tile-head-r3  -InternalBattery-0 (id=24117347)	100%; charged; 0:00 remaining present: true
2026-10-07T18:23:20Z end tile-head-r3 exit 0  -InternalBattery-0 (id=24117347)	100%; charged; 0:00 remaining present: true
2026-10-07T18:23:20Z start tile-headm1-r3  -InternalBattery-0 (id=24117347)	100%; charged; 0:00 remaining present: true
2026-10-07T18:23:23Z end tile-headm1-r3 exit 0  -InternalBattery-0 (id=24117347)	100%; charged; 0:00 remaining present: true
2026-10-07T18:23:23Z start tile-nofeet-r3  -InternalBattery-0 (id=24117347)	100%; charged; 0:00 remaining present: true
2026-10-07T18:23:26Z end tile-nofeet-r3 exit 0  -InternalBattery-0 (id=24117347)	100%; charged; 0:00 remaining present: true
2026-10-07T18:23:26Z start numed-base-r3  -InternalBattery-0 (id=24117347)	100%; charged; 0:00 remaining present: true
2026-10-07T18:23:34Z end numed-base-r3 exit 0  -InternalBattery-0 (id=24117347)	100%; charged; 0:00 remaining present: true
2026-10-07T18:23:34Z start numed-head-r3  -InternalBattery-0 (id=24117347)	100%; charged; 0:00 remaining present: true
2026-10-07T18:23:43Z end numed-head-r3 exit 0  -InternalBattery-0 (id=24117347)	100%; charged; 0:00 remaining present: true
2026-10-07T18:23:43Z start numed-headm1-r3  -InternalBattery-0 (id=24117347)	100%; charged; 0:00 remaining present: true
2026-10-07T18:23:51Z end numed-headm1-r3 exit 0  -InternalBattery-0 (id=24117347)	100%; charged; 0:00 remaining present: true
2026-10-07T18:23:51Z start numed-nofeet-r3  -InternalBattery-0 (id=24117347)	100%; charged; 0:00 remaining present: true
2026-10-07T18:23:59Z end numed-nofeet-r3 exit 0  -InternalBattery-0 (id=24117347)	100%; charged; 0:00 remaining present: true
2026-10-07T18:23:59Z start lagan-base-r3  -InternalBattery-0 (id=24117347)	100%; charged; 0:00 remaining present: true
2026-10-07T18:25:13Z end lagan-base-r3 exit 0  -InternalBattery-0 (id=24117347)	100%; charged; 0:00 remaining present: true
2026-10-07T18:25:13Z start lagan-head-r3  -InternalBattery-0 (id=24117347)	100%; charged; 0:00 remaining present: true
2026-10-07T18:26:27Z end lagan-head-r3 exit 0  -InternalBattery-0 (id=24117347)	100%; charged; 0:00 remaining present: true
2026-10-07T18:26:27Z start lagan-headm1-r3  -InternalBattery-0 (id=24117347)	100%; charged; 0:00 remaining present: true
2026-10-07T18:27:40Z end lagan-headm1-r3 exit 0  -InternalBattery-0 (id=24117347)	100%; charged; 0:00 remaining present: true
2026-10-07T18:27:40Z start lagan-nofeet-r3  -InternalBattery-0 (id=24117347)	100%; charged; 0:00 remaining present: true
2026-10-07T18:28:53Z end lagan-nofeet-r3 exit 0  -InternalBattery-0 (id=24117347)	100%; charged; 0:00 remaining present: true
2026-10-07T18:28:53Z start lagan-nofeet-r4  -InternalBattery-0 (id=24117347)	100%; charged; 0:00 remaining present: true
2026-10-07T18:30:06Z end lagan-nofeet-r4 exit 0  -InternalBattery-0 (id=24117347)	100%; charged; 0:00 remaining present: true
2026-10-07T18:30:06Z start lagan-headm1-r4  -InternalBattery-0 (id=24117347)	100%; charged; 0:00 remaining present: true
2026-10-07T18:31:20Z end lagan-headm1-r4 exit 0  -InternalBattery-0 (id=24117347)	100%; charged; 0:00 remaining present: true
2026-10-07T18:31:20Z start lagan-head-r4  -InternalBattery-0 (id=24117347)	100%; charged; 0:00 remaining present: true
2026-10-07T18:32:33Z end lagan-head-r4 exit 0  -InternalBattery-0 (id=24117347)	100%; charged; 0:00 remaining present: true
2026-10-07T18:32:33Z start lagan-base-r4  -InternalBattery-0 (id=24117347)	100%; charged; 0:00 remaining present: true
2026-10-07T18:33:47Z end lagan-base-r4 exit 0  -InternalBattery-0 (id=24117347)	100%; charged; 0:00 remaining present: true
2026-10-07T18:33:47Z start numed-nofeet-r4  -InternalBattery-0 (id=24117347)	100%; charged; 0:00 remaining present: true
2026-10-07T18:33:55Z end numed-nofeet-r4 exit 0  -InternalBattery-0 (id=24117347)	100%; charged; 0:00 remaining present: true
2026-10-07T18:33:55Z start numed-headm1-r4  -InternalBattery-0 (id=24117347)	100%; charged; 0:00 remaining present: true
2026-10-07T18:34:03Z end numed-headm1-r4 exit 0  -InternalBattery-0 (id=24117347)	100%; charged; 0:00 remaining present: true
2026-10-07T18:34:03Z start numed-head-r4  -InternalBattery-0 (id=24117347)	100%; charged; 0:00 remaining present: true
2026-10-07T18:34:11Z end numed-head-r4 exit 0  -InternalBattery-0 (id=24117347)	100%; charged; 0:00 remaining present: true
2026-10-07T18:34:12Z start numed-base-r4  -InternalBattery-0 (id=24117347)	100%; charged; 0:00 remaining present: true
2026-10-07T18:34:20Z end numed-base-r4 exit 0  -InternalBattery-0 (id=24117347)	100%; charged; 0:00 remaining present: true
2026-10-07T18:34:20Z start tile-nofeet-r4  -InternalBattery-0 (id=24117347)	100%; charged; 0:00 remaining present: true
2026-10-07T18:34:23Z end tile-nofeet-r4 exit 0  -InternalBattery-0 (id=24117347)	100%; charged; 0:00 remaining present: true
2026-10-07T18:34:23Z start tile-headm1-r4  -InternalBattery-0 (id=24117347)	100%; charged; 0:00 remaining present: true
2026-10-07T18:34:25Z end tile-headm1-r4 exit 0  -InternalBattery-0 (id=24117347)	100%; charged; 0:00 remaining present: true
2026-10-07T18:34:25Z start tile-head-r4  -InternalBattery-0 (id=24117347)	100%; charged; 0:00 remaining present: true
2026-10-07T18:34:28Z end tile-head-r4 exit 0  -InternalBattery-0 (id=24117347)	100%; charged; 0:00 remaining present: true
2026-10-07T18:34:28Z start tile-base-r4  -InternalBattery-0 (id=24117347)	100%; charged; 0:00 remaining present: true
2026-10-07T18:34:31Z end tile-base-r4 exit 0  -InternalBattery-0 (id=24117347)	100%; charged; 0:00 remaining present: true
2026-10-07T18:34:31Z start tile-base-r5  -InternalBattery-0 (id=24117347)	100%; charged; 0:00 remaining present: true
2026-10-07T18:34:34Z end tile-base-r5 exit 0  -InternalBattery-0 (id=24117347)	100%; charged; 0:00 remaining present: true
2026-10-07T18:34:34Z start tile-head-r5  -InternalBattery-0 (id=24117347)	100%; charged; 0:00 remaining present: true
2026-10-07T18:34:36Z end tile-head-r5 exit 0  -InternalBattery-0 (id=24117347)	100%; charged; 0:00 remaining present: true
2026-10-07T18:34:36Z start tile-headm1-r5  -InternalBattery-0 (id=24117347)	100%; charged; 0:00 remaining present: true
2026-10-07T18:34:39Z end tile-headm1-r5 exit 0  -InternalBattery-0 (id=24117347)	100%; charged; 0:00 remaining present: true
2026-10-07T18:34:39Z start tile-nofeet-r5  -InternalBattery-0 (id=24117347)	100%; charged; 0:00 remaining present: true
2026-10-07T18:34:42Z end tile-nofeet-r5 exit 0  -InternalBattery-0 (id=24117347)	100%; charged; 0:00 remaining present: true
2026-10-07T18:34:42Z start numed-base-r5  -InternalBattery-0 (id=24117347)	100%; charged; 0:00 remaining present: true
2026-10-07T18:34:50Z end numed-base-r5 exit 0  -InternalBattery-0 (id=24117347)	100%; charged; 0:00 remaining present: true
2026-10-07T18:34:50Z start numed-head-r5  -InternalBattery-0 (id=24117347)	100%; charged; 0:00 remaining present: true
2026-10-07T18:34:59Z end numed-head-r5 exit 0  -InternalBattery-0 (id=24117347)	100%; charged; 0:00 remaining present: true
2026-10-07T18:34:59Z start numed-headm1-r5  -InternalBattery-0 (id=24117347)	100%; charged; 0:00 remaining present: true
2026-10-07T18:35:07Z end numed-headm1-r5 exit 0  -InternalBattery-0 (id=24117347)	100%; charged; 0:00 remaining present: true
2026-10-07T18:35:07Z start numed-nofeet-r5  -InternalBattery-0 (id=24117347)	100%; charged; 0:00 remaining present: true
2026-10-07T18:35:15Z end numed-nofeet-r5 exit 0  -InternalBattery-0 (id=24117347)	100%; charged; 0:00 remaining present: true
2026-10-07T18:35:15Z start lagan-base-r5  -InternalBattery-0 (id=24117347)	100%; charged; 0:00 remaining present: true
2026-10-07T18:36:29Z end lagan-base-r5 exit 0  -InternalBattery-0 (id=24117347)	100%; charged; 0:00 remaining present: true
2026-10-07T18:36:29Z start lagan-head-r5  -InternalBattery-0 (id=24117347)	100%; charged; 0:00 remaining present: true
2026-10-07T18:37:43Z end lagan-head-r5 exit 0  -InternalBattery-0 (id=24117347)	100%; charged; 0:00 remaining present: true
2026-10-07T18:37:43Z start lagan-headm1-r5  -InternalBattery-0 (id=24117347)	100%; charged; 0:00 remaining present: true
2026-10-07T18:38:57Z end lagan-headm1-r5 exit 0  -InternalBattery-0 (id=24117347)	100%; charged; 0:00 remaining present: true
2026-10-07T18:38:57Z start lagan-nofeet-r5  -InternalBattery-0 (id=24117347)	100%; charged; 0:00 remaining present: true
2026-10-07T18:40:10Z end lagan-nofeet-r5 exit 0  -InternalBattery-0 (id=24117347)	100%; charged; 0:00 remaining present: true
2026-10-07T18:40:10Z start lagan-nofeet-r6  -InternalBattery-0 (id=24117347)	100%; charged; 0:00 remaining present: true
2026-10-07T18:41:23Z end lagan-nofeet-r6 exit 0  -InternalBattery-0 (id=24117347)	100%; charged; 0:00 remaining present: true
2026-10-07T18:41:23Z start lagan-headm1-r6  -InternalBattery-0 (id=24117347)	100%; charged; 0:00 remaining present: true
2026-10-07T18:42:37Z end lagan-headm1-r6 exit 0  -InternalBattery-0 (id=24117347)	100%; charged; 0:00 remaining present: true
2026-10-07T18:42:37Z start lagan-head-r6  -InternalBattery-0 (id=24117347)	100%; charged; 0:00 remaining present: true
2026-10-07T18:43:50Z end lagan-head-r6 exit 0  -InternalBattery-0 (id=24117347)	100%; charged; 0:00 remaining present: true
2026-10-07T18:43:50Z start lagan-base-r6  -InternalBattery-0 (id=24117347)	100%; charged; 0:00 remaining present: true
2026-10-07T18:45:04Z end lagan-base-r6 exit 0  -InternalBattery-0 (id=24117347)	100%; charged; 0:00 remaining present: true
2026-10-07T18:45:04Z start numed-nofeet-r6  -InternalBattery-0 (id=24117347)	100%; charged; 0:00 remaining present: true
2026-10-07T18:45:12Z end numed-nofeet-r6 exit 0  -InternalBattery-0 (id=24117347)	100%; charged; 0:00 remaining present: true
2026-10-07T18:45:12Z start numed-headm1-r6  -InternalBattery-0 (id=24117347)	100%; charged; 0:00 remaining present: true
2026-10-07T18:45:21Z end numed-headm1-r6 exit 0  -InternalBattery-0 (id=24117347)	100%; charged; 0:00 remaining present: true
2026-10-07T18:45:21Z start numed-head-r6  -InternalBattery-0 (id=24117347)	100%; charged; 0:00 remaining present: true
2026-10-07T18:45:29Z end numed-head-r6 exit 0  -InternalBattery-0 (id=24117347)	100%; charged; 0:00 remaining present: true
2026-10-07T18:45:29Z start numed-base-r6  -InternalBattery-0 (id=24117347)	100%; charged; 0:00 remaining present: true
2026-10-07T18:45:38Z end numed-base-r6 exit 0  -InternalBattery-0 (id=24117347)	100%; charged; 0:00 remaining present: true
2026-10-07T18:45:38Z start tile-nofeet-r6  -InternalBattery-0 (id=24117347)	100%; charged; 0:00 remaining present: true
2026-10-07T18:45:40Z end tile-nofeet-r6 exit 0  -InternalBattery-0 (id=24117347)	100%; charged; 0:00 remaining present: true
2026-10-07T18:45:40Z start tile-headm1-r6  -InternalBattery-0 (id=24117347)	100%; charged; 0:00 remaining present: true
2026-10-07T18:45:43Z end tile-headm1-r6 exit 0  -InternalBattery-0 (id=24117347)	100%; charged; 0:00 remaining present: true
2026-10-07T18:45:43Z start tile-head-r6  -InternalBattery-0 (id=24117347)	100%; charged; 0:00 remaining present: true
2026-10-07T18:45:46Z end tile-head-r6 exit 0  -InternalBattery-0 (id=24117347)	100%; charged; 0:00 remaining present: true
2026-10-07T18:45:46Z start tile-base-r6  -InternalBattery-0 (id=24117347)	100%; charged; 0:00 remaining present: true
2026-10-07T18:45:48Z end tile-base-r6 exit 0  -InternalBattery-0 (id=24117347)	100%; charged; 0:00 remaining present: true
DONE
