2026-10-07T18:45:52Z start tile-nofeet-r0  -InternalBattery-0 (id=24117347)	100%; charged; 0:00 remaining present: true
2026-10-07T18:45:55Z end tile-nofeet-r0 exit 0  -InternalBattery-0 (id=24117347)	100%; charged; 0:00 remaining present: true
2026-10-07T18:45:55Z start tile-head-r0  -InternalBattery-0 (id=24117347)	100%; charged; 0:00 remaining present: true
2026-10-07T18:45:58Z end tile-head-r0 exit 0  -InternalBattery-0 (id=24117347)	100%; charged; 0:00 remaining present: true
2026-10-07T18:45:58Z start tile-base-r0  -InternalBattery-0 (id=24117347)	100%; charged; 0:00 remaining present: true
2026-10-07T18:46:01Z end tile-base-r0 exit 0  -InternalBattery-0 (id=24117347)	100%; charged; 0:00 remaining present: true
2026-10-07T18:46:01Z start tile-base-r1  -InternalBattery-0 (id=24117347)	100%; charged; 0:00 remaining present: true
2026-10-07T18:46:03Z end tile-base-r1 exit 0  -InternalBattery-0 (id=24117347)	100%; charged; 0:00 remaining present: true
2026-10-07T18:46:03Z start tile-head-r1  -InternalBattery-0 (id=24117347)	100%; charged; 0:00 remaining present: true
2026-10-07T18:46:06Z end tile-head-r1 exit 0  -InternalBattery-0 (id=24117347)	100%; charged; 0:00 remaining present: true
2026-10-07T18:46:06Z start tile-nofeet-r1  -InternalBattery-0 (id=24117347)	100%; charged; 0:00 remaining present: true
2026-10-07T18:46:09Z end tile-nofeet-r1 exit 0  -InternalBattery-0 (id=24117347)	100%; charged; 0:00 remaining present: true
2026-10-07T18:46:09Z start tile-nofeet-r2  -InternalBattery-0 (id=24117347)	100%; charged; 0:00 remaining present: true
2026-10-07T18:46:12Z end tile-nofeet-r2 exit 0  -InternalBattery-0 (id=24117347)	100%; charged; 0:00 remaining present: true
2026-10-07T18:46:12Z start tile-head-r2  -InternalBattery-0 (id=24117347)	100%; charged; 0:00 remaining present: true
2026-10-07T18:46:14Z end tile-head-r2 exit 0  -InternalBattery-0 (id=24117347)	100%; charged; 0:00 remaining present: true
2026-10-07T18:46:14Z start tile-base-r2  -InternalBattery-0 (id=24117347)	100%; charged; 0:00 remaining present: true
2026-10-07T18:46:17Z end tile-base-r2 exit 0  -InternalBattery-0 (id=24117347)	100%; charged; 0:00 remaining present: true
2026-10-07T18:46:17Z start tile-base-r3  -InternalBattery-0 (id=24117347)	100%; charged; 0:00 remaining present: true
2026-10-07T18:46:20Z end tile-base-r3 exit 0  -InternalBattery-0 (id=24117347)	100%; charged; 0:00 remaining present: true
2026-10-07T18:46:20Z start tile-head-r3  -InternalBattery-0 (id=24117347)	100%; charged; 0:00 remaining present: true
2026-10-07T18:46:23Z end tile-head-r3 exit 0  -InternalBattery-0 (id=24117347)	100%; charged; 0:00 remaining present: true
2026-10-07T18:46:23Z start tile-nofeet-r3  -InternalBattery-0 (id=24117347)	100%; charged; 0:00 remaining present: true
2026-10-07T18:46:25Z end tile-nofeet-r3 exit 0  -InternalBattery-0 (id=24117347)	100%; charged; 0:00 remaining present: true
2026-10-07T18:46:25Z start tile-nofeet-r4  -InternalBattery-0 (id=24117347)	100%; charged; 0:00 remaining present: true
2026-10-07T18:46:28Z end tile-nofeet-r4 exit 0  -InternalBattery-0 (id=24117347)	100%; charged; 0:00 remaining present: true
2026-10-07T18:46:28Z start tile-head-r4  -InternalBattery-0 (id=24117347)	100%; charged; 0:00 remaining present: true
2026-10-07T18:46:31Z end tile-head-r4 exit 0  -InternalBattery-0 (id=24117347)	100%; charged; 0:00 remaining present: true
2026-10-07T18:46:31Z start tile-base-r4  -InternalBattery-0 (id=24117347)	100%; charged; 0:00 remaining present: true
2026-10-07T18:46:34Z end tile-base-r4 exit 0  -InternalBattery-0 (id=24117347)	100%; charged; 0:00 remaining present: true
2026-10-07T18:46:34Z start tile-base-r5  -InternalBattery-0 (id=24117347)	100%; charged; 0:00 remaining present: true
2026-10-07T18:46:36Z end tile-base-r5 exit 0  -InternalBattery-0 (id=24117347)	100%; charged; 0:00 remaining present: true
2026-10-07T18:46:36Z start tile-head-r5  -InternalBattery-0 (id=24117347)	100%; charged; 0:00 remaining present: true
2026-10-07T18:46:39Z end tile-head-r5 exit 0  -InternalBattery-0 (id=24117347)	100%; charged; 0:00 remaining present: true
2026-10-07T18:46:39Z start tile-nofeet-r5  -InternalBattery-0 (id=24117347)	100%; charged; 0:00 remaining present: true
2026-10-07T18:46:42Z end tile-nofeet-r5 exit 0  -InternalBattery-0 (id=24117347)	100%; charged; 0:00 remaining present: true
2026-10-07T18:46:42Z start tile-nofeet-r6  -InternalBattery-0 (id=24117347)	100%; charged; 0:00 remaining present: true
2026-10-07T18:46:44Z end tile-nofeet-r6 exit 0  -InternalBattery-0 (id=24117347)	100%; charged; 0:00 remaining present: true
2026-10-07T18:46:44Z start tile-head-r6  -InternalBattery-0 (id=24117347)	100%; charged; 0:00 remaining present: true
2026-10-07T18:46:47Z end tile-head-r6 exit 0  -InternalBattery-0 (id=24117347)	100%; charged; 0:00 remaining present: true
2026-10-07T18:46:47Z start tile-base-r6  -InternalBattery-0 (id=24117347)	100%; charged; 0:00 remaining present: true
2026-10-07T18:46:50Z end tile-base-r6 exit 0  -InternalBattery-0 (id=24117347)	100%; charged; 0:00 remaining present: true
2026-10-07T18:46:50Z start tile-base-r7  -InternalBattery-0 (id=24117347)	100%; charged; 0:00 remaining present: true
2026-10-07T18:46:53Z end tile-base-r7 exit 0  -InternalBattery-0 (id=24117347)	100%; charged; 0:00 remaining present: true
2026-10-07T18:46:53Z start tile-head-r7  -InternalBattery-0 (id=24117347)	100%; charged; 0:00 remaining present: true
2026-10-07T18:46:55Z end tile-head-r7 exit 0  -InternalBattery-0 (id=24117347)	100%; charged; 0:00 remaining present: true
2026-10-07T18:46:55Z start tile-nofeet-r7  -InternalBattery-0 (id=24117347)	100%; charged; 0:00 remaining present: true
2026-10-07T18:46:58Z end tile-nofeet-r7 exit 0  -InternalBattery-0 (id=24117347)	100%; charged; 0:00 remaining present: true
2026-10-07T18:46:58Z start tile-nofeet-r8  -InternalBattery-0 (id=24117347)	100%; charged; 0:00 remaining present: true
2026-10-07T18:47:01Z end tile-nofeet-r8 exit 0  -InternalBattery-0 (id=24117347)	100%; charged; 0:00 remaining present: true
2026-10-07T18:47:01Z start tile-head-r8  -InternalBattery-0 (id=24117347)	100%; charged; 0:00 remaining present: true
2026-10-07T18:47:04Z end tile-head-r8 exit 0  -InternalBattery-0 (id=24117347)	100%; charged; 0:00 remaining present: true
2026-10-07T18:47:04Z start tile-base-r8  -InternalBattery-0 (id=24117347)	100%; charged; 0:00 remaining present: true
2026-10-07T18:47:06Z end tile-base-r8 exit 0  -InternalBattery-0 (id=24117347)	100%; charged; 0:00 remaining present: true
2026-10-07T18:47:06Z start tile-base-r9  -InternalBattery-0 (id=24117347)	100%; charged; 0:00 remaining present: true
2026-10-07T18:47:09Z end tile-base-r9 exit 0  -InternalBattery-0 (id=24117347)	100%; charged; 0:00 remaining present: true
2026-10-07T18:47:09Z start tile-head-r9  -InternalBattery-0 (id=24117347)	100%; charged; 0:00 remaining present: true
2026-10-07T18:47:12Z end tile-head-r9 exit 0  -InternalBattery-0 (id=24117347)	100%; charged; 0:00 remaining present: true
2026-10-07T18:47:12Z start tile-nofeet-r9  -InternalBattery-0 (id=24117347)	100%; charged; 0:00 remaining present: true
2026-10-07T18:47:15Z end tile-nofeet-r9 exit 0  -InternalBattery-0 (id=24117347)	100%; charged; 0:00 remaining present: true
2026-10-07T18:47:15Z start tile-nofeet-r10  -InternalBattery-0 (id=24117347)	100%; charged; 0:00 remaining present: true
2026-10-07T18:47:17Z end tile-nofeet-r10 exit 0  -InternalBattery-0 (id=24117347)	100%; charged; 0:00 remaining present: true
2026-10-07T18:47:17Z start tile-head-r10  -InternalBattery-0 (id=24117347)	100%; charged; 0:00 remaining present: true
2026-10-07T18:47:20Z end tile-head-r10 exit 0  -InternalBattery-0 (id=24117347)	100%; charged; 0:00 remaining present: true
2026-10-07T18:47:20Z start tile-base-r10  -InternalBattery-0 (id=24117347)	100%; charged; 0:00 remaining present: true
2026-10-07T18:47:23Z end tile-base-r10 exit 0  -InternalBattery-0 (id=24117347)	100%; charged; 0:00 remaining present: true
2026-10-07T18:47:23Z start tile-base-r11  -InternalBattery-0 (id=24117347)	100%; charged; 0:00 remaining present: true
2026-10-07T18:47:26Z end tile-base-r11 exit 0  -InternalBattery-0 (id=24117347)	100%; charged; 0:00 remaining present: true
2026-10-07T18:47:26Z start tile-head-r11  -InternalBattery-0 (id=24117347)	100%; charged; 0:00 remaining present: true
2026-10-07T18:47:28Z end tile-head-r11 exit 0  -InternalBattery-0 (id=24117347)	100%; charged; 0:00 remaining present: true
2026-10-07T18:47:28Z start tile-nofeet-r11  -InternalBattery-0 (id=24117347)	100%; charged; 0:00 remaining present: true
2026-10-07T18:47:31Z end tile-nofeet-r11 exit 0  -InternalBattery-0 (id=24117347)	100%; charged; 0:00 remaining present: true
2026-10-07T18:47:31Z start tile-nofeet-r12  -InternalBattery-0 (id=24117347)	100%; charged; 0:00 remaining present: true
2026-10-07T18:47:34Z end tile-nofeet-r12 exit 0  -InternalBattery-0 (id=24117347)	100%; charged; 0:00 remaining present: true
2026-10-07T18:47:34Z start tile-head-r12  -InternalBattery-0 (id=24117347)	100%; charged; 0:00 remaining present: true
2026-10-07T18:47:37Z end tile-head-r12 exit 0  -InternalBattery-0 (id=24117347)	100%; charged; 0:00 remaining present: true
2026-10-07T18:47:37Z start tile-base-r12  -InternalBattery-0 (id=24117347)	100%; charged; 0:00 remaining present: true
2026-10-07T18:47:39Z end tile-base-r12 exit 0  -InternalBattery-0 (id=24117347)	100%; charged; 0:00 remaining present: true
2026-10-07T18:47:39Z start tile-base-r13  -InternalBattery-0 (id=24117347)	100%; charged; 0:00 remaining present: true
2026-10-07T18:47:42Z end tile-base-r13 exit 0  -InternalBattery-0 (id=24117347)	100%; charged; 0:00 remaining present: true
2026-10-07T18:47:42Z start tile-head-r13  -InternalBattery-0 (id=24117347)	100%; charged; 0:00 remaining present: true
2026-10-07T18:47:45Z end tile-head-r13 exit 0  -InternalBattery-0 (id=24117347)	100%; charged; 0:00 remaining present: true
2026-10-07T18:47:45Z start tile-nofeet-r13  -InternalBattery-0 (id=24117347)	100%; charged; 0:00 remaining present: true
2026-10-07T18:47:48Z end tile-nofeet-r13 exit 0  -InternalBattery-0 (id=24117347)	100%; charged; 0:00 remaining present: true
2026-10-07T18:47:48Z start tile-nofeet-r14  -InternalBattery-0 (id=24117347)	100%; charged; 0:00 remaining present: true
2026-10-07T18:47:50Z end tile-nofeet-r14 exit 0  -InternalBattery-0 (id=24117347)	100%; charged; 0:00 remaining present: true
2026-10-07T18:47:50Z start tile-head-r14  -InternalBattery-0 (id=24117347)	100%; charged; 0:00 remaining present: true
2026-10-07T18:47:53Z end tile-head-r14 exit 0  -InternalBattery-0 (id=24117347)	100%; charged; 0:00 remaining present: true
2026-10-07T18:47:53Z start tile-base-r14  -InternalBattery-0 (id=24117347)	100%; charged; 0:00 remaining present: true
2026-10-07T18:47:56Z end tile-base-r14 exit 0  -InternalBattery-0 (id=24117347)	100%; charged; 0:00 remaining present: true
2026-10-07T18:47:56Z start tile-base-r15  -InternalBattery-0 (id=24117347)	100%; charged; 0:00 remaining present: true
2026-10-07T18:47:59Z end tile-base-r15 exit 0  -InternalBattery-0 (id=24117347)	100%; charged; 0:00 remaining present: true
2026-10-07T18:47:59Z start tile-head-r15  -InternalBattery-0 (id=24117347)	100%; charged; 0:00 remaining present: true
2026-10-07T18:48:02Z end tile-head-r15 exit 0  -InternalBattery-0 (id=24117347)	100%; charged; 0:00 remaining present: true
2026-10-07T18:48:02Z start tile-nofeet-r15  -InternalBattery-0 (id=24117347)	100%; charged; 0:00 remaining present: true
2026-10-07T18:48:04Z end tile-nofeet-r15 exit 0  -InternalBattery-0 (id=24117347)	100%; charged; 0:00 remaining present: true
2026-10-07T18:48:04Z start tile-nofeet-r16  -InternalBattery-0 (id=24117347)	100%; charged; 0:00 remaining present: true
2026-10-07T18:48:07Z end tile-nofeet-r16 exit 0  -InternalBattery-0 (id=24117347)	100%; charged; 0:00 remaining present: true
2026-10-07T18:48:07Z start tile-head-r16  -InternalBattery-0 (id=24117347)	100%; charged; 0:00 remaining present: true
2026-10-07T18:48:10Z end tile-head-r16 exit 0  -InternalBattery-0 (id=24117347)	100%; charged; 0:00 remaining present: true
2026-10-07T18:48:10Z start tile-base-r16  -InternalBattery-0 (id=24117347)	100%; charged; 0:00 remaining present: true
2026-10-07T18:48:13Z end tile-base-r16 exit 0  -InternalBattery-0 (id=24117347)	100%; charged; 0:00 remaining present: true
2026-10-07T18:48:13Z start tile-base-r17  -InternalBattery-0 (id=24117347)	100%; charged; 0:00 remaining present: true
2026-10-07T18:48:16Z end tile-base-r17 exit 0  -InternalBattery-0 (id=24117347)	100%; charged; 0:00 remaining present: true
2026-10-07T18:48:16Z start tile-head-r17  -InternalBattery-0 (id=24117347)	100%; charged; 0:00 remaining present: true
2026-10-07T18:48:18Z end tile-head-r17 exit 0  -InternalBattery-0 (id=24117347)	100%; charged; 0:00 remaining present: true
2026-10-07T18:48:18Z start tile-nofeet-r17  -InternalBattery-0 (id=24117347)	100%; charged; 0:00 remaining present: true
2026-10-07T18:48:21Z end tile-nofeet-r17 exit 0  -InternalBattery-0 (id=24117347)	100%; charged; 0:00 remaining present: true
2026-10-07T18:48:21Z start tile-nofeet-r18  -InternalBattery-0 (id=24117347)	100%; charged; 0:00 remaining present: true
2026-10-07T18:48:24Z end tile-nofeet-r18 exit 0  -InternalBattery-0 (id=24117347)	100%; charged; 0:00 remaining present: true
2026-10-07T18:48:24Z start tile-head-r18  -InternalBattery-0 (id=24117347)	100%; charged; 0:00 remaining present: true
2026-10-07T18:48:27Z end tile-head-r18 exit 0  -InternalBattery-0 (id=24117347)	100%; charged; 0:00 remaining present: true
2026-10-07T18:48:27Z start tile-base-r18  -InternalBattery-0 (id=24117347)	100%; charged; 0:00 remaining present: true
2026-10-07T18:48:30Z end tile-base-r18 exit 0  -InternalBattery-0 (id=24117347)	100%; charged; 0:00 remaining present: true
2026-10-07T18:48:30Z start tile-base-r19  -InternalBattery-0 (id=24117347)	100%; charged; 0:00 remaining present: true
2026-10-07T18:48:33Z end tile-base-r19 exit 0  -InternalBattery-0 (id=24117347)	100%; charged; 0:00 remaining present: true
2026-10-07T18:48:33Z start tile-head-r19  -InternalBattery-0 (id=24117347)	100%; charged; 0:00 remaining present: true
2026-10-07T18:48:36Z end tile-head-r19 exit 0  -InternalBattery-0 (id=24117347)	100%; charged; 0:00 remaining present: true
2026-10-07T18:48:36Z start tile-nofeet-r19  -InternalBattery-0 (id=24117347)	100%; charged; 0:00 remaining present: true
2026-10-07T18:48:38Z end tile-nofeet-r19 exit 0  -InternalBattery-0 (id=24117347)	100%; charged; 0:00 remaining present: true
2026-10-07T18:48:38Z start tile-nofeet-r20  -InternalBattery-0 (id=24117347)	100%; charged; 0:00 remaining present: true
2026-10-07T18:48:41Z end tile-nofeet-r20 exit 0  -InternalBattery-0 (id=24117347)	100%; charged; 0:00 remaining present: true
2026-10-07T18:48:41Z start tile-head-r20  -InternalBattery-0 (id=24117347)	100%; charged; 0:00 remaining present: true
2026-10-07T18:48:44Z end tile-head-r20 exit 0  -InternalBattery-0 (id=24117347)	100%; charged; 0:00 remaining present: true
2026-10-07T18:48:44Z start tile-base-r20  -InternalBattery-0 (id=24117347)	100%; charged; 0:00 remaining present: true
2026-10-07T18:48:47Z end tile-base-r20 exit 0  -InternalBattery-0 (id=24117347)	100%; charged; 0:00 remaining present: true
DONE
