### ola-t1-none r2 23:58:53 | Battery Power
$ rasputin mesh --dem /Users/skavhaug/projects/rasputin_data/DTM10_UTM33_20260925 --domain docs/benchmarks/2026-09-28/16b12-acceptance/catchment/catchment_4326.geojson --tolerance 1
exit 0
37 start quality nodes inserted, 0 start quality skips, 693 constraint feet, 0 feet refused, 40 rounds, 608706 points inserted, 1338108 flips, 1216839 triangles, achieved max error 1 m, 0 valid DEM nodes not covered, 46 start triangles, 48 start vertices off-node, 0 vertices without data dropped
mosaic of 4 tiles, 2089 x 2007 nodes
           915243008  maximum resident set size
| vertices without data dropped | 0 |
| 6602_1_10m_z33.tif | 6603_3_10m_z33.tif | 2472 | 0.25087 | 0.0138931 |
| 6602_1_10m_z33.tif | 6603_4_10m_z33.tif | 18977 | 0.376282 | 0.00230408 |
| 6602_2_10m_z33.tif | 6603_3_10m_z33.tif | 59754 | 1.74188 | 0.0246887 |
| 6603_3_10m_z33.tif | 6603_4_10m_z33.tif | 51512 | 2.10982 | 0.0206909 |
| tolerance | achieved max error | rounds | inserted | carved | flips | uncovered | quality inserted | quality skipped | feet |
| 1 m | 1 m | 40 | 608706 | 0 | 1338108 | 0 | 37 | 0 | 693 |
### ola-t1-eu3035 r2 23:58:57 | Battery Power
$ rasputin mesh --dem /Users/skavhaug/projects/rasputin_data/DTM10_UTM33_20260925 --domain docs/benchmarks/2026-09-28/16b12-acceptance/catchment/catchment_4326.geojson --tolerance 1 --features /Users/skavhaug/projects/rasputin_data/corine_sql/u2018_clc2018_v2020_20u1_geoPackage/DATA/U2018_CLC2018_V2020_20u1.gpkg --features-layer U2018_CLC2018_V2020_20u1 --features-map corine
exit 0
87 features kept, 258 dropped outside, 28 clipped, 0 empty skipped
11316 input vertices, 5642 noded vertices
15573 start quality nodes inserted, 5291 start quality skips, 5314 constraint feet, 0 feet refused, 29 rounds, 596775 points inserted, 1282174 flips, 1235226 triangles, achieved max error 1 m, 0 valid DEM nodes not covered, 11169 start triangles, 5642 start vertices off-node, 0 vertices without data dropped
mosaic of 4 tiles, 2089 x 2007 nodes
           825753600  maximum resident set size
| vertices without data dropped | 0 |
| 6602_1_10m_z33.tif | 6603_3_10m_z33.tif | 2472 | 0.25087 | 0.0138931 |
| 6602_1_10m_z33.tif | 6603_4_10m_z33.tif | 18977 | 0.376282 | 0.00230408 |
| 6602_2_10m_z33.tif | 6603_3_10m_z33.tif | 59754 | 1.74188 | 0.0246887 |
| 6603_3_10m_z33.tif | 6603_4_10m_z33.tif | 51512 | 2.10982 | 0.0206909 |
| tolerance | achieved max error | rounds | inserted | carved | flips | uncovered | quality inserted | quality skipped | feet |
| 1 m | 1 m | 29 | 596775 | 0 | 1282174 | 0 | 15573 | 5291 | 5314 |
### ola-t1-no25833 r2 23:59:29 | Battery Power
$ rasputin mesh --dem /Users/skavhaug/projects/rasputin_data/DTM10_UTM33_20260925 --domain docs/benchmarks/2026-09-28/16b12-acceptance/catchment/catchment_4326.geojson --tolerance 1 --features /Users/skavhaug/projects/rasputin_data/corine2018_dtm10_utm33.gpkg --features-layer corine2018 --features-map corine
exit 0
87 features kept, 175 dropped outside, 28 clipped, 0 empty skipped
11316 input vertices, 5642 noded vertices
15573 start quality nodes inserted, 5291 start quality skips, 5314 constraint feet, 0 feet refused, 29 rounds, 596775 points inserted, 1282174 flips, 1235226 triangles, achieved max error 1 m, 0 valid DEM nodes not covered, 11169 start triangles, 5642 start vertices off-node, 0 vertices without data dropped
mosaic of 4 tiles, 2089 x 2007 nodes
           774832128  maximum resident set size
| vertices without data dropped | 0 |
| 6602_1_10m_z33.tif | 6603_3_10m_z33.tif | 2472 | 0.25087 | 0.0138931 |
| 6602_1_10m_z33.tif | 6603_4_10m_z33.tif | 18977 | 0.376282 | 0.00230408 |
| 6602_2_10m_z33.tif | 6603_3_10m_z33.tif | 59754 | 1.74188 | 0.0246887 |
| 6603_3_10m_z33.tif | 6603_4_10m_z33.tif | 51512 | 2.10982 | 0.0206909 |
| tolerance | achieved max error | rounds | inserted | carved | flips | uncovered | quality inserted | quality skipped | feet |
| 1 m | 1 m | 29 | 596775 | 0 | 1282174 | 0 | 15573 | 5291 | 5314 |
### ola-t10-none r2 23:59:36 | Battery Power
$ rasputin mesh --dem /Users/skavhaug/projects/rasputin_data/DTM10_UTM33_20260925 --domain docs/benchmarks/2026-09-28/16b12-acceptance/catchment/catchment_4326.geojson --tolerance 10
exit 0
37 start quality nodes inserted, 0 start quality skips, 168 constraint feet, 0 feet refused, 31 rounds, 15207 points inserted, 40976 flips, 30366 triangles, achieved max error 9.999269956118098 m, 0 valid DEM nodes not covered, 46 start triangles, 48 start vertices off-node, 0 vertices without data dropped
mosaic of 4 tiles, 2089 x 2007 nodes
           473153536  maximum resident set size
| vertices without data dropped | 0 |
| 6602_1_10m_z33.tif | 6603_3_10m_z33.tif | 2472 | 0.25087 | 0.0138931 |
| 6602_1_10m_z33.tif | 6603_4_10m_z33.tif | 18977 | 0.376282 | 0.00230408 |
| 6602_2_10m_z33.tif | 6603_3_10m_z33.tif | 59754 | 1.74188 | 0.0246887 |
| 6603_3_10m_z33.tif | 6603_4_10m_z33.tif | 51512 | 2.10982 | 0.0206909 |
| tolerance | achieved max error | rounds | inserted | carved | flips | uncovered | quality inserted | quality skipped | feet |
| 10 m | 9.999269956118098 m | 31 | 15207 | 0 | 40976 | 0 | 37 | 0 | 168 |
### ola-t10-eu3035 r2 23:59:37 | Battery Power
$ rasputin mesh --dem /Users/skavhaug/projects/rasputin_data/DTM10_UTM33_20260925 --domain docs/benchmarks/2026-09-28/16b12-acceptance/catchment/catchment_4326.geojson --tolerance 10 --features /Users/skavhaug/projects/rasputin_data/corine_sql/u2018_clc2018_v2020_20u1_geoPackage/DATA/U2018_CLC2018_V2020_20u1.gpkg --features-layer U2018_CLC2018_V2020_20u1 --features-map corine
exit 0
87 features kept, 258 dropped outside, 28 clipped, 0 empty skipped
11316 input vertices, 5642 noded vertices
15573 start quality nodes inserted, 5291 start quality skips, 245 constraint feet, 0 feet refused, 20 rounds, 10426 points inserted, 26186 flips, 63020 triangles, achieved max error 9.999894849297135 m, 0 valid DEM nodes not covered, 11169 start triangles, 5642 start vertices off-node, 0 vertices without data dropped
mosaic of 4 tiles, 2089 x 2007 nodes
           469221376  maximum resident set size
| vertices without data dropped | 0 |
| 6602_1_10m_z33.tif | 6603_3_10m_z33.tif | 2472 | 0.25087 | 0.0138931 |
| 6602_1_10m_z33.tif | 6603_4_10m_z33.tif | 18977 | 0.376282 | 0.00230408 |
| 6602_2_10m_z33.tif | 6603_3_10m_z33.tif | 59754 | 1.74188 | 0.0246887 |
| 6603_3_10m_z33.tif | 6603_4_10m_z33.tif | 51512 | 2.10982 | 0.0206909 |
| tolerance | achieved max error | rounds | inserted | carved | flips | uncovered | quality inserted | quality skipped | feet |
| 10 m | 9.999894849297135 m | 20 | 10426 | 0 | 26186 | 0 | 15573 | 5291 | 245 |
### ola-t10-no25833 r2 00:00:06 | Battery Power
$ rasputin mesh --dem /Users/skavhaug/projects/rasputin_data/DTM10_UTM33_20260925 --domain docs/benchmarks/2026-09-28/16b12-acceptance/catchment/catchment_4326.geojson --tolerance 10 --features /Users/skavhaug/projects/rasputin_data/corine2018_dtm10_utm33.gpkg --features-layer corine2018 --features-map corine
exit 0
87 features kept, 175 dropped outside, 28 clipped, 0 empty skipped
11316 input vertices, 5642 noded vertices
15573 start quality nodes inserted, 5291 start quality skips, 245 constraint feet, 0 feet refused, 20 rounds, 10426 points inserted, 26186 flips, 63020 triangles, achieved max error 9.999894849297135 m, 0 valid DEM nodes not covered, 11169 start triangles, 5642 start vertices off-node, 0 vertices without data dropped
mosaic of 4 tiles, 2089 x 2007 nodes
           544702464  maximum resident set size
| vertices without data dropped | 0 |
| 6602_1_10m_z33.tif | 6603_3_10m_z33.tif | 2472 | 0.25087 | 0.0138931 |
| 6602_1_10m_z33.tif | 6603_4_10m_z33.tif | 18977 | 0.376282 | 0.00230408 |
| 6602_2_10m_z33.tif | 6603_3_10m_z33.tif | 59754 | 1.74188 | 0.0246887 |
| 6603_3_10m_z33.tif | 6603_4_10m_z33.tif | 51512 | 2.10982 | 0.0206909 |
| tolerance | achieved max error | rounds | inserted | carved | flips | uncovered | quality inserted | quality skipped | feet |
| 10 m | 9.999894849297135 m | 20 | 10426 | 0 | 26186 | 0 | 15573 | 5291 | 245 |
### ola-t1-none r3 00:00:10 | Battery Power
$ rasputin mesh --dem /Users/skavhaug/projects/rasputin_data/DTM10_UTM33_20260925 --domain docs/benchmarks/2026-09-28/16b12-acceptance/catchment/catchment_4326.geojson --tolerance 1
exit 0
37 start quality nodes inserted, 0 start quality skips, 693 constraint feet, 0 feet refused, 40 rounds, 608706 points inserted, 1338108 flips, 1216839 triangles, achieved max error 1 m, 0 valid DEM nodes not covered, 46 start triangles, 48 start vertices off-node, 0 vertices without data dropped
mosaic of 4 tiles, 2089 x 2007 nodes
           928907264  maximum resident set size
| vertices without data dropped | 0 |
| 6602_1_10m_z33.tif | 6603_3_10m_z33.tif | 2472 | 0.25087 | 0.0138931 |
| 6602_1_10m_z33.tif | 6603_4_10m_z33.tif | 18977 | 0.376282 | 0.00230408 |
| 6602_2_10m_z33.tif | 6603_3_10m_z33.tif | 59754 | 1.74188 | 0.0246887 |
| 6603_3_10m_z33.tif | 6603_4_10m_z33.tif | 51512 | 2.10982 | 0.0206909 |
| tolerance | achieved max error | rounds | inserted | carved | flips | uncovered | quality inserted | quality skipped | feet |
| 1 m | 1 m | 40 | 608706 | 0 | 1338108 | 0 | 37 | 0 | 693 |
### ola-t1-eu3035 r3 00:00:13 | Battery Power
$ rasputin mesh --dem /Users/skavhaug/projects/rasputin_data/DTM10_UTM33_20260925 --domain docs/benchmarks/2026-09-28/16b12-acceptance/catchment/catchment_4326.geojson --tolerance 1 --features /Users/skavhaug/projects/rasputin_data/corine_sql/u2018_clc2018_v2020_20u1_geoPackage/DATA/U2018_CLC2018_V2020_20u1.gpkg --features-layer U2018_CLC2018_V2020_20u1 --features-map corine
exit 0
87 features kept, 258 dropped outside, 28 clipped, 0 empty skipped
11316 input vertices, 5642 noded vertices
15573 start quality nodes inserted, 5291 start quality skips, 5314 constraint feet, 0 feet refused, 29 rounds, 596775 points inserted, 1282174 flips, 1235226 triangles, achieved max error 1 m, 0 valid DEM nodes not covered, 11169 start triangles, 5642 start vertices off-node, 0 vertices without data dropped
mosaic of 4 tiles, 2089 x 2007 nodes
           797769728  maximum resident set size
| vertices without data dropped | 0 |
| 6602_1_10m_z33.tif | 6603_3_10m_z33.tif | 2472 | 0.25087 | 0.0138931 |
| 6602_1_10m_z33.tif | 6603_4_10m_z33.tif | 18977 | 0.376282 | 0.00230408 |
| 6602_2_10m_z33.tif | 6603_3_10m_z33.tif | 59754 | 1.74188 | 0.0246887 |
| 6603_3_10m_z33.tif | 6603_4_10m_z33.tif | 51512 | 2.10982 | 0.0206909 |
| tolerance | achieved max error | rounds | inserted | carved | flips | uncovered | quality inserted | quality skipped | feet |
| 1 m | 1 m | 29 | 596775 | 0 | 1282174 | 0 | 15573 | 5291 | 5314 |
### ola-t1-no25833 r3 00:00:44 | Battery Power
$ rasputin mesh --dem /Users/skavhaug/projects/rasputin_data/DTM10_UTM33_20260925 --domain docs/benchmarks/2026-09-28/16b12-acceptance/catchment/catchment_4326.geojson --tolerance 1 --features /Users/skavhaug/projects/rasputin_data/corine2018_dtm10_utm33.gpkg --features-layer corine2018 --features-map corine
exit 0
87 features kept, 175 dropped outside, 28 clipped, 0 empty skipped
11316 input vertices, 5642 noded vertices
15573 start quality nodes inserted, 5291 start quality skips, 5314 constraint feet, 0 feet refused, 29 rounds, 596775 points inserted, 1282174 flips, 1235226 triangles, achieved max error 1 m, 0 valid DEM nodes not covered, 11169 start triangles, 5642 start vertices off-node, 0 vertices without data dropped
mosaic of 4 tiles, 2089 x 2007 nodes
           908754944  maximum resident set size
| vertices without data dropped | 0 |
| 6602_1_10m_z33.tif | 6603_3_10m_z33.tif | 2472 | 0.25087 | 0.0138931 |
| 6602_1_10m_z33.tif | 6603_4_10m_z33.tif | 18977 | 0.376282 | 0.00230408 |
| 6602_2_10m_z33.tif | 6603_3_10m_z33.tif | 59754 | 1.74188 | 0.0246887 |
| 6603_3_10m_z33.tif | 6603_4_10m_z33.tif | 51512 | 2.10982 | 0.0206909 |
| tolerance | achieved max error | rounds | inserted | carved | flips | uncovered | quality inserted | quality skipped | feet |
| 1 m | 1 m | 29 | 596775 | 0 | 1282174 | 0 | 15573 | 5291 | 5314 |
### ola-t10-none r3 00:00:51 | Battery Power
$ rasputin mesh --dem /Users/skavhaug/projects/rasputin_data/DTM10_UTM33_20260925 --domain docs/benchmarks/2026-09-28/16b12-acceptance/catchment/catchment_4326.geojson --tolerance 10
exit 0
37 start quality nodes inserted, 0 start quality skips, 168 constraint feet, 0 feet refused, 31 rounds, 15207 points inserted, 40976 flips, 30366 triangles, achieved max error 9.999269956118098 m, 0 valid DEM nodes not covered, 46 start triangles, 48 start vertices off-node, 0 vertices without data dropped
mosaic of 4 tiles, 2089 x 2007 nodes
           473137152  maximum resident set size
| vertices without data dropped | 0 |
| 6602_1_10m_z33.tif | 6603_3_10m_z33.tif | 2472 | 0.25087 | 0.0138931 |
| 6602_1_10m_z33.tif | 6603_4_10m_z33.tif | 18977 | 0.376282 | 0.00230408 |
| 6602_2_10m_z33.tif | 6603_3_10m_z33.tif | 59754 | 1.74188 | 0.0246887 |
| 6603_3_10m_z33.tif | 6603_4_10m_z33.tif | 51512 | 2.10982 | 0.0206909 |
| tolerance | achieved max error | rounds | inserted | carved | flips | uncovered | quality inserted | quality skipped | feet |
| 10 m | 9.999269956118098 m | 31 | 15207 | 0 | 40976 | 0 | 37 | 0 | 168 |
### ola-t10-eu3035 r3 00:00:52 | Battery Power
$ rasputin mesh --dem /Users/skavhaug/projects/rasputin_data/DTM10_UTM33_20260925 --domain docs/benchmarks/2026-09-28/16b12-acceptance/catchment/catchment_4326.geojson --tolerance 10 --features /Users/skavhaug/projects/rasputin_data/corine_sql/u2018_clc2018_v2020_20u1_geoPackage/DATA/U2018_CLC2018_V2020_20u1.gpkg --features-layer U2018_CLC2018_V2020_20u1 --features-map corine
exit 0
87 features kept, 258 dropped outside, 28 clipped, 0 empty skipped
11316 input vertices, 5642 noded vertices
15573 start quality nodes inserted, 5291 start quality skips, 245 constraint feet, 0 feet refused, 20 rounds, 10426 points inserted, 26186 flips, 63020 triangles, achieved max error 9.999894849297135 m, 0 valid DEM nodes not covered, 11169 start triangles, 5642 start vertices off-node, 0 vertices without data dropped
mosaic of 4 tiles, 2089 x 2007 nodes
           469696512  maximum resident set size
| vertices without data dropped | 0 |
| 6602_1_10m_z33.tif | 6603_3_10m_z33.tif | 2472 | 0.25087 | 0.0138931 |
| 6602_1_10m_z33.tif | 6603_4_10m_z33.tif | 18977 | 0.376282 | 0.00230408 |
| 6602_2_10m_z33.tif | 6603_3_10m_z33.tif | 59754 | 1.74188 | 0.0246887 |
| 6603_3_10m_z33.tif | 6603_4_10m_z33.tif | 51512 | 2.10982 | 0.0206909 |
| tolerance | achieved max error | rounds | inserted | carved | flips | uncovered | quality inserted | quality skipped | feet |
| 10 m | 9.999894849297135 m | 20 | 10426 | 0 | 26186 | 0 | 15573 | 5291 | 245 |
### ola-t10-no25833 r3 00:01:21 | Battery Power
$ rasputin mesh --dem /Users/skavhaug/projects/rasputin_data/DTM10_UTM33_20260925 --domain docs/benchmarks/2026-09-28/16b12-acceptance/catchment/catchment_4326.geojson --tolerance 10 --features /Users/skavhaug/projects/rasputin_data/corine2018_dtm10_utm33.gpkg --features-layer corine2018 --features-map corine
exit 0
87 features kept, 175 dropped outside, 28 clipped, 0 empty skipped
11316 input vertices, 5642 noded vertices
15573 start quality nodes inserted, 5291 start quality skips, 245 constraint feet, 0 feet refused, 20 rounds, 10426 points inserted, 26186 flips, 63020 triangles, achieved max error 9.999894849297135 m, 0 valid DEM nodes not covered, 11169 start triangles, 5642 start vertices off-node, 0 vertices without data dropped
mosaic of 4 tiles, 2089 x 2007 nodes
           497500160  maximum resident set size
| vertices without data dropped | 0 |
| 6602_1_10m_z33.tif | 6603_3_10m_z33.tif | 2472 | 0.25087 | 0.0138931 |
| 6602_1_10m_z33.tif | 6603_4_10m_z33.tif | 18977 | 0.376282 | 0.00230408 |
| 6602_2_10m_z33.tif | 6603_3_10m_z33.tif | 59754 | 1.74188 | 0.0246887 |
| 6603_3_10m_z33.tif | 6603_4_10m_z33.tif | 51512 | 2.10982 | 0.0206909 |
| tolerance | achieved max error | rounds | inserted | carved | flips | uncovered | quality inserted | quality skipped | feet |
| 10 m | 9.999894849297135 m | 20 | 10426 | 0 | 26186 | 0 | 15573 | 5291 | 245 |
### done 00:01:24 | Battery Power
