1521 start quality nodes inserted, 764 start quality skips, 0 constraint feet, 0 feet refused, 107 rounds, 5025207 points inserted, 11123831 flips, 10074480 triangles, achieved max error 1 m, 0 valid DEM nodes not covered, 32768 start triangles, 0 start vertices off-node, 123 vertices without data dropped
mosaic of 9 tiles, 10051 x 10051 nodes
BENCH {"refine_s": 7.352513499994529, "app_s": 8.555539624998346, "max_error": 1.0, "rounds": 107, "inserted": 5025207, "flips": 11123831}
        8.87 real        22.21 user         0.49 sys
          2939486208  maximum resident set size
                   0  average shared memory size
                   0  average unshared data size
                   0  average unshared stack size
              187023  page reclaims
                 113  page faults
                   0  swaps
                   0  block input operations
                   0  block output operations
                   0  messages sent
                   0  messages received
                   0  signals received
                 114  voluntary context switches
                5626  involuntary context switches
        115326840289  instructions retired
         67474078908  cycles elapsed
          2919877368  peak memory footprint
