2026-10-07T02:29:49Z start numed-basenofeet-r0  -InternalBattery-0 (id=24117347)	100%; charged; 0:00 remaining present: true
2026-10-07T02:30:03Z end numed-basenofeet-r0 exit 0  -InternalBattery-0 (id=24117347)	100%; charged; 0:00 remaining present: true
2026-10-07T02:30:03Z start numed-nofeet-r0  -InternalBattery-0 (id=24117347)	100%; charged; 0:00 remaining present: true
2026-10-07T02:30:16Z end numed-nofeet-r0 exit 0  -InternalBattery-0 (id=24117347)	100%; charged; 0:00 remaining present: true
2026-10-07T02:30:16Z start numed-head-r0  -InternalBattery-0 (id=24117347)	100%; charged; 0:00 remaining present: true
2026-10-07T02:30:29Z end numed-head-r0 exit 0  -InternalBattery-0 (id=24117347)	100%; charged; 0:00 remaining present: true
2026-10-07T02:30:29Z start numed-base-r0  -InternalBattery-0 (id=24117347)	100%; charged; 0:00 remaining present: true
2026-10-07T02:30:42Z end numed-base-r0 exit 0  -InternalBattery-0 (id=24117347)	100%; charged; 0:00 remaining present: true
2026-10-07T02:30:42Z start lagan-basenofeet-r0  -InternalBattery-0 (id=24117347)	100%; charged; 0:00 remaining present: true
2026-10-07T02:32:04Z end lagan-basenofeet-r0 exit 0  -InternalBattery-0 (id=24117347)	100%; charged; 0:00 remaining present: true
2026-10-07T02:32:04Z start lagan-nofeet-r0  -InternalBattery-0 (id=24117347)	100%; charged; 0:00 remaining present: true
2026-10-07T02:33:26Z end lagan-nofeet-r0 exit 0  -InternalBattery-0 (id=24117347)	100%; charged; 0:00 remaining present: true
2026-10-07T02:33:26Z start lagan-head-r0  -InternalBattery-0 (id=24117347)	100%; charged; 0:00 remaining present: true
2026-10-07T02:34:49Z end lagan-head-r0 exit 0  -InternalBattery-0 (id=24117347)	100%; charged; 0:00 remaining present: true
2026-10-07T02:34:49Z start lagan-base-r0  -InternalBattery-0 (id=24117347)	100%; charged; 0:00 remaining present: true
2026-10-07T02:36:12Z end lagan-base-r0 exit 0  -InternalBattery-0 (id=24117347)	100%; charged; 0:00 remaining present: true
2026-10-07T02:36:12Z start lagan-base-r1  -InternalBattery-0 (id=24117347)	100%; charged; 0:00 remaining present: true
2026-10-07T02:37:35Z end lagan-base-r1 exit 0  -InternalBattery-0 (id=24117347)	100%; charged; 0:00 remaining present: true
2026-10-07T02:37:35Z start lagan-head-r1  -InternalBattery-0 (id=24117347)	100%; charged; 0:00 remaining present: true
2026-10-07T02:38:57Z end lagan-head-r1 exit 0  -InternalBattery-0 (id=24117347)	100%; charged; 0:00 remaining present: true
2026-10-07T02:38:57Z start lagan-nofeet-r1  -InternalBattery-0 (id=24117347)	100%; charged; 0:00 remaining present: true
2026-10-07T02:40:20Z end lagan-nofeet-r1 exit 0  -InternalBattery-0 (id=24117347)	100%; charged; 0:00 remaining present: true
2026-10-07T02:40:20Z start lagan-basenofeet-r1  -InternalBattery-0 (id=24117347)	100%; charged; 0:00 remaining present: true
2026-10-07T02:41:43Z end lagan-basenofeet-r1 exit 0  -InternalBattery-0 (id=24117347)	100%; charged; 0:00 remaining present: true
2026-10-07T02:41:43Z start numed-base-r1  -InternalBattery-0 (id=24117347)	100%; charged; 0:00 remaining present: true
2026-10-07T02:41:57Z end numed-base-r1 exit 0  -InternalBattery-0 (id=24117347)	100%; charged; 0:00 remaining present: true
2026-10-07T02:41:57Z start numed-head-r1  -InternalBattery-0 (id=24117347)	100%; charged; 0:00 remaining present: true
2026-10-07T02:42:10Z end numed-head-r1 exit 0  -InternalBattery-0 (id=24117347)	100%; charged; 0:00 remaining present: true
2026-10-07T02:42:10Z start numed-nofeet-r1  -InternalBattery-0 (id=24117347)	100%; charged; 0:00 remaining present: true
2026-10-07T02:42:23Z end numed-nofeet-r1 exit 0  -InternalBattery-0 (id=24117347)	100%; charged; 0:00 remaining present: true
2026-10-07T02:42:23Z start numed-basenofeet-r1  -InternalBattery-0 (id=24117347)	100%; charged; 0:00 remaining present: true
2026-10-07T02:42:36Z end numed-basenofeet-r1 exit 0  -InternalBattery-0 (id=24117347)	100%; charged; 0:00 remaining present: true
2026-10-07T02:42:36Z start numed-basenofeet-r2  -InternalBattery-0 (id=24117347)	100%; charged; 0:00 remaining present: true
2026-10-07T02:42:49Z end numed-basenofeet-r2 exit 0  -InternalBattery-0 (id=24117347)	100%; charged; 0:00 remaining present: true
2026-10-07T02:42:50Z start numed-nofeet-r2  -InternalBattery-0 (id=24117347)	100%; charged; 0:00 remaining present: true
2026-10-07T02:43:03Z end numed-nofeet-r2 exit 0  -InternalBattery-0 (id=24117347)	100%; charged; 0:00 remaining present: true
2026-10-07T02:43:03Z start numed-head-r2  -InternalBattery-0 (id=24117347)	100%; charged; 0:00 remaining present: true
2026-10-07T02:43:16Z end numed-head-r2 exit 0  -InternalBattery-0 (id=24117347)	100%; charged; 0:00 remaining present: true
2026-10-07T02:43:16Z start numed-base-r2  -InternalBattery-0 (id=24117347)	100%; charged; 0:00 remaining present: true
2026-10-07T02:43:29Z end numed-base-r2 exit 0  -InternalBattery-0 (id=24117347)	100%; charged; 0:00 remaining present: true
2026-10-07T02:43:29Z start lagan-basenofeet-r2  -InternalBattery-0 (id=24117347)	100%; charged; 0:00 remaining present: true
2026-10-07T02:44:52Z end lagan-basenofeet-r2 exit 0  -InternalBattery-0 (id=24117347)	100%; charged; 0:00 remaining present: true
2026-10-07T02:44:52Z start lagan-nofeet-r2  -InternalBattery-0 (id=24117347)	100%; charged; 0:00 remaining present: true
2026-10-07T02:46:15Z end lagan-nofeet-r2 exit 0  -InternalBattery-0 (id=24117347)	100%; charged; 0:00 remaining present: true
2026-10-07T02:46:15Z start lagan-head-r2  -InternalBattery-0 (id=24117347)	100%; charged; 0:00 remaining present: true
2026-10-07T02:47:38Z end lagan-head-r2 exit 0  -InternalBattery-0 (id=24117347)	100%; charged; 0:00 remaining present: true
2026-10-07T02:47:38Z start lagan-base-r2  -InternalBattery-0 (id=24117347)	100%; charged; 0:00 remaining present: true
2026-10-07T02:49:01Z end lagan-base-r2 exit 0  -InternalBattery-0 (id=24117347)	100%; charged; 0:00 remaining present: true
2026-10-07T02:49:01Z start lagan-base-r3  -InternalBattery-0 (id=24117347)	100%; charged; 0:00 remaining present: true
2026-10-07T02:50:23Z end lagan-base-r3 exit 0  -InternalBattery-0 (id=24117347)	100%; charged; 0:00 remaining present: true
2026-10-07T02:50:23Z start lagan-head-r3  -InternalBattery-0 (id=24117347)	100%; charged; 0:00 remaining present: true
2026-10-07T02:51:46Z end lagan-head-r3 exit 0  -InternalBattery-0 (id=24117347)	100%; charged; 0:00 remaining present: true
2026-10-07T02:51:46Z start lagan-nofeet-r3  -InternalBattery-0 (id=24117347)	100%; charged; 0:00 remaining present: true
2026-10-07T02:53:09Z end lagan-nofeet-r3 exit 0  -InternalBattery-0 (id=24117347)	100%; charged; 0:00 remaining present: true
2026-10-07T02:53:09Z start lagan-basenofeet-r3  -InternalBattery-0 (id=24117347)	100%; charged; 0:00 remaining present: true
2026-10-07T02:54:31Z end lagan-basenofeet-r3 exit 0  -InternalBattery-0 (id=24117347)	100%; charged; 0:00 remaining present: true
2026-10-07T02:54:31Z start numed-base-r3  -InternalBattery-0 (id=24117347)	100%; charged; 0:00 remaining present: true
2026-10-07T02:54:45Z end numed-base-r3 exit 0  -InternalBattery-0 (id=24117347)	100%; charged; 0:00 remaining present: true
2026-10-07T02:54:45Z start numed-head-r3  -InternalBattery-0 (id=24117347)	100%; charged; 0:00 remaining present: true
2026-10-07T02:54:58Z end numed-head-r3 exit 0  -InternalBattery-0 (id=24117347)	100%; charged; 0:00 remaining present: true
2026-10-07T02:54:58Z start numed-nofeet-r3  -InternalBattery-0 (id=24117347)	100%; charged; 0:00 remaining present: true
2026-10-07T02:55:11Z end numed-nofeet-r3 exit 0  -InternalBattery-0 (id=24117347)	100%; charged; 0:00 remaining present: true
2026-10-07T02:55:11Z start numed-basenofeet-r3  -InternalBattery-0 (id=24117347)	100%; charged; 0:00 remaining present: true
2026-10-07T02:55:24Z end numed-basenofeet-r3 exit 0  -InternalBattery-0 (id=24117347)	100%; charged; 0:00 remaining present: true
2026-10-07T02:55:24Z start numed-basenofeet-r4  -InternalBattery-0 (id=24117347)	100%; charged; 0:00 remaining present: true
2026-10-07T02:55:37Z end numed-basenofeet-r4 exit 0  -InternalBattery-0 (id=24117347)	100%; charged; 0:00 remaining present: true
2026-10-07T02:55:37Z start numed-nofeet-r4  -InternalBattery-0 (id=24117347)	100%; charged; 0:00 remaining present: true
2026-10-07T02:55:51Z end numed-nofeet-r4 exit 0  -InternalBattery-0 (id=24117347)	100%; charged; 0:00 remaining present: true
2026-10-07T02:55:51Z start numed-head-r4  -InternalBattery-0 (id=24117347)	100%; charged; 0:00 remaining present: true
2026-10-07T02:56:04Z end numed-head-r4 exit 0  -InternalBattery-0 (id=24117347)	100%; charged; 0:00 remaining present: true
2026-10-07T02:56:04Z start numed-base-r4  -InternalBattery-0 (id=24117347)	100%; charged; 0:00 remaining present: true
2026-10-07T02:56:17Z end numed-base-r4 exit 0  -InternalBattery-0 (id=24117347)	100%; charged; 0:00 remaining present: true
2026-10-07T02:56:17Z start lagan-basenofeet-r4  -InternalBattery-0 (id=24117347)	100%; charged; 0:00 remaining present: true
2026-10-07T02:57:40Z end lagan-basenofeet-r4 exit 0  -InternalBattery-0 (id=24117347)	100%; charged; 0:00 remaining present: true
2026-10-07T02:57:40Z start lagan-nofeet-r4  -InternalBattery-0 (id=24117347)	100%; charged; 0:00 remaining present: true
2026-10-07T02:59:03Z end lagan-nofeet-r4 exit 0  -InternalBattery-0 (id=24117347)	100%; charged; 0:00 remaining present: true
2026-10-07T02:59:03Z start lagan-head-r4  -InternalBattery-0 (id=24117347)	100%; charged; 0:00 remaining present: true
2026-10-07T03:00:26Z end lagan-head-r4 exit 0  -InternalBattery-0 (id=24117347)	100%; charged; 0:00 remaining present: true
2026-10-07T03:00:26Z start lagan-base-r4  -InternalBattery-0 (id=24117347)	100%; charged; 0:00 remaining present: true
2026-10-07T03:01:50Z end lagan-base-r4 exit 0  -InternalBattery-0 (id=24117347)	100%; charged; 0:00 remaining present: true
2026-10-07T03:01:50Z start lagan-base-r5  -InternalBattery-0 (id=24117347)	100%; charged; 0:00 remaining present: true
2026-10-07T03:03:13Z end lagan-base-r5 exit 0  -InternalBattery-0 (id=24117347)	100%; charged; 0:00 remaining present: true
2026-10-07T03:03:13Z start lagan-head-r5  -InternalBattery-0 (id=24117347)	100%; charged; 0:00 remaining present: true
2026-10-07T03:04:36Z end lagan-head-r5 exit 0  -InternalBattery-0 (id=24117347)	100%; charged; 0:00 remaining present: true
2026-10-07T03:04:36Z start lagan-nofeet-r5  -InternalBattery-0 (id=24117347)	100%; charged; 0:00 remaining present: true
2026-10-07T03:05:59Z end lagan-nofeet-r5 exit 0  -InternalBattery-0 (id=24117347)	100%; charged; 0:00 remaining present: true
2026-10-07T03:05:59Z start lagan-basenofeet-r5  -InternalBattery-0 (id=24117347)	100%; charged; 0:00 remaining present: true
2026-10-07T03:07:21Z end lagan-basenofeet-r5 exit 0  -InternalBattery-0 (id=24117347)	100%; charged; 0:00 remaining present: true
2026-10-07T03:07:21Z start numed-base-r5  -InternalBattery-0 (id=24117347)	100%; charged; 0:00 remaining present: true
2026-10-07T03:07:34Z end numed-base-r5 exit 0  -InternalBattery-0 (id=24117347)	100%; charged; 0:00 remaining present: true
2026-10-07T03:07:34Z start numed-head-r5  -InternalBattery-0 (id=24117347)	100%; charged; 0:00 remaining present: true
2026-10-07T03:07:47Z end numed-head-r5 exit 0  -InternalBattery-0 (id=24117347)	100%; charged; 0:00 remaining present: true
2026-10-07T03:07:47Z start numed-nofeet-r5  -InternalBattery-0 (id=24117347)	100%; charged; 0:00 remaining present: true
2026-10-07T03:08:00Z end numed-nofeet-r5 exit 0  -InternalBattery-0 (id=24117347)	100%; charged; 0:00 remaining present: true
2026-10-07T03:08:01Z start numed-basenofeet-r5  -InternalBattery-0 (id=24117347)	100%; charged; 0:00 remaining present: true
2026-10-07T03:08:14Z end numed-basenofeet-r5 exit 0  -InternalBattery-0 (id=24117347)	100%; charged; 0:00 remaining present: true
2026-10-07T03:08:14Z start numed-basenofeet-r6  -InternalBattery-0 (id=24117347)	100%; charged; 0:00 remaining present: true
2026-10-07T03:08:27Z end numed-basenofeet-r6 exit 0  -InternalBattery-0 (id=24117347)	100%; charged; 0:00 remaining present: true
2026-10-07T03:08:27Z start numed-nofeet-r6  -InternalBattery-0 (id=24117347)	100%; charged; 0:00 remaining present: true
2026-10-07T03:08:40Z end numed-nofeet-r6 exit 0  -InternalBattery-0 (id=24117347)	100%; charged; 0:00 remaining present: true
2026-10-07T03:08:40Z start numed-head-r6  -InternalBattery-0 (id=24117347)	100%; charged; 0:00 remaining present: true
2026-10-07T03:08:53Z end numed-head-r6 exit 0  -InternalBattery-0 (id=24117347)	100%; charged; 0:00 remaining present: true
2026-10-07T03:08:53Z start numed-base-r6  -InternalBattery-0 (id=24117347)	100%; charged; 0:00 remaining present: true
2026-10-07T03:09:07Z end numed-base-r6 exit 0  -InternalBattery-0 (id=24117347)	100%; charged; 0:00 remaining present: true
2026-10-07T03:09:07Z start lagan-basenofeet-r6  -InternalBattery-0 (id=24117347)	100%; charged; 0:00 remaining present: true
2026-10-07T03:10:29Z end lagan-basenofeet-r6 exit 0  -InternalBattery-0 (id=24117347)	100%; charged; 0:00 remaining present: true
2026-10-07T03:10:29Z start lagan-nofeet-r6  -InternalBattery-0 (id=24117347)	100%; charged; 0:00 remaining present: true
2026-10-07T03:11:52Z end lagan-nofeet-r6 exit 0  -InternalBattery-0 (id=24117347)	100%; charged; 0:00 remaining present: true
2026-10-07T03:11:52Z start lagan-head-r6  -InternalBattery-0 (id=24117347)	100%; charged; 0:00 remaining present: true
2026-10-07T03:13:14Z end lagan-head-r6 exit 0  -InternalBattery-0 (id=24117347)	100%; charged; 0:00 remaining present: true
2026-10-07T03:13:14Z start lagan-base-r6  -InternalBattery-0 (id=24117347)	100%; charged; 0:00 remaining present: true
2026-10-07T03:14:37Z end lagan-base-r6 exit 0  -InternalBattery-0 (id=24117347)	100%; charged; 0:00 remaining present: true
2026-10-07T03:14:37Z start lagan-base-r7  -InternalBattery-0 (id=24117347)	100%; charged; 0:00 remaining present: true
2026-10-07T03:16:00Z end lagan-base-r7 exit 0  -InternalBattery-0 (id=24117347)	100%; charged; 0:00 remaining present: true
2026-10-07T03:16:00Z start lagan-head-r7  -InternalBattery-0 (id=24117347)	100%; charged; 0:00 remaining present: true
2026-10-07T03:17:23Z end lagan-head-r7 exit 0  -InternalBattery-0 (id=24117347)	100%; charged; 0:00 remaining present: true
2026-10-07T03:17:23Z start lagan-nofeet-r7  -InternalBattery-0 (id=24117347)	100%; charged; 0:00 remaining present: true
2026-10-07T03:18:45Z end lagan-nofeet-r7 exit 0  -InternalBattery-0 (id=24117347)	100%; charged; 0:00 remaining present: true
2026-10-07T03:18:45Z start lagan-basenofeet-r7  -InternalBattery-0 (id=24117347)	100%; charged; 0:00 remaining present: true
2026-10-07T03:20:09Z end lagan-basenofeet-r7 exit 0  -InternalBattery-0 (id=24117347)	100%; charged; 0:00 remaining present: true
2026-10-07T03:20:09Z start numed-base-r7  -InternalBattery-0 (id=24117347)	100%; charged; 0:00 remaining present: true
2026-10-07T03:20:22Z end numed-base-r7 exit 0  -InternalBattery-0 (id=24117347)	100%; charged; 0:00 remaining present: true
2026-10-07T03:20:22Z start numed-head-r7  -InternalBattery-0 (id=24117347)	100%; charged; 0:00 remaining present: true
2026-10-07T03:20:35Z end numed-head-r7 exit 0  -InternalBattery-0 (id=24117347)	100%; charged; 0:00 remaining present: true
2026-10-07T03:20:35Z start numed-nofeet-r7  -InternalBattery-0 (id=24117347)	100%; charged; 0:00 remaining present: true
2026-10-07T03:20:48Z end numed-nofeet-r7 exit 0  -InternalBattery-0 (id=24117347)	100%; charged; 0:00 remaining present: true
2026-10-07T03:20:48Z start numed-basenofeet-r7  -InternalBattery-0 (id=24117347)	100%; charged; 0:00 remaining present: true
2026-10-07T03:21:01Z end numed-basenofeet-r7 exit 0  -InternalBattery-0 (id=24117347)	100%; charged; 0:00 remaining present: true
DONE
