# 15:47:54 --pkg /Users/skavhaug/projects/rasputin/build-bench/pkg mesh --side 48 --tol 1 --features none --min-angle 25
 -InternalBattery-0 (id=7929955)	64%; discharging; 2:11 remaining present: true
0 start quality nodes inserted, 0 start quality skips, 0 constraint feet, 0 feet refused, 61 rounds, 3292582 points inserted, 7657458 flips, 6581348 triangles, achieved max error 1 m, 0 valid DEM nodes not covered, 2 start triangles, 0 start vertices off-node, 0 vertices without data dropped
RESULT {"what": "mesh", "pkg": "/Users/skavhaug/projects/rasputin/build-bench/pkg", "so_sha256": "190587e7ba0ea96a", "side_km": 48.0, "tol": 1.0, "features": "none", "min_angle": 25.0, "triangles": 6581348, "vertices": 3292586, "start_triangles": 2, "angle_median": 36.86989764584402, "under1_pct": 0.0001823334672471354, "worst": 0.21661817211099346, "wall_s": 5.323543875012547, "phases": {"start mesh: build": 0.0001, "start mesh: node": 0.0, "start mesh: triangulate": 0.0, "start mesh: constraint edges": 0.0, "refine": 5.0241, "refine: legalise start": 0.0, "refine: start quality": 0.0, "refine: scan (parallel)": 1.4959, "refine: split + flip (serial)": 3.1875, "refine: setup + output": 0.3407, "trim": 0.2988}, "refinement": "Refinement(tolerance=1.0, max_error=1.0, rounds=61, inserted=3292582, flips=7657458, uncovered=0, carved=0, quality_inserted=0, quality_skipped=0, feet=0)", "peak_rss_mb": 2048.359375}
          2147860480  maximum resident set size
# 15:48:01 --pkg /Users/skavhaug/projects/rasputin/build-bench/pkg mesh --side 48 --tol 1 --features A --min-angle 25
 -InternalBattery-0 (id=7929955)	64%; discharging; 2:11 remaining present: true
154640 start quality nodes inserted, 51516 start quality skips, 30311 constraint feet, 0 feet refused, 30 rounds, 3172199 points inserted, 7126684 flips, 6752517 triangles, achieved max error 1 m, 0 valid DEM nodes not covered, 102627 start triangles, 51391 start vertices off-node, 0 vertices without data dropped
RESULT {"what": "mesh", "pkg": "/Users/skavhaug/projects/rasputin/build-bench/pkg", "so_sha256": "190587e7ba0ea96a", "input_vertices": 51395, "chains": 1415, "side_km": 48.0, "tol": 1.0, "features": "A", "min_angle": 25.0, "triangles": 6752517, "vertices": 3378234, "start_triangles": 102627, "angle_median": 36.86989764584402, "under1_pct": 0.03386885216283054, "worst": 0.0008100348936922212, "wall_s": 5.790377959026955, "phases": {"start mesh: build": 0.0013, "start mesh: node": 0.0664, "start mesh: triangulate": 0.0418, "start mesh: constraint edges": 0.0975, "refine": 5.2965, "refine: legalise start": 0.0027, "refine: start quality": 0.1957, "refine: scan (parallel)": 0.9148, "refine: split + flip (serial)": 3.8327, "refine: setup + output": 0.3506, "trim": 0.2862}, "refinement": "Refinement(tolerance=1.0, max_error=1.0, rounds=30, inserted=3172199, flips=7126684, uncovered=0, carved=0, quality_inserted=154640, quality_skipped=51516, feet=30311)", "peak_rss_mb": 2409.921875}
          2527002624  maximum resident set size
# 15:48:11 --pkg /Users/skavhaug/projects/rasputin/build-bench/pkg mesh --side 48 --tol 1 --features A --min-angle 0
 -InternalBattery-0 (id=7929955)	64%; discharging; 2:11 remaining present: true
0 start quality nodes inserted, 0 start quality skips, 31990 constraint feet, 0 feet refused, 38 rounds, 3278481 points inserted, 7689647 flips, 6655862 triangles, achieved max error 1 m, 0 valid DEM nodes not covered, 102627 start triangles, 51391 start vertices off-node, 0 vertices without data dropped
RESULT {"what": "mesh", "pkg": "/Users/skavhaug/projects/rasputin/build-bench/pkg", "so_sha256": "190587e7ba0ea96a", "input_vertices": 51395, "chains": 1415, "side_km": 48.0, "tol": 1.0, "features": "A", "min_angle": 0.0, "triangles": 6655862, "vertices": 3329876, "start_triangles": 102627, "angle_median": 36.86989764584402, "under1_pct": 0.038777847257049504, "worst": 0.030584488164486865, "wall_s": 5.961923166003544, "phases": {"start mesh: build": 0.0013, "start mesh: node": 0.0688, "start mesh: triangulate": 0.0421, "start mesh: constraint edges": 0.0962, "refine": 5.4764, "refine: legalise start": 0.0028, "refine: start quality": 0.0, "refine: scan (parallel)": 1.0612, "refine: split + flip (serial)": 4.0457, "refine: setup + output": 0.3667, "trim": 0.2765}, "refinement": "Refinement(tolerance=1.0, max_error=1.0, rounds=38, inserted=3278481, flips=7689647, uncovered=0, carved=0, quality_inserted=0, quality_skipped=0, feet=31990)", "peak_rss_mb": 2292.296875}
          2403663872  maximum resident set size
# 15:48:22 --pkg /Users/skavhaug/projects/rasputin/build-bench/pkg mesh --side 48 --tol 1 --features none --min-angle 0
 -InternalBattery-0 (id=7929955)	64%; discharging; 2:11 remaining present: true
0 start quality nodes inserted, 0 start quality skips, 0 constraint feet, 0 feet refused, 61 rounds, 3292582 points inserted, 7657458 flips, 6581348 triangles, achieved max error 1 m, 0 valid DEM nodes not covered, 2 start triangles, 0 start vertices off-node, 0 vertices without data dropped
RESULT {"what": "mesh", "pkg": "/Users/skavhaug/projects/rasputin/build-bench/pkg", "so_sha256": "190587e7ba0ea96a", "side_km": 48.0, "tol": 1.0, "features": "none", "min_angle": 0.0, "triangles": 6581348, "vertices": 3292586, "start_triangles": 2, "angle_median": 36.86989764584402, "under1_pct": 0.0001823334672471354, "worst": 0.21661817211099346, "wall_s": 5.328537375025917, "phases": {"start mesh: build": 0.0001, "start mesh: node": 0.0, "start mesh: triangulate": 0.0, "start mesh: constraint edges": 0.0, "refine": 5.0451, "refine: legalise start": 0.0, "refine: start quality": 0.0, "refine: scan (parallel)": 1.5158, "refine: split + flip (serial)": 3.1933, "refine: setup + output": 0.336, "trim": 0.2829}, "refinement": "Refinement(tolerance=1.0, max_error=1.0, rounds=61, inserted=3292582, flips=7657458, uncovered=0, carved=0, quality_inserted=0, quality_skipped=0, feet=0)", "peak_rss_mb": 1785.328125}
          1872052224  maximum resident set size
# 15:48:30 --pkg /Users/skavhaug/projects/rasputin/build-bench/pkg mesh --side 48 --tol 10 --features none --min-angle 25
 -InternalBattery-0 (id=7929955)	64%; discharging; 2:11 remaining present: true
0 start quality nodes inserted, 0 start quality skips, 0 constraint feet, 0 feet refused, 52 rounds, 66928 points inserted, 186432 flips, 133379 triangles, achieved max error 9.999497794833673 m, 0 valid DEM nodes not covered, 2 start triangles, 0 start vertices off-node, 0 vertices without data dropped
RESULT {"what": "mesh", "pkg": "/Users/skavhaug/projects/rasputin/build-bench/pkg", "so_sha256": "190587e7ba0ea96a", "side_km": 48.0, "tol": 10.0, "features": "none", "min_angle": 25.0, "triangles": 133379, "vertices": 66932, "start_triangles": 2, "angle_median": 34.45193458185788, "under1_pct": 0.026241012453234767, "worst": 0.2580873513361871, "wall_s": 0.6033270829939283, "phases": {"start mesh: build": 0.0001, "start mesh: node": 0.0, "start mesh: triangulate": 0.0, "start mesh: constraint edges": 0.0, "refine": 0.5977, "refine: legalise start": 0.0, "refine: start quality": 0.0, "refine: scan (parallel)": 0.561, "refine: split + flip (serial)": 0.0297, "refine: setup + output": 0.007, "trim": 0.0051}, "refinement": "Refinement(tolerance=10.0, max_error=9.999497794833673, rounds=52, inserted=66928, flips=186432, uncovered=0, carved=0, quality_inserted=0, quality_skipped=0, feet=0)", "peak_rss_mb": 408.8125}
           428720128  maximum resident set size
# 15:48:31 --pkg /Users/skavhaug/projects/rasputin/build-bench/pkg mesh --side 48 --tol 10 --features A --min-angle 25
 -InternalBattery-0 (id=7929955)	64%; discharging; 2:11 remaining present: true
154640 start quality nodes inserted, 51516 start quality skips, 350 constraint feet, 0 feet refused, 17 rounds, 34767 points inserted, 86713 flips, 480961 triangles, achieved max error 9.999960550447781 m, 0 valid DEM nodes not covered, 102627 start triangles, 51391 start vertices off-node, 0 vertices without data dropped
RESULT {"what": "mesh", "pkg": "/Users/skavhaug/projects/rasputin/build-bench/pkg", "so_sha256": "190587e7ba0ea96a", "input_vertices": 51395, "chains": 1415, "side_km": 48.0, "tol": 10.0, "features": "A", "min_angle": 25.0, "triangles": 480961, "vertices": 240802, "start_triangles": 102627, "angle_median": 36.86989764584402, "under1_pct": 0.24929256218279655, "worst": 0.0013035492324610467, "wall_s": 0.6069506249623373, "phases": {"start mesh: build": 0.0013, "start mesh: node": 0.066, "start mesh: triangulate": 0.0419, "start mesh: constraint edges": 0.0939, "refine": 0.3851, "refine: legalise start": 0.0027, "refine: start quality": 0.2108, "refine: scan (parallel)": 0.0872, "refine: split + flip (serial)": 0.0245, "refine: setup + output": 0.0599, "trim": 0.0182}, "refinement": "Refinement(tolerance=10.0, max_error=9.999960550447781, rounds=17, inserted=34767, flips=86713, uncovered=0, carved=0, quality_inserted=154640, quality_skipped=51516, feet=350)", "peak_rss_mb": 686.828125}
           720207872  maximum resident set size
# 15:48:34 --pkg /Users/skavhaug/projects/rasputin/build-bench/pkg mesh --side 48 --tol 10 --features A --min-angle 0
 -InternalBattery-0 (id=7929955)	64%; discharging; 2:11 remaining present: true
0 start quality nodes inserted, 0 start quality skips, 359 constraint feet, 0 feet refused, 23 rounds, 55006 points inserted, 192561 flips, 212255 triangles, achieved max error 9.999949490582509 m, 0 valid DEM nodes not covered, 102627 start triangles, 51391 start vertices off-node, 0 vertices without data dropped
RESULT {"what": "mesh", "pkg": "/Users/skavhaug/projects/rasputin/build-bench/pkg", "so_sha256": "190587e7ba0ea96a", "input_vertices": 51395, "chains": 1415, "side_km": 48.0, "tol": 10.0, "features": "A", "min_angle": 0.0, "triangles": 212255, "vertices": 106401, "start_triangles": 102627, "angle_median": 28.593227853097375, "under1_pct": 3.4482108784245367, "worst": 0.014695578219017055, "wall_s": 0.44293695903616026, "phases": {"start mesh: build": 0.0013, "start mesh: node": 0.0658, "start mesh: triangulate": 0.0432, "start mesh: constraint edges": 0.0963, "refine": 0.2273, "refine: legalise start": 0.0027, "refine: start quality": 0.0, "refine: scan (parallel)": 0.1346, "refine: split + flip (serial)": 0.0369, "refine: setup + output": 0.0531, "trim": 0.0085}, "refinement": "Refinement(tolerance=10.0, max_error=9.999949490582509, rounds=23, inserted=55006, flips=192561, uncovered=0, carved=0, quality_inserted=0, quality_skipped=0, feet=359)", "peak_rss_mb": 611.46875}
           641187840  maximum resident set size
# 15:48:38 --pkg /Users/skavhaug/projects/rasputin/build-bench/pkg mesh --side 48 --tol 10 --features none --min-angle 0
 -InternalBattery-0 (id=7929955)	64%; discharging; 2:06 remaining present: true
0 start quality nodes inserted, 0 start quality skips, 0 constraint feet, 0 feet refused, 52 rounds, 66928 points inserted, 186432 flips, 133379 triangles, achieved max error 9.999497794833673 m, 0 valid DEM nodes not covered, 2 start triangles, 0 start vertices off-node, 0 vertices without data dropped
RESULT {"what": "mesh", "pkg": "/Users/skavhaug/projects/rasputin/build-bench/pkg", "so_sha256": "190587e7ba0ea96a", "side_km": 48.0, "tol": 10.0, "features": "none", "min_angle": 0.0, "triangles": 133379, "vertices": 66932, "start_triangles": 2, "angle_median": 34.45193458185788, "under1_pct": 0.026241012453234767, "worst": 0.2580873513361871, "wall_s": 0.6100574579904787, "phases": {"start mesh: build": 0.0001, "start mesh: node": 0.0, "start mesh: triangulate": 0.0, "start mesh: constraint edges": 0.0, "refine": 0.6043, "refine: legalise start": 0.0, "refine: start quality": 0.0, "refine: scan (parallel)": 0.567, "refine: split + flip (serial)": 0.0304, "refine: setup + output": 0.0069, "trim": 0.0051}, "refinement": "Refinement(tolerance=10.0, max_error=9.999497794833673, rounds=52, inserted=66928, flips=186432, uncovered=0, carved=0, quality_inserted=0, quality_skipped=0, feet=0)", "peak_rss_mb": 409.046875}
           428965888  maximum resident set size
# done 15:48:39
 -InternalBattery-0 (id=7929955)	64%; discharging; 2:06 remaining present: true
