# 15:47:08 --pkg /Users/skavhaug/projects/rasputin/build-bench/pkg mesh --side 48 --tol 1 --features none --min-angle 25
 -InternalBattery-0 (id=7929955)	64%; discharging; 2:21 remaining present: true
0 start quality nodes inserted, 0 start quality skips, 0 constraint feet, 0 feet refused, 61 rounds, 3292582 points inserted, 7657458 flips, 6581348 triangles, achieved max error 1 m, 0 valid DEM nodes not covered, 2 start triangles, 0 start vertices off-node, 0 vertices without data dropped
RESULT {"what": "mesh", "pkg": "/Users/skavhaug/projects/rasputin/build-bench/pkg", "so_sha256": "190587e7ba0ea96a", "side_km": 48.0, "tol": 1.0, "features": "none", "min_angle": 25.0, "triangles": 6581348, "vertices": 3292586, "start_triangles": 2, "angle_median": 36.86989764584402, "under1_pct": 0.0001823334672471354, "worst": 0.21661817211099346, "wall_s": 5.341308958013542, "phases": {"start mesh: build": 0.0001, "start mesh: node": 0.0, "start mesh: triangulate": 0.0, "start mesh: constraint edges": 0.0, "refine": 5.0598, "refine: legalise start": 0.0, "refine: start quality": 0.0, "refine: scan (parallel)": 1.4983, "refine: split + flip (serial)": 3.2198, "refine: setup + output": 0.3417, "trim": 0.281}, "refinement": "Refinement(tolerance=1.0, max_error=1.0, rounds=61, inserted=3292582, flips=7657458, uncovered=0, carved=0, quality_inserted=0, quality_skipped=0, feet=0)", "peak_rss_mb": 1929.625}
          2023407616  maximum resident set size
# 15:47:15 --pkg /Users/skavhaug/projects/rasputin/build-bench/pkg mesh --side 48 --tol 1 --features A --min-angle 25
 -InternalBattery-0 (id=7929955)	64%; discharging; 2:21 remaining present: true
154640 start quality nodes inserted, 51516 start quality skips, 30311 constraint feet, 0 feet refused, 30 rounds, 3172199 points inserted, 7126684 flips, 6752517 triangles, achieved max error 1 m, 0 valid DEM nodes not covered, 102627 start triangles, 51391 start vertices off-node, 0 vertices without data dropped
RESULT {"what": "mesh", "pkg": "/Users/skavhaug/projects/rasputin/build-bench/pkg", "so_sha256": "190587e7ba0ea96a", "input_vertices": 51395, "chains": 1415, "side_km": 48.0, "tol": 1.0, "features": "A", "min_angle": 25.0, "triangles": 6752517, "vertices": 3378234, "start_triangles": 102627, "angle_median": 36.86989764584402, "under1_pct": 0.03386885216283054, "worst": 0.0008100348936922212, "wall_s": 5.986124082992319, "phases": {"start mesh: build": 0.0014, "start mesh: node": 0.0678, "start mesh: triangulate": 0.0415, "start mesh: constraint edges": 0.0944, "refine": 5.4825, "refine: legalise start": 0.0027, "refine: start quality": 0.2057, "refine: scan (parallel)": 0.9412, "refine: split + flip (serial)": 3.9757, "refine: setup + output": 0.3573, "trim": 0.2981}, "refinement": "Refinement(tolerance=1.0, max_error=1.0, rounds=30, inserted=3172199, flips=7126684, uncovered=0, carved=0, quality_inserted=154640, quality_skipped=51516, feet=30311)", "peak_rss_mb": 2346.84375}
          2460844032  maximum resident set size
# 15:47:26 --pkg /Users/skavhaug/projects/rasputin/build-bench/pkg mesh --side 48 --tol 1 --features A --min-angle 0
 -InternalBattery-0 (id=7929955)	64%; discharging; 2:21 remaining present: true
0 start quality nodes inserted, 0 start quality skips, 31990 constraint feet, 0 feet refused, 38 rounds, 3278481 points inserted, 7689647 flips, 6655862 triangles, achieved max error 1 m, 0 valid DEM nodes not covered, 102627 start triangles, 51391 start vertices off-node, 0 vertices without data dropped
RESULT {"what": "mesh", "pkg": "/Users/skavhaug/projects/rasputin/build-bench/pkg", "so_sha256": "190587e7ba0ea96a", "input_vertices": 51395, "chains": 1415, "side_km": 48.0, "tol": 1.0, "features": "A", "min_angle": 0.0, "triangles": 6655862, "vertices": 3329876, "start_triangles": 102627, "angle_median": 36.86989764584402, "under1_pct": 0.038777847257049504, "worst": 0.030584488164486865, "wall_s": 5.777617292013019, "phases": {"start mesh: build": 0.0013, "start mesh: node": 0.0662, "start mesh: triangulate": 0.0414, "start mesh: constraint edges": 0.0968, "refine": 5.2854, "refine: legalise start": 0.0027, "refine: start quality": 0.0, "refine: scan (parallel)": 1.0163, "refine: split + flip (serial)": 3.8983, "refine: setup + output": 0.3681, "trim": 0.2859}, "refinement": "Refinement(tolerance=1.0, max_error=1.0, rounds=38, inserted=3278481, flips=7689647, uncovered=0, carved=0, quality_inserted=0, quality_skipped=0, feet=31990)", "peak_rss_mb": 2266.484375}
          2376597504  maximum resident set size
# 15:47:37 --pkg /Users/skavhaug/projects/rasputin/build-bench/pkg mesh --side 48 --tol 1 --features none --min-angle 0
 -InternalBattery-0 (id=7929955)	64%; discharging; 2:11 remaining present: true
0 start quality nodes inserted, 0 start quality skips, 0 constraint feet, 0 feet refused, 61 rounds, 3292582 points inserted, 7657458 flips, 6581348 triangles, achieved max error 1 m, 0 valid DEM nodes not covered, 2 start triangles, 0 start vertices off-node, 0 vertices without data dropped
RESULT {"what": "mesh", "pkg": "/Users/skavhaug/projects/rasputin/build-bench/pkg", "so_sha256": "190587e7ba0ea96a", "side_km": 48.0, "tol": 1.0, "features": "none", "min_angle": 0.0, "triangles": 6581348, "vertices": 3292586, "start_triangles": 2, "angle_median": 36.86989764584402, "under1_pct": 0.0001823334672471354, "worst": 0.21661817211099346, "wall_s": 5.250696291041095, "phases": {"start mesh: build": 0.0001, "start mesh: node": 0.0, "start mesh: triangulate": 0.0, "start mesh: constraint edges": 0.0, "refine": 4.973, "refine: legalise start": 0.0, "refine: start quality": 0.0, "refine: scan (parallel)": 1.4806, "refine: split + flip (serial)": 3.1519, "refine: setup + output": 0.3405, "trim": 0.2771}, "refinement": "Refinement(tolerance=1.0, max_error=1.0, rounds=61, inserted=3292582, flips=7657458, uncovered=0, carved=0, quality_inserted=0, quality_skipped=0, feet=0)", "peak_rss_mb": 1962.859375}
          2058256384  maximum resident set size
# 15:47:44 --pkg /Users/skavhaug/projects/rasputin/build-bench/pkg mesh --side 48 --tol 10 --features none --min-angle 25
 -InternalBattery-0 (id=7929955)	64%; discharging; 2:11 remaining present: true
0 start quality nodes inserted, 0 start quality skips, 0 constraint feet, 0 feet refused, 52 rounds, 66928 points inserted, 186432 flips, 133379 triangles, achieved max error 9.999497794833673 m, 0 valid DEM nodes not covered, 2 start triangles, 0 start vertices off-node, 0 vertices without data dropped
RESULT {"what": "mesh", "pkg": "/Users/skavhaug/projects/rasputin/build-bench/pkg", "so_sha256": "190587e7ba0ea96a", "side_km": 48.0, "tol": 10.0, "features": "none", "min_angle": 25.0, "triangles": 133379, "vertices": 66932, "start_triangles": 2, "angle_median": 34.45193458185788, "under1_pct": 0.026241012453234767, "worst": 0.2580873513361871, "wall_s": 0.6005429999786429, "phases": {"start mesh: build": 0.0001, "start mesh: node": 0.0, "start mesh: triangulate": 0.0, "start mesh: constraint edges": 0.0, "refine": 0.595, "refine: legalise start": 0.0, "refine: start quality": 0.0, "refine: scan (parallel)": 0.5581, "refine: split + flip (serial)": 0.0299, "refine: setup + output": 0.007, "trim": 0.005}, "refinement": "Refinement(tolerance=10.0, max_error=9.999497794833673, rounds=52, inserted=66928, flips=186432, uncovered=0, carved=0, quality_inserted=0, quality_skipped=0, feet=0)", "peak_rss_mb": 411.421875}
           431456256  maximum resident set size
# 15:47:45 --pkg /Users/skavhaug/projects/rasputin/build-bench/pkg mesh --side 48 --tol 10 --features A --min-angle 25
 -InternalBattery-0 (id=7929955)	64%; discharging; 2:11 remaining present: true
154640 start quality nodes inserted, 51516 start quality skips, 350 constraint feet, 0 feet refused, 17 rounds, 34767 points inserted, 86713 flips, 480961 triangles, achieved max error 9.999960550447781 m, 0 valid DEM nodes not covered, 102627 start triangles, 51391 start vertices off-node, 0 vertices without data dropped
RESULT {"what": "mesh", "pkg": "/Users/skavhaug/projects/rasputin/build-bench/pkg", "so_sha256": "190587e7ba0ea96a", "input_vertices": 51395, "chains": 1415, "side_km": 48.0, "tol": 10.0, "features": "A", "min_angle": 25.0, "triangles": 480961, "vertices": 240802, "start_triangles": 102627, "angle_median": 36.86989764584402, "under1_pct": 0.24929256218279655, "worst": 0.0013035492324610467, "wall_s": 0.6025485839927569, "phases": {"start mesh: build": 0.0013, "start mesh: node": 0.0668, "start mesh: triangulate": 0.0417, "start mesh: constraint edges": 0.0936, "refine": 0.3787, "refine: legalise start": 0.0027, "refine: start quality": 0.2007, "refine: scan (parallel)": 0.0885, "refine: split + flip (serial)": 0.0262, "refine: setup + output": 0.0606, "trim": 0.0199}, "refinement": "Refinement(tolerance=10.0, max_error=9.999960550447781, rounds=17, inserted=34767, flips=86713, uncovered=0, carved=0, quality_inserted=154640, quality_skipped=51516, feet=350)", "peak_rss_mb": 712.1875}
           746799104  maximum resident set size
# 15:47:49 --pkg /Users/skavhaug/projects/rasputin/build-bench/pkg mesh --side 48 --tol 10 --features A --min-angle 0
 -InternalBattery-0 (id=7929955)	64%; discharging; 2:11 remaining present: true
0 start quality nodes inserted, 0 start quality skips, 359 constraint feet, 0 feet refused, 23 rounds, 55006 points inserted, 192561 flips, 212255 triangles, achieved max error 9.999949490582509 m, 0 valid DEM nodes not covered, 102627 start triangles, 51391 start vertices off-node, 0 vertices without data dropped
RESULT {"what": "mesh", "pkg": "/Users/skavhaug/projects/rasputin/build-bench/pkg", "so_sha256": "190587e7ba0ea96a", "input_vertices": 51395, "chains": 1415, "side_km": 48.0, "tol": 10.0, "features": "A", "min_angle": 0.0, "triangles": 212255, "vertices": 106401, "start_triangles": 102627, "angle_median": 28.593227853097375, "under1_pct": 3.4482108784245367, "worst": 0.014695578219017055, "wall_s": 0.4396922920132056, "phases": {"start mesh: build": 0.0014, "start mesh: node": 0.0678, "start mesh: triangulate": 0.0418, "start mesh: constraint edges": 0.0966, "refine": 0.2231, "refine: legalise start": 0.0027, "refine: start quality": 0.0, "refine: scan (parallel)": 0.1321, "refine: split + flip (serial)": 0.0358, "refine: setup + output": 0.0525, "trim": 0.0085}, "refinement": "Refinement(tolerance=10.0, max_error=9.999949490582509, rounds=23, inserted=55006, flips=192561, uncovered=0, carved=0, quality_inserted=0, quality_skipped=0, feet=359)", "peak_rss_mb": 630.625}
           661274624  maximum resident set size
# 15:47:52 --pkg /Users/skavhaug/projects/rasputin/build-bench/pkg mesh --side 48 --tol 10 --features none --min-angle 0
 -InternalBattery-0 (id=7929955)	64%; discharging; 2:11 remaining present: true
0 start quality nodes inserted, 0 start quality skips, 0 constraint feet, 0 feet refused, 52 rounds, 66928 points inserted, 186432 flips, 133379 triangles, achieved max error 9.999497794833673 m, 0 valid DEM nodes not covered, 2 start triangles, 0 start vertices off-node, 0 vertices without data dropped
RESULT {"what": "mesh", "pkg": "/Users/skavhaug/projects/rasputin/build-bench/pkg", "so_sha256": "190587e7ba0ea96a", "side_km": 48.0, "tol": 10.0, "features": "none", "min_angle": 0.0, "triangles": 133379, "vertices": 66932, "start_triangles": 2, "angle_median": 34.45193458185788, "under1_pct": 0.026241012453234767, "worst": 0.2580873513361871, "wall_s": 0.6429459580103867, "phases": {"start mesh: build": 0.0002, "start mesh: node": 0.0, "start mesh: triangulate": 0.0, "start mesh: constraint edges": 0.0, "refine": 0.6371, "refine: legalise start": 0.0, "refine: start quality": 0.0, "refine: scan (parallel)": 0.5993, "refine: split + flip (serial)": 0.0305, "refine: setup + output": 0.0072, "trim": 0.0052}, "refinement": "Refinement(tolerance=10.0, max_error=9.999497794833673, rounds=52, inserted=66928, flips=186432, uncovered=0, carved=0, quality_inserted=0, quality_skipped=0, feet=0)", "peak_rss_mb": 407.8125}
           427671552  maximum resident set size
# done 15:47:54
 -InternalBattery-0 (id=7929955)	64%; discharging; 2:11 remaining present: true
