# 15:46:06 --pkg /Users/skavhaug/projects/rasputin/build-bench/pkg mesh --side 48 --tol 1 --features none --min-angle 25
 -InternalBattery-0 (id=7929955)	65%; discharging; 2:31 remaining present: true
0 start quality nodes inserted, 0 start quality skips, 0 constraint feet, 0 feet refused, 61 rounds, 3292582 points inserted, 7657458 flips, 6581348 triangles, achieved max error 1 m, 0 valid DEM nodes not covered, 2 start triangles, 0 start vertices off-node, 0 vertices without data dropped
RESULT {"what": "mesh", "pkg": "/Users/skavhaug/projects/rasputin/build-bench/pkg", "so_sha256": "190587e7ba0ea96a", "side_km": 48.0, "tol": 1.0, "features": "none", "min_angle": 25.0, "triangles": 6581348, "vertices": 3292586, "start_triangles": 2, "angle_median": 36.86989764584402, "under1_pct": 0.0001823334672471354, "worst": 0.21661817211099346, "wall_s": 5.674296207958832, "phases": {"start mesh: build": 0.0002, "start mesh: node": 0.0, "start mesh: triangulate": 0.0, "start mesh: constraint edges": 0.0001, "refine": 5.3703, "refine: legalise start": 0.0, "refine: start quality": 0.0, "refine: scan (parallel)": 1.5785, "refine: split + flip (serial)": 3.4339, "refine: setup + output": 0.3579, "trim": 0.301}, "refinement": "Refinement(tolerance=1.0, max_error=1.0, rounds=61, inserted=3292582, flips=7657458, uncovered=0, carved=0, quality_inserted=0, quality_skipped=0, feet=0)", "peak_rss_mb": 1833.734375}
          1922809856  maximum resident set size
# 15:46:14 --pkg /Users/skavhaug/projects/rasputin/build-bench/pkg mesh --side 48 --tol 1 --features A --min-angle 25
 -InternalBattery-0 (id=7929955)	65%; discharging; 2:31 remaining present: true
154640 start quality nodes inserted, 51516 start quality skips, 30311 constraint feet, 0 feet refused, 30 rounds, 3172199 points inserted, 7126684 flips, 6752517 triangles, achieved max error 1 m, 0 valid DEM nodes not covered, 102627 start triangles, 51391 start vertices off-node, 0 vertices without data dropped
RESULT {"what": "mesh", "pkg": "/Users/skavhaug/projects/rasputin/build-bench/pkg", "so_sha256": "190587e7ba0ea96a", "input_vertices": 51395, "chains": 1415, "side_km": 48.0, "tol": 1.0, "features": "A", "min_angle": 25.0, "triangles": 6752517, "vertices": 3378234, "start_triangles": 102627, "angle_median": 36.86989764584402, "under1_pct": 0.03386885216283054, "worst": 0.0008100348936922212, "wall_s": 6.1557555830222555, "phases": {"start mesh: build": 0.0013, "start mesh: node": 0.0687, "start mesh: triangulate": 0.0428, "start mesh: constraint edges": 0.0992, "refine": 5.6336, "refine: legalise start": 0.0029, "refine: start quality": 0.1953, "refine: scan (parallel)": 0.9699, "refine: split + flip (serial)": 4.072, "refine: setup + output": 0.3934, "trim": 0.3097}, "refinement": "Refinement(tolerance=1.0, max_error=1.0, rounds=30, inserted=3172199, flips=7126684, uncovered=0, carved=0, quality_inserted=154640, quality_skipped=51516, feet=30311)", "peak_rss_mb": 2171.765625}
          2277261312  maximum resident set size
# 15:46:25 --pkg /Users/skavhaug/projects/rasputin/build-bench/pkg mesh --side 48 --tol 1 --features A --min-angle 0
 -InternalBattery-0 (id=7929955)	65%; discharging; 2:31 remaining present: true
0 start quality nodes inserted, 0 start quality skips, 31990 constraint feet, 0 feet refused, 38 rounds, 3278481 points inserted, 7689647 flips, 6655862 triangles, achieved max error 1 m, 0 valid DEM nodes not covered, 102627 start triangles, 51391 start vertices off-node, 0 vertices without data dropped
RESULT {"what": "mesh", "pkg": "/Users/skavhaug/projects/rasputin/build-bench/pkg", "so_sha256": "190587e7ba0ea96a", "input_vertices": 51395, "chains": 1415, "side_km": 48.0, "tol": 1.0, "features": "A", "min_angle": 0.0, "triangles": 6655862, "vertices": 3329876, "start_triangles": 102627, "angle_median": 36.86989764584402, "under1_pct": 0.038777847257049504, "worst": 0.030584488164486865, "wall_s": 5.7441209579701535, "phases": {"start mesh: build": 0.0013, "start mesh: node": 0.0669, "start mesh: triangulate": 0.0419, "start mesh: constraint edges": 0.101, "refine": 5.2371, "refine: legalise start": 0.0027, "refine: start quality": 0.0, "refine: scan (parallel)": 1.0121, "refine: split + flip (serial)": 3.8544, "refine: setup + output": 0.3679, "trim": 0.2954}, "refinement": "Refinement(tolerance=1.0, max_error=1.0, rounds=38, inserted=3278481, flips=7689647, uncovered=0, carved=0, quality_inserted=0, quality_skipped=0, feet=31990)", "peak_rss_mb": 2222.828125}
          2330804224  maximum resident set size
# 15:46:36 --pkg /Users/skavhaug/projects/rasputin/build-bench/pkg mesh --side 48 --tol 1 --features none --min-angle 0
 -InternalBattery-0 (id=7929955)	65%; discharging; 2:31 remaining present: true
0 start quality nodes inserted, 0 start quality skips, 0 constraint feet, 0 feet refused, 61 rounds, 3292582 points inserted, 7657458 flips, 6581348 triangles, achieved max error 1 m, 0 valid DEM nodes not covered, 2 start triangles, 0 start vertices off-node, 0 vertices without data dropped
RESULT {"what": "mesh", "pkg": "/Users/skavhaug/projects/rasputin/build-bench/pkg", "so_sha256": "190587e7ba0ea96a", "side_km": 48.0, "tol": 1.0, "features": "none", "min_angle": 0.0, "triangles": 6581348, "vertices": 3292586, "start_triangles": 2, "angle_median": 36.86989764584402, "under1_pct": 0.0001823334672471354, "worst": 0.21661817211099346, "wall_s": 5.22123433300294, "phases": {"start mesh: build": 0.0001, "start mesh: node": 0.0, "start mesh: triangulate": 0.0, "start mesh: constraint edges": 0.0, "refine": 4.9449, "refine: legalise start": 0.0, "refine: start quality": 0.0, "refine: scan (parallel)": 1.4926, "refine: split + flip (serial)": 3.1184, "refine: setup + output": 0.3339, "trim": 0.2758}, "refinement": "Refinement(tolerance=1.0, max_error=1.0, rounds=61, inserted=3292582, flips=7657458, uncovered=0, carved=0, quality_inserted=0, quality_skipped=0, feet=0)", "peak_rss_mb": 1965.25}
          2060763136  maximum resident set size
# 15:46:43 --pkg /Users/skavhaug/projects/rasputin/build-bench/pkg mesh --side 48 --tol 10 --features none --min-angle 25
 -InternalBattery-0 (id=7929955)	64%; discharging; 2:21 remaining present: true
0 start quality nodes inserted, 0 start quality skips, 0 constraint feet, 0 feet refused, 52 rounds, 66928 points inserted, 186432 flips, 133379 triangles, achieved max error 9.999497794833673 m, 0 valid DEM nodes not covered, 2 start triangles, 0 start vertices off-node, 0 vertices without data dropped
RESULT {"what": "mesh", "pkg": "/Users/skavhaug/projects/rasputin/build-bench/pkg", "so_sha256": "190587e7ba0ea96a", "side_km": 48.0, "tol": 10.0, "features": "none", "min_angle": 25.0, "triangles": 133379, "vertices": 66932, "start_triangles": 2, "angle_median": 34.45193458185788, "under1_pct": 0.026241012453234767, "worst": 0.2580873513361871, "wall_s": 0.6103468330111355, "phases": {"start mesh: build": 0.0001, "start mesh: node": 0.0, "start mesh: triangulate": 0.0, "start mesh: constraint edges": 0.0, "refine": 0.6049, "refine: legalise start": 0.0, "refine: start quality": 0.0, "refine: scan (parallel)": 0.5675, "refine: split + flip (serial)": 0.0304, "refine: setup + output": 0.007, "trim": 0.0049}, "refinement": "Refinement(tolerance=10.0, max_error=9.999497794833673, rounds=52, inserted=66928, flips=186432, uncovered=0, carved=0, quality_inserted=0, quality_skipped=0, feet=0)", "peak_rss_mb": 403.625}
           423280640  maximum resident set size
# 15:46:44 --pkg /Users/skavhaug/projects/rasputin/build-bench/pkg mesh --side 48 --tol 10 --features A --min-angle 25
 -InternalBattery-0 (id=7929955)	64%; discharging; 2:21 remaining present: true
154640 start quality nodes inserted, 51516 start quality skips, 350 constraint feet, 0 feet refused, 17 rounds, 34767 points inserted, 86713 flips, 480961 triangles, achieved max error 9.999960550447781 m, 0 valid DEM nodes not covered, 102627 start triangles, 51391 start vertices off-node, 0 vertices without data dropped
RESULT {"what": "mesh", "pkg": "/Users/skavhaug/projects/rasputin/build-bench/pkg", "so_sha256": "190587e7ba0ea96a", "input_vertices": 51395, "chains": 1415, "side_km": 48.0, "tol": 10.0, "features": "A", "min_angle": 25.0, "triangles": 480961, "vertices": 240802, "start_triangles": 102627, "angle_median": 36.86989764584402, "under1_pct": 0.24929256218279655, "worst": 0.0013035492324610467, "wall_s": 0.6023330829921179, "phases": {"start mesh: build": 0.0014, "start mesh: node": 0.0675, "start mesh: triangulate": 0.0413, "start mesh: constraint edges": 0.0936, "refine": 0.3795, "refine: legalise start": 0.0028, "refine: start quality": 0.1986, "refine: scan (parallel)": 0.0929, "refine: split + flip (serial)": 0.0257, "refine: setup + output": 0.0595, "trim": 0.0186}, "refinement": "Refinement(tolerance=10.0, max_error=9.999960550447781, rounds=17, inserted=34767, flips=86713, uncovered=0, carved=0, quality_inserted=154640, quality_skipped=51516, feet=350)", "peak_rss_mb": 690.25}
           723795968  maximum resident set size
# 15:46:48 --pkg /Users/skavhaug/projects/rasputin/build-bench/pkg mesh --side 48 --tol 10 --features A --min-angle 0
 -InternalBattery-0 (id=7929955)	64%; discharging; 2:21 remaining present: true
0 start quality nodes inserted, 0 start quality skips, 359 constraint feet, 0 feet refused, 23 rounds, 55006 points inserted, 192561 flips, 212255 triangles, achieved max error 9.999949490582509 m, 0 valid DEM nodes not covered, 102627 start triangles, 51391 start vertices off-node, 0 vertices without data dropped
RESULT {"what": "mesh", "pkg": "/Users/skavhaug/projects/rasputin/build-bench/pkg", "so_sha256": "190587e7ba0ea96a", "input_vertices": 51395, "chains": 1415, "side_km": 48.0, "tol": 10.0, "features": "A", "min_angle": 0.0, "triangles": 212255, "vertices": 106401, "start_triangles": 102627, "angle_median": 28.593227853097375, "under1_pct": 3.4482108784245367, "worst": 0.014695578219017055, "wall_s": 0.43621508398791775, "phases": {"start mesh: build": 0.0013, "start mesh: node": 0.0663, "start mesh: triangulate": 0.0415, "start mesh: constraint edges": 0.0936, "refine": 0.2246, "refine: legalise start": 0.0028, "refine: start quality": 0.0, "refine: scan (parallel)": 0.1319, "refine: split + flip (serial)": 0.0365, "refine: setup + output": 0.0534, "trim": 0.0085}, "refinement": "Refinement(tolerance=10.0, max_error=9.999949490582509, rounds=23, inserted=55006, flips=192561, uncovered=0, carved=0, quality_inserted=0, quality_skipped=0, feet=359)", "peak_rss_mb": 615.1875}
           645087232  maximum resident set size
# 15:46:52 --pkg /Users/skavhaug/projects/rasputin/build-bench/pkg mesh --side 48 --tol 10 --features none --min-angle 0
 -InternalBattery-0 (id=7929955)	64%; discharging; 2:21 remaining present: true
0 start quality nodes inserted, 0 start quality skips, 0 constraint feet, 0 feet refused, 52 rounds, 66928 points inserted, 186432 flips, 133379 triangles, achieved max error 9.999497794833673 m, 0 valid DEM nodes not covered, 2 start triangles, 0 start vertices off-node, 0 vertices without data dropped
RESULT {"what": "mesh", "pkg": "/Users/skavhaug/projects/rasputin/build-bench/pkg", "so_sha256": "190587e7ba0ea96a", "side_km": 48.0, "tol": 10.0, "features": "none", "min_angle": 0.0, "triangles": 133379, "vertices": 66932, "start_triangles": 2, "angle_median": 34.45193458185788, "under1_pct": 0.026241012453234767, "worst": 0.2580873513361871, "wall_s": 0.6171947499969974, "phases": {"start mesh: build": 0.0001, "start mesh: node": 0.0, "start mesh: triangulate": 0.0, "start mesh: constraint edges": 0.0, "refine": 0.6115, "refine: legalise start": 0.0, "refine: start quality": 0.0, "refine: scan (parallel)": 0.5729, "refine: split + flip (serial)": 0.0301, "refine: setup + output": 0.0084, "trim": 0.0052}, "refinement": "Refinement(tolerance=10.0, max_error=9.999497794833673, rounds=52, inserted=66928, flips=186432, uncovered=0, carved=0, quality_inserted=0, quality_skipped=0, feet=0)", "peak_rss_mb": 406.078125}
           425852928  maximum resident set size
# done 15:46:53
 -InternalBattery-0 (id=7929955)	64%; discharging; 2:21 remaining present: true
