2.265.0 match 623.402 143.751 1
2.279.0 uncertain 0.000 0.000 0
2.284.0 uncertain 460.994 130.674 1
2.290.0 match 252.756 110.791 1
2.303.0 uncertain 0.003 0.003 0
2.439.0 match 374.376 155.800 1
2.633.0 match 87.021 86.435 1
3.22.0 uncertain 330.408 96.958 1
6.10.0 close 7.653 7.653 0
12.70.0 uncertain 565.451 149.232 1
12.178.0 uncertain 0.000 0.000 0
12.188.0 uncertain 0.001 0.001 0
12.192.0 match 75.591 75.591 0
12.193.0 match 51.681 51.681 0
12.197.0 match 184.031 119.011 1
12.207.0 match 273.125 193.526 1
12.215.0 miss 158.068 91.869 1
15.21.0 match 127.507 89.100 1
15.49.0 miss 102.708 102.708 0
16.122.0 match 42.688 42.688 0
16.127.0 match 45.633 45.633 0
16.194.0 match 118.924 107.381 1
18.10.0 match 235.314 162.088 1
18.11.0 match 1.961 1.961 0
19.79.0 close 5.330 5.330 0
19.80.0 uncertain 15.197 15.197 0
19.82.0 match 8.872 8.872 0
19.96.0 uncertain 0.000 0.000 0
19.104.0 match 65.443 65.443 0
20.2.0 uncertain 290.882 82.577 1
20.11.0 uncertain 0.003 0.003 0
22.16.0 uncertain 182.405 81.324 1
22.22.0 uncertain 204.643 72.430 1
38.1.0 uncertain 117.488 69.290 1
41.8.0 uncertain 0.124 0.124 0
42.2.0 match 30.981 30.981 0
48.5.0 uncertain 0.001 0.001 0
55.4.0 match 50.336 48.820 1
62.15.0 uncertain 0.195 0.195 0
73.21.0 uncertain 25.521 25.521 0
73.27.0 uncertain 0.003 0.003 0
79.3.0 uncertain 0.007 0.006 0
83.6.0 uncertain 0.000 0.000 0
83.12.0 uncertain 206.980 113.940 1
86.12.0 match 23.929 23.929 0
87.10.0 uncertain 0.092 0.092 0
88.11.0 uncertain 0.677 0.677 0
98.4.0 match 140.838 131.441 1
101.1.0 match 40.641 40.641 0
103.1.0 match 439.614 202.466 1
104.23.0 match 66.186 66.186 0
105.1.0 miss 0.747 119.731 1
109.9.0 uncertain 0.000 0.000 0
109.21.0 match 137.539 122.455 1
112.8.0 uncertain 88.228 78.571 1
121.20.0 match 283.765 165.209 1
122.11.0 uncertain 655.632 187.879 1
122.14.0 uncertain 168.951 126.636 1
122.17.0 uncertain 0.013 0.013 0
124.2.0 uncertain 643.918 121.752 1
139.35.0 uncertain 0.001 0.001 0
148.2.0 match 109.828 109.828 0
150.1.0 uncertain 5.859 5.859 0
151.15.0 match 653.678 208.405 1
153.1.0 miss 2.703 2.703 0
168.3.0 match 26.793 26.793 0
189.3.0 match 85.513 85.513 0
196.11.0 uncertain 0.002 0.002 0
200.4.0 uncertain 0.000 0.000 0
205.6.0 uncertain 111.171 111.171 0
212.10.0 uncertain 3.515 3.515 0
234.13.0 match 2077.346 179.551 1
234.18.0 uncertain 6.279 6.279 0
237.1.0 uncertain 22.511 22.511 0
246.9.0 match 251.471 166.983 1
247.3.0 match 128.169 104.300 1
307.7.0 miss 78.386 78.386 0
311.6.0 uncertain 0.001 0.001 0
313.10.0 match 356.748 158.511 1
