$ rasputin mesh --dem /Users/skavhaug/projects/rasputin_data/sao_francisco_piece/derived/bho2017_5k_76949_glo30_epsg31983_30m.tif --domain /Users/skavhaug/projects/rasputin_data/sao_francisco_piece/bho2017_5k_76949_outline_epsg4674.geojson --tolerance 1 --binary --out /Users/skavhaug/projects/rasputin_scratch/basin-piece/scaling.bin.vtk
--- stdout
/Users/skavhaug/projects/rasputin_scratch/basin-piece/scaling.bin.vtk

--- stderr
10495 start quality nodes inserted, 341 start quality skips, 1052 constraint feet, 0 feet refused, 42 rounds, 5202355 points inserted, 10147510 flips, 10431955 triangles, achieved max error 1 m, 0 valid DEM nodes not covered, 7307 start triangles, 7309 start vertices off-node, 0 vertices without data dropped
BENCH {"refine_s": 6.698273083995446, "app_s": 7.749665165989427, "max_error": 1.0, "rounds": 42, "inserted": 5202355, "flips": 10147510}
        8.03 real        14.81 user         0.40 sys
          2988916736  maximum resident set size
                   0  average shared memory size
                   0  average unshared data size
                   0  average unshared stack size
              188463  page reclaims
                  44  page faults
                   0  swaps
                   0  block input operations
                   0  block output operations
                   0  messages sent
                   0  messages received
                   0  signals received
                  81  voluntary context switches
                 624  involuntary context switches
         78789766226  instructions retired
         47540724277  cycles elapsed
          2966686408  peak memory footprint
