2026-10-07T16:13:16Z start lagan-pre-r0  -InternalBattery-0 (id=24117347)	100%; charged; 0:00 remaining present: true
2026-10-07T16:14:30Z end lagan-pre-r0 exit 0  -InternalBattery-0 (id=24117347)	100%; charged; 0:00 remaining present: true
2026-10-07T16:14:30Z start numed-pre-r0  -InternalBattery-0 (id=24117347)	100%; charged; 0:00 remaining present: true
2026-10-07T16:14:39Z end numed-pre-r0 exit 0  -InternalBattery-0 (id=24117347)	100%; charged; 0:00 remaining present: true
2026-10-07T16:14:39Z start lagan-pre-r1  -InternalBattery-0 (id=24117347)	100%; charged; 0:00 remaining present: true
2026-10-07T16:15:53Z end lagan-pre-r1 exit 0  -InternalBattery-0 (id=24117347)	100%; charged; 0:00 remaining present: true
2026-10-07T16:15:53Z start numed-pre-r1  -InternalBattery-0 (id=24117347)	100%; charged; 0:00 remaining present: true
2026-10-07T16:16:02Z end numed-pre-r1 exit 0  -InternalBattery-0 (id=24117347)	100%; charged; 0:00 remaining present: true
DONE
2026-10-07T16:16:02Z start lagan-nofeet-r0  -InternalBattery-0 (id=24117347)	100%; charged; 0:00 remaining present: true
2026-10-07T16:17:16Z end lagan-nofeet-r0 exit 0  -InternalBattery-0 (id=24117347)	100%; charged; 0:00 remaining present: true
2026-10-07T16:17:16Z start lagan-headm1-r0  -InternalBattery-0 (id=24117347)	100%; charged; 0:00 remaining present: true
2026-10-07T16:18:29Z end lagan-headm1-r0 exit 0  -InternalBattery-0 (id=24117347)	100%; charged; 0:00 remaining present: true
2026-10-07T16:18:29Z start lagan-head-r0  -InternalBattery-0 (id=24117347)	100%; charged; 0:00 remaining present: true
2026-10-07T16:19:43Z end lagan-head-r0 exit 0  -InternalBattery-0 (id=24117347)	100%; charged; 0:00 remaining present: true
2026-10-07T16:19:43Z start lagan-base-r0  -InternalBattery-0 (id=24117347)	100%; charged; 0:00 remaining present: true
2026-10-07T16:20:57Z end lagan-base-r0 exit 0  -InternalBattery-0 (id=24117347)	100%; charged; 0:00 remaining present: true
2026-10-07T16:20:57Z start numed-nofeet-r0  -InternalBattery-0 (id=24117347)	100%; charged; 0:00 remaining present: true
2026-10-07T16:21:05Z end numed-nofeet-r0 exit 0  -InternalBattery-0 (id=24117347)	100%; charged; 0:00 remaining present: true
2026-10-07T16:21:05Z start numed-headm1-r0  -InternalBattery-0 (id=24117347)	100%; charged; 0:00 remaining present: true
2026-10-07T16:21:14Z end numed-headm1-r0 exit 0  -InternalBattery-0 (id=24117347)	100%; charged; 0:00 remaining present: true
2026-10-07T16:21:14Z start numed-head-r0  -InternalBattery-0 (id=24117347)	100%; charged; 0:00 remaining present: true
2026-10-07T16:21:22Z end numed-head-r0 exit 0  -InternalBattery-0 (id=24117347)	100%; charged; 0:00 remaining present: true
2026-10-07T16:21:22Z start numed-base-r0  -InternalBattery-0 (id=24117347)	100%; charged; 0:00 remaining present: true
2026-10-07T16:21:31Z end numed-base-r0 exit 0  -InternalBattery-0 (id=24117347)	100%; charged; 0:00 remaining present: true
2026-10-07T16:21:31Z start tile-nofeet-r0  -InternalBattery-0 (id=24117347)	100%; charged; 0:00 remaining present: true
2026-10-07T16:21:34Z end tile-nofeet-r0 exit 0  -InternalBattery-0 (id=24117347)	100%; charged; 0:00 remaining present: true
2026-10-07T16:21:34Z start tile-headm1-r0  -InternalBattery-0 (id=24117347)	100%; charged; 0:00 remaining present: true
2026-10-07T16:21:37Z end tile-headm1-r0 exit 0  -InternalBattery-0 (id=24117347)	100%; charged; 0:00 remaining present: true
2026-10-07T16:21:37Z start tile-head-r0  -InternalBattery-0 (id=24117347)	100%; charged; 0:00 remaining present: true
2026-10-07T16:21:39Z end tile-head-r0 exit 0  -InternalBattery-0 (id=24117347)	100%; charged; 0:00 remaining present: true
2026-10-07T16:21:39Z start tile-base-r0  -InternalBattery-0 (id=24117347)	100%; charged; 0:00 remaining present: true
2026-10-07T16:21:42Z end tile-base-r0 exit 0  -InternalBattery-0 (id=24117347)	100%; charged; 0:00 remaining present: true
2026-10-07T16:21:42Z start tile-base-r1  -InternalBattery-0 (id=24117347)	100%; charged; 0:00 remaining present: true
2026-10-07T16:21:45Z end tile-base-r1 exit 0  -InternalBattery-0 (id=24117347)	100%; charged; 0:00 remaining present: true
2026-10-07T16:21:45Z start tile-head-r1  -InternalBattery-0 (id=24117347)	100%; charged; 0:00 remaining present: true
2026-10-07T16:21:48Z end tile-head-r1 exit 0  -InternalBattery-0 (id=24117347)	100%; charged; 0:00 remaining present: true
2026-10-07T16:21:48Z start tile-headm1-r1  -InternalBattery-0 (id=24117347)	100%; charged; 0:00 remaining present: true
2026-10-07T16:21:50Z end tile-headm1-r1 exit 0  -InternalBattery-0 (id=24117347)	100%; charged; 0:00 remaining present: true
2026-10-07T16:21:50Z start tile-nofeet-r1  -InternalBattery-0 (id=24117347)	100%; charged; 0:00 remaining present: true
2026-10-07T16:21:53Z end tile-nofeet-r1 exit 0  -InternalBattery-0 (id=24117347)	100%; charged; 0:00 remaining present: true
2026-10-07T16:21:53Z start numed-base-r1  -InternalBattery-0 (id=24117347)	100%; charged; 0:00 remaining present: true
2026-10-07T16:22:02Z end numed-base-r1 exit 0  -InternalBattery-0 (id=24117347)	100%; charged; 0:00 remaining present: true
2026-10-07T16:22:02Z start numed-head-r1  -InternalBattery-0 (id=24117347)	100%; charged; 0:00 remaining present: true
2026-10-07T16:22:10Z end numed-head-r1 exit 0  -InternalBattery-0 (id=24117347)	100%; charged; 0:00 remaining present: true
2026-10-07T16:22:10Z start numed-headm1-r1  -InternalBattery-0 (id=24117347)	100%; charged; 0:00 remaining present: true
2026-10-07T16:22:19Z end numed-headm1-r1 exit 0  -InternalBattery-0 (id=24117347)	100%; charged; 0:00 remaining present: true
2026-10-07T16:22:19Z start numed-nofeet-r1  -InternalBattery-0 (id=24117347)	100%; charged; 0:00 remaining present: true
2026-10-07T16:22:27Z end numed-nofeet-r1 exit 0  -InternalBattery-0 (id=24117347)	100%; charged; 0:00 remaining present: true
2026-10-07T16:22:27Z start lagan-base-r1  -InternalBattery-0 (id=24117347)	100%; charged; 0:00 remaining present: true
2026-10-07T16:23:41Z end lagan-base-r1 exit 0  -InternalBattery-0 (id=24117347)	100%; charged; 0:00 remaining present: true
2026-10-07T16:23:41Z start lagan-head-r1  -InternalBattery-0 (id=24117347)	100%; charged; 0:00 remaining present: true
2026-10-07T16:24:54Z end lagan-head-r1 exit 0  -InternalBattery-0 (id=24117347)	100%; charged; 0:00 remaining present: true
2026-10-07T16:24:54Z start lagan-headm1-r1  -InternalBattery-0 (id=24117347)	100%; charged; 0:00 remaining present: true
2026-10-07T16:26:08Z end lagan-headm1-r1 exit 0  -InternalBattery-0 (id=24117347)	100%; charged; 0:00 remaining present: true
2026-10-07T16:26:08Z start lagan-nofeet-r1  -InternalBattery-0 (id=24117347)	100%; charged; 0:00 remaining present: true
2026-10-07T16:27:21Z end lagan-nofeet-r1 exit 0  -InternalBattery-0 (id=24117347)	100%; charged; 0:00 remaining present: true
2026-10-07T16:27:21Z start lagan-nofeet-r2  -InternalBattery-0 (id=24117347)	100%; charged; 0:00 remaining present: true
2026-10-07T16:28:35Z end lagan-nofeet-r2 exit 0  -InternalBattery-0 (id=24117347)	100%; charged; 0:00 remaining present: true
2026-10-07T16:28:35Z start lagan-headm1-r2  -InternalBattery-0 (id=24117347)	100%; charged; 0:00 remaining present: true
2026-10-07T16:29:48Z end lagan-headm1-r2 exit 0  -InternalBattery-0 (id=24117347)	100%; charged; 0:00 remaining present: true
2026-10-07T16:29:48Z start lagan-head-r2  -InternalBattery-0 (id=24117347)	100%; charged; 0:00 remaining present: true
2026-10-07T16:31:02Z end lagan-head-r2 exit 0  -InternalBattery-0 (id=24117347)	100%; charged; 0:00 remaining present: true
2026-10-07T16:31:02Z start lagan-base-r2  -InternalBattery-0 (id=24117347)	100%; charged; 0:00 remaining present: true
2026-10-07T16:32:15Z end lagan-base-r2 exit 0  -InternalBattery-0 (id=24117347)	100%; charged; 0:00 remaining present: true
2026-10-07T16:32:15Z start numed-nofeet-r2  -InternalBattery-0 (id=24117347)	100%; charged; 0:00 remaining present: true
2026-10-07T16:32:23Z end numed-nofeet-r2 exit 0  -InternalBattery-0 (id=24117347)	100%; charged; 0:00 remaining present: true
2026-10-07T16:32:23Z start numed-headm1-r2  -InternalBattery-0 (id=24117347)	100%; charged; 0:00 remaining present: true
2026-10-07T16:32:32Z end numed-headm1-r2 exit 0  -InternalBattery-0 (id=24117347)	100%; charged; 0:00 remaining present: true
2026-10-07T16:32:32Z start numed-head-r2  -InternalBattery-0 (id=24117347)	100%; charged; 0:00 remaining present: true
2026-10-07T16:32:41Z end numed-head-r2 exit 0  -InternalBattery-0 (id=24117347)	100%; charged; 0:00 remaining present: true
2026-10-07T16:32:41Z start numed-base-r2  -InternalBattery-0 (id=24117347)	100%; charged; 0:00 remaining present: true
2026-10-07T16:32:49Z end numed-base-r2 exit 0  -InternalBattery-0 (id=24117347)	100%; charged; 0:00 remaining present: true
2026-10-07T16:32:49Z start tile-nofeet-r2  -InternalBattery-0 (id=24117347)	100%; charged; 0:00 remaining present: true
2026-10-07T16:32:52Z end tile-nofeet-r2 exit 0  -InternalBattery-0 (id=24117347)	100%; charged; 0:00 remaining present: true
2026-10-07T16:32:52Z start tile-headm1-r2  -InternalBattery-0 (id=24117347)	100%; charged; 0:00 remaining present: true
2026-10-07T16:32:55Z end tile-headm1-r2 exit 0  -InternalBattery-0 (id=24117347)	100%; charged; 0:00 remaining present: true
2026-10-07T16:32:55Z start tile-head-r2  -InternalBattery-0 (id=24117347)	100%; charged; 0:00 remaining present: true
2026-10-07T16:32:58Z end tile-head-r2 exit 0  -InternalBattery-0 (id=24117347)	100%; charged; 0:00 remaining present: true
2026-10-07T16:32:58Z start tile-base-r2  -InternalBattery-0 (id=24117347)	100%; charged; 0:00 remaining present: true
2026-10-07T16:33:00Z end tile-base-r2 exit 0  -InternalBattery-0 (id=24117347)	100%; charged; 0:00 remaining present: true
2026-10-07T16:33:00Z start tile-base-r3  -InternalBattery-0 (id=24117347)	100%; charged; 0:00 remaining present: true
2026-10-07T16:33:03Z end tile-base-r3 exit 0  -InternalBattery-0 (id=24117347)	100%; charged; 0:00 remaining present: true
2026-10-07T16:33:03Z start tile-head-r3  -InternalBattery-0 (id=24117347)	100%; charged; 0:00 remaining present: true
2026-10-07T16:33:06Z end tile-head-r3 exit 0  -InternalBattery-0 (id=24117347)	100%; charged; 0:00 remaining present: true
2026-10-07T16:33:06Z start tile-headm1-r3  -InternalBattery-0 (id=24117347)	100%; charged; 0:00 remaining present: true
2026-10-07T16:33:09Z end tile-headm1-r3 exit 0  -InternalBattery-0 (id=24117347)	100%; charged; 0:00 remaining present: true
2026-10-07T16:33:09Z start tile-nofeet-r3  -InternalBattery-0 (id=24117347)	100%; charged; 0:00 remaining present: true
2026-10-07T16:33:11Z end tile-nofeet-r3 exit 0  -InternalBattery-0 (id=24117347)	100%; charged; 0:00 remaining present: true
2026-10-07T16:33:11Z start numed-base-r3  -InternalBattery-0 (id=24117347)	100%; charged; 0:00 remaining present: true
2026-10-07T16:33:20Z end numed-base-r3 exit 0  -InternalBattery-0 (id=24117347)	100%; charged; 0:00 remaining present: true
2026-10-07T16:33:20Z start numed-head-r3  -InternalBattery-0 (id=24117347)	100%; charged; 0:00 remaining present: true
2026-10-07T16:33:29Z end numed-head-r3 exit 0  -InternalBattery-0 (id=24117347)	100%; charged; 0:00 remaining present: true
2026-10-07T16:33:29Z start numed-headm1-r3  -InternalBattery-0 (id=24117347)	100%; charged; 0:00 remaining present: true
2026-10-07T16:33:37Z end numed-headm1-r3 exit 0  -InternalBattery-0 (id=24117347)	100%; charged; 0:00 remaining present: true
2026-10-07T16:33:37Z start numed-nofeet-r3  -InternalBattery-0 (id=24117347)	100%; charged; 0:00 remaining present: true
2026-10-07T16:33:46Z end numed-nofeet-r3 exit 0  -InternalBattery-0 (id=24117347)	100%; charged; 0:00 remaining present: true
2026-10-07T16:33:46Z start lagan-base-r3  -InternalBattery-0 (id=24117347)	100%; charged; 0:00 remaining present: true
2026-10-07T16:34:59Z end lagan-base-r3 exit 0  -InternalBattery-0 (id=24117347)	100%; charged; 0:00 remaining present: true
2026-10-07T16:34:59Z start lagan-head-r3  -InternalBattery-0 (id=24117347)	100%; charged; 0:00 remaining present: true
2026-10-07T16:36:12Z end lagan-head-r3 exit 0  -InternalBattery-0 (id=24117347)	100%; charged; 0:00 remaining present: true
2026-10-07T16:36:12Z start lagan-headm1-r3  -InternalBattery-0 (id=24117347)	100%; charged; 0:00 remaining present: true
2026-10-07T16:37:26Z end lagan-headm1-r3 exit 0  -InternalBattery-0 (id=24117347)	100%; charged; 0:00 remaining present: true
2026-10-07T16:37:26Z start lagan-nofeet-r3  -InternalBattery-0 (id=24117347)	100%; charged; 0:00 remaining present: true
2026-10-07T16:38:39Z end lagan-nofeet-r3 exit 0  -InternalBattery-0 (id=24117347)	100%; charged; 0:00 remaining present: true
2026-10-07T16:38:39Z start lagan-nofeet-r4  -InternalBattery-0 (id=24117347)	100%; charged; 0:00 remaining present: true
2026-10-07T16:39:53Z end lagan-nofeet-r4 exit 0  -InternalBattery-0 (id=24117347)	100%; charged; 0:00 remaining present: true
2026-10-07T16:39:53Z start lagan-headm1-r4  -InternalBattery-0 (id=24117347)	100%; charged; 0:00 remaining present: true
2026-10-07T16:41:06Z end lagan-headm1-r4 exit 0  -InternalBattery-0 (id=24117347)	100%; charged; 0:00 remaining present: true
2026-10-07T16:41:06Z start lagan-head-r4  -InternalBattery-0 (id=24117347)	100%; charged; 0:00 remaining present: true
2026-10-07T16:42:20Z end lagan-head-r4 exit 0  -InternalBattery-0 (id=24117347)	100%; charged; 0:00 remaining present: true
2026-10-07T16:42:20Z start lagan-base-r4  -InternalBattery-0 (id=24117347)	100%; charged; 0:00 remaining present: true
2026-10-07T16:43:34Z end lagan-base-r4 exit 0  -InternalBattery-0 (id=24117347)	100%; charged; 0:00 remaining present: true
2026-10-07T16:43:34Z start numed-nofeet-r4  -InternalBattery-0 (id=24117347)	100%; charged; 0:00 remaining present: true
2026-10-07T16:43:43Z end numed-nofeet-r4 exit 0  -InternalBattery-0 (id=24117347)	100%; charged; 0:00 remaining present: true
2026-10-07T16:43:43Z start numed-headm1-r4  -InternalBattery-0 (id=24117347)	100%; charged; 0:00 remaining present: true
2026-10-07T16:43:52Z end numed-headm1-r4 exit 0  -InternalBattery-0 (id=24117347)	100%; charged; 0:00 remaining present: true
2026-10-07T16:43:52Z start numed-head-r4  -InternalBattery-0 (id=24117347)	100%; charged; 0:00 remaining present: true
2026-10-07T16:44:00Z end numed-head-r4 exit 0  -InternalBattery-0 (id=24117347)	100%; charged; 0:00 remaining present: true
2026-10-07T16:44:00Z start numed-base-r4  -InternalBattery-0 (id=24117347)	100%; charged; 0:00 remaining present: true
2026-10-07T16:44:09Z end numed-base-r4 exit 0  -InternalBattery-0 (id=24117347)	100%; charged; 0:00 remaining present: true
2026-10-07T16:44:09Z start tile-nofeet-r4  -InternalBattery-0 (id=24117347)	100%; charged; 0:00 remaining present: true
2026-10-07T16:44:12Z end tile-nofeet-r4 exit 0  -InternalBattery-0 (id=24117347)	100%; charged; 0:00 remaining present: true
2026-10-07T16:44:12Z start tile-headm1-r4  -InternalBattery-0 (id=24117347)	100%; charged; 0:00 remaining present: true
2026-10-07T16:44:15Z end tile-headm1-r4 exit 0  -InternalBattery-0 (id=24117347)	100%; charged; 0:00 remaining present: true
2026-10-07T16:44:15Z start tile-head-r4  -InternalBattery-0 (id=24117347)	100%; charged; 0:00 remaining present: true
2026-10-07T16:44:17Z end tile-head-r4 exit 0  -InternalBattery-0 (id=24117347)	100%; charged; 0:00 remaining present: true
2026-10-07T16:44:17Z start tile-base-r4  -InternalBattery-0 (id=24117347)	100%; charged; 0:00 remaining present: true
2026-10-07T16:44:20Z end tile-base-r4 exit 0  -InternalBattery-0 (id=24117347)	100%; charged; 0:00 remaining present: true
2026-10-07T16:44:20Z start tile-base-r5  -InternalBattery-0 (id=24117347)	100%; charged; 0:00 remaining present: true
2026-10-07T16:44:23Z end tile-base-r5 exit 0  -InternalBattery-0 (id=24117347)	100%; charged; 0:00 remaining present: true
2026-10-07T16:44:23Z start tile-head-r5  -InternalBattery-0 (id=24117347)	100%; charged; 0:00 remaining present: true
2026-10-07T16:44:26Z end tile-head-r5 exit 0  -InternalBattery-0 (id=24117347)	100%; charged; 0:00 remaining present: true
2026-10-07T16:44:26Z start tile-headm1-r5  -InternalBattery-0 (id=24117347)	100%; charged; 0:00 remaining present: true
2026-10-07T16:44:28Z end tile-headm1-r5 exit 0  -InternalBattery-0 (id=24117347)	100%; charged; 0:00 remaining present: true
2026-10-07T16:44:28Z start tile-nofeet-r5  -InternalBattery-0 (id=24117347)	100%; charged; 0:00 remaining present: true
2026-10-07T16:44:31Z end tile-nofeet-r5 exit 0  -InternalBattery-0 (id=24117347)	100%; charged; 0:00 remaining present: true
2026-10-07T16:44:31Z start numed-base-r5  -InternalBattery-0 (id=24117347)	100%; charged; 0:00 remaining present: true
2026-10-07T16:44:40Z end numed-base-r5 exit 0  -InternalBattery-0 (id=24117347)	100%; charged; 0:00 remaining present: true
2026-10-07T16:44:40Z start numed-head-r5  -InternalBattery-0 (id=24117347)	100%; charged; 0:00 remaining present: true
2026-10-07T16:44:48Z end numed-head-r5 exit 0  -InternalBattery-0 (id=24117347)	100%; charged; 0:00 remaining present: true
2026-10-07T16:44:48Z start numed-headm1-r5  -InternalBattery-0 (id=24117347)	100%; charged; 0:00 remaining present: true
2026-10-07T16:44:57Z end numed-headm1-r5 exit 0  -InternalBattery-0 (id=24117347)	100%; charged; 0:00 remaining present: true
2026-10-07T16:44:57Z start numed-nofeet-r5  -InternalBattery-0 (id=24117347)	100%; charged; 0:00 remaining present: true
2026-10-07T16:45:05Z end numed-nofeet-r5 exit 0  -InternalBattery-0 (id=24117347)	100%; charged; 0:00 remaining present: true
2026-10-07T16:45:05Z start lagan-base-r5  -InternalBattery-0 (id=24117347)	100%; charged; 0:00 remaining present: true
2026-10-07T16:46:19Z end lagan-base-r5 exit 0  -InternalBattery-0 (id=24117347)	100%; charged; 0:00 remaining present: true
2026-10-07T16:46:19Z start lagan-head-r5  -InternalBattery-0 (id=24117347)	100%; charged; 0:00 remaining present: true
2026-10-07T16:47:34Z end lagan-head-r5 exit 0  -InternalBattery-0 (id=24117347)	100%; charged; 0:00 remaining present: true
2026-10-07T16:47:34Z start lagan-headm1-r5  -InternalBattery-0 (id=24117347)	100%; charged; 0:00 remaining present: true
2026-10-07T16:48:47Z end lagan-headm1-r5 exit 0  -InternalBattery-0 (id=24117347)	100%; charged; 0:00 remaining present: true
2026-10-07T16:48:47Z start lagan-nofeet-r5  -InternalBattery-0 (id=24117347)	100%; charged; 0:00 remaining present: true
2026-10-07T16:50:01Z end lagan-nofeet-r5 exit 0  -InternalBattery-0 (id=24117347)	100%; charged; 0:00 remaining present: true
2026-10-07T16:50:01Z start lagan-nofeet-r6  -InternalBattery-0 (id=24117347)	100%; charged; 0:00 remaining present: true
2026-10-07T16:51:14Z end lagan-nofeet-r6 exit 0  -InternalBattery-0 (id=24117347)	100%; charged; 0:00 remaining present: true
2026-10-07T16:51:14Z start lagan-headm1-r6  -InternalBattery-0 (id=24117347)	100%; charged; 0:00 remaining present: true
2026-10-07T16:52:28Z end lagan-headm1-r6 exit 0  -InternalBattery-0 (id=24117347)	100%; charged; 0:00 remaining present: true
2026-10-07T16:52:28Z start lagan-head-r6  -InternalBattery-0 (id=24117347)	100%; charged; 0:00 remaining present: true
2026-10-07T16:53:41Z end lagan-head-r6 exit 0  -InternalBattery-0 (id=24117347)	100%; charged; 0:00 remaining present: true
2026-10-07T16:53:41Z start lagan-base-r6  -InternalBattery-0 (id=24117347)	100%; charged; 0:00 remaining present: true
2026-10-07T16:54:56Z end lagan-base-r6 exit 0  -InternalBattery-0 (id=24117347)	100%; charged; 0:00 remaining present: true
2026-10-07T16:54:57Z start numed-nofeet-r6  -InternalBattery-0 (id=24117347)	100%; charged; 0:00 remaining present: true
2026-10-07T16:55:05Z end numed-nofeet-r6 exit 0  -InternalBattery-0 (id=24117347)	100%; charged; 0:00 remaining present: true
2026-10-07T16:55:05Z start numed-headm1-r6  -InternalBattery-0 (id=24117347)	100%; charged; 0:00 remaining present: true
2026-10-07T16:55:14Z end numed-headm1-r6 exit 0  -InternalBattery-0 (id=24117347)	100%; charged; 0:00 remaining present: true
2026-10-07T16:55:14Z start numed-head-r6  -InternalBattery-0 (id=24117347)	100%; charged; 0:00 remaining present: true
2026-10-07T16:55:22Z end numed-head-r6 exit 0  -InternalBattery-0 (id=24117347)	100%; charged; 0:00 remaining present: true
2026-10-07T16:55:22Z start numed-base-r6  -InternalBattery-0 (id=24117347)	100%; charged; 0:00 remaining present: true
2026-10-07T16:55:31Z end numed-base-r6 exit 0  -InternalBattery-0 (id=24117347)	100%; charged; 0:00 remaining present: true
2026-10-07T16:55:31Z start tile-nofeet-r6  -InternalBattery-0 (id=24117347)	100%; charged; 0:00 remaining present: true
2026-10-07T16:55:34Z end tile-nofeet-r6 exit 0  -InternalBattery-0 (id=24117347)	100%; charged; 0:00 remaining present: true
2026-10-07T16:55:34Z start tile-headm1-r6  -InternalBattery-0 (id=24117347)	100%; charged; 0:00 remaining present: true
2026-10-07T16:55:36Z end tile-headm1-r6 exit 0  -InternalBattery-0 (id=24117347)	100%; charged; 0:00 remaining present: true
2026-10-07T16:55:36Z start tile-head-r6  -InternalBattery-0 (id=24117347)	100%; charged; 0:00 remaining present: true
2026-10-07T16:55:39Z end tile-head-r6 exit 0  -InternalBattery-0 (id=24117347)	100%; charged; 0:00 remaining present: true
2026-10-07T16:55:39Z start tile-base-r6  -InternalBattery-0 (id=24117347)	100%; charged; 0:00 remaining present: true
2026-10-07T16:55:42Z end tile-base-r6 exit 0  -InternalBattery-0 (id=24117347)	100%; charged; 0:00 remaining present: true
DONE
