2026-10-07T16:56:20Z start tile-head-r0  -InternalBattery-0 (id=24117347)	100%; charged; 0:00 remaining present: true
2026-10-07T16:56:23Z end tile-head-r0 exit 0  -InternalBattery-0 (id=24117347)	100%; charged; 0:00 remaining present: true
2026-10-07T16:56:23Z start tile-base-r0  -InternalBattery-0 (id=24117347)	100%; charged; 0:00 remaining present: true
2026-10-07T16:56:25Z end tile-base-r0 exit 0  -InternalBattery-0 (id=24117347)	100%; charged; 0:00 remaining present: true
2026-10-07T16:56:25Z start tile-base-r1  -InternalBattery-0 (id=24117347)	100%; charged; 0:00 remaining present: true
2026-10-07T16:56:28Z end tile-base-r1 exit 0  -InternalBattery-0 (id=24117347)	100%; charged; 0:00 remaining present: true
2026-10-07T16:56:28Z start tile-head-r1  -InternalBattery-0 (id=24117347)	100%; charged; 0:00 remaining present: true
2026-10-07T16:56:31Z end tile-head-r1 exit 0  -InternalBattery-0 (id=24117347)	100%; charged; 0:00 remaining present: true
2026-10-07T16:56:31Z start tile-head-r2  -InternalBattery-0 (id=24117347)	100%; charged; 0:00 remaining present: true
2026-10-07T16:56:34Z end tile-head-r2 exit 0  -InternalBattery-0 (id=24117347)	100%; charged; 0:00 remaining present: true
2026-10-07T16:56:34Z start tile-base-r2  -InternalBattery-0 (id=24117347)	100%; charged; 0:00 remaining present: true
2026-10-07T16:56:37Z end tile-base-r2 exit 0  -InternalBattery-0 (id=24117347)	100%; charged; 0:00 remaining present: true
2026-10-07T16:56:37Z start tile-base-r3  -InternalBattery-0 (id=24117347)	100%; charged; 0:00 remaining present: true
2026-10-07T16:56:39Z end tile-base-r3 exit 0  -InternalBattery-0 (id=24117347)	100%; charged; 0:00 remaining present: true
2026-10-07T16:56:39Z start tile-head-r3  -InternalBattery-0 (id=24117347)	100%; charged; 0:00 remaining present: true
2026-10-07T16:56:42Z end tile-head-r3 exit 0  -InternalBattery-0 (id=24117347)	100%; charged; 0:00 remaining present: true
2026-10-07T16:56:42Z start tile-head-r4  -InternalBattery-0 (id=24117347)	100%; charged; 0:00 remaining present: true
2026-10-07T16:56:45Z end tile-head-r4 exit 0  -InternalBattery-0 (id=24117347)	100%; charged; 0:00 remaining present: true
2026-10-07T16:56:45Z start tile-base-r4  -InternalBattery-0 (id=24117347)	100%; charged; 0:00 remaining present: true
2026-10-07T16:56:47Z end tile-base-r4 exit 0  -InternalBattery-0 (id=24117347)	100%; charged; 0:00 remaining present: true
2026-10-07T16:56:48Z start tile-base-r5  -InternalBattery-0 (id=24117347)	100%; charged; 0:00 remaining present: true
2026-10-07T16:56:50Z end tile-base-r5 exit 0  -InternalBattery-0 (id=24117347)	100%; charged; 0:00 remaining present: true
2026-10-07T16:56:50Z start tile-head-r5  -InternalBattery-0 (id=24117347)	100%; charged; 0:00 remaining present: true
2026-10-07T16:56:53Z end tile-head-r5 exit 0  -InternalBattery-0 (id=24117347)	100%; charged; 0:00 remaining present: true
2026-10-07T16:56:53Z start tile-head-r6  -InternalBattery-0 (id=24117347)	100%; charged; 0:00 remaining present: true
2026-10-07T16:56:56Z end tile-head-r6 exit 0  -InternalBattery-0 (id=24117347)	100%; charged; 0:00 remaining present: true
2026-10-07T16:56:56Z start tile-base-r6  -InternalBattery-0 (id=24117347)	100%; charged; 0:00 remaining present: true
2026-10-07T16:56:58Z end tile-base-r6 exit 0  -InternalBattery-0 (id=24117347)	100%; charged; 0:00 remaining present: true
2026-10-07T16:56:59Z start tile-base-r7  -InternalBattery-0 (id=24117347)	100%; charged; 0:00 remaining present: true
2026-10-07T16:57:01Z end tile-base-r7 exit 0  -InternalBattery-0 (id=24117347)	100%; charged; 0:00 remaining present: true
2026-10-07T16:57:01Z start tile-head-r7  -InternalBattery-0 (id=24117347)	100%; charged; 0:00 remaining present: true
2026-10-07T16:57:04Z end tile-head-r7 exit 0  -InternalBattery-0 (id=24117347)	100%; charged; 0:00 remaining present: true
2026-10-07T16:57:04Z start tile-head-r8  -InternalBattery-0 (id=24117347)	100%; charged; 0:00 remaining present: true
2026-10-07T16:57:07Z end tile-head-r8 exit 0  -InternalBattery-0 (id=24117347)	100%; charged; 0:00 remaining present: true
2026-10-07T16:57:07Z start tile-base-r8  -InternalBattery-0 (id=24117347)	100%; charged; 0:00 remaining present: true
2026-10-07T16:57:10Z end tile-base-r8 exit 0  -InternalBattery-0 (id=24117347)	100%; charged; 0:00 remaining present: true
2026-10-07T16:57:10Z start tile-base-r9  -InternalBattery-0 (id=24117347)	100%; charged; 0:00 remaining present: true
2026-10-07T16:57:12Z end tile-base-r9 exit 0  -InternalBattery-0 (id=24117347)	100%; charged; 0:00 remaining present: true
2026-10-07T16:57:12Z start tile-head-r9  -InternalBattery-0 (id=24117347)	100%; charged; 0:00 remaining present: true
2026-10-07T16:57:15Z end tile-head-r9 exit 0  -InternalBattery-0 (id=24117347)	100%; charged; 0:00 remaining present: true
2026-10-07T16:57:15Z start tile-head-r10  -InternalBattery-0 (id=24117347)	100%; charged; 0:00 remaining present: true
2026-10-07T16:57:18Z end tile-head-r10 exit 0  -InternalBattery-0 (id=24117347)	100%; charged; 0:00 remaining present: true
2026-10-07T16:57:18Z start tile-base-r10  -InternalBattery-0 (id=24117347)	100%; charged; 0:00 remaining present: true
2026-10-07T16:57:21Z end tile-base-r10 exit 0  -InternalBattery-0 (id=24117347)	100%; charged; 0:00 remaining present: true
2026-10-07T16:57:21Z start tile-base-r11  -InternalBattery-0 (id=24117347)	100%; charged; 0:00 remaining present: true
2026-10-07T16:57:23Z end tile-base-r11 exit 0  -InternalBattery-0 (id=24117347)	100%; charged; 0:00 remaining present: true
2026-10-07T16:57:23Z start tile-head-r11  -InternalBattery-0 (id=24117347)	100%; charged; 0:00 remaining present: true
2026-10-07T16:57:26Z end tile-head-r11 exit 0  -InternalBattery-0 (id=24117347)	100%; charged; 0:00 remaining present: true
2026-10-07T16:57:26Z start tile-head-r12  -InternalBattery-0 (id=24117347)	100%; charged; 0:00 remaining present: true
2026-10-07T16:57:29Z end tile-head-r12 exit 0  -InternalBattery-0 (id=24117347)	100%; charged; 0:00 remaining present: true
2026-10-07T16:57:29Z start tile-base-r12  -InternalBattery-0 (id=24117347)	100%; charged; 0:00 remaining present: true
2026-10-07T16:57:32Z end tile-base-r12 exit 0  -InternalBattery-0 (id=24117347)	100%; charged; 0:00 remaining present: true
2026-10-07T16:57:32Z start tile-base-r13  -InternalBattery-0 (id=24117347)	100%; charged; 0:00 remaining present: true
2026-10-07T16:57:34Z end tile-base-r13 exit 0  -InternalBattery-0 (id=24117347)	100%; charged; 0:00 remaining present: true
2026-10-07T16:57:34Z start tile-head-r13  -InternalBattery-0 (id=24117347)	100%; charged; 0:00 remaining present: true
2026-10-07T16:57:37Z end tile-head-r13 exit 0  -InternalBattery-0 (id=24117347)	100%; charged; 0:00 remaining present: true
2026-10-07T16:57:37Z start tile-head-r14  -InternalBattery-0 (id=24117347)	100%; charged; 0:00 remaining present: true
2026-10-07T16:57:40Z end tile-head-r14 exit 0  -InternalBattery-0 (id=24117347)	100%; charged; 0:00 remaining present: true
2026-10-07T16:57:40Z start tile-base-r14  -InternalBattery-0 (id=24117347)	100%; charged; 0:00 remaining present: true
2026-10-07T16:57:43Z end tile-base-r14 exit 0  -InternalBattery-0 (id=24117347)	100%; charged; 0:00 remaining present: true
2026-10-07T16:57:43Z start tile-base-r15  -InternalBattery-0 (id=24117347)	100%; charged; 0:00 remaining present: true
2026-10-07T16:57:45Z end tile-base-r15 exit 0  -InternalBattery-0 (id=24117347)	100%; charged; 0:00 remaining present: true
2026-10-07T16:57:45Z start tile-head-r15  -InternalBattery-0 (id=24117347)	100%; charged; 0:00 remaining present: true
2026-10-07T16:57:48Z end tile-head-r15 exit 0  -InternalBattery-0 (id=24117347)	100%; charged; 0:00 remaining present: true
2026-10-07T16:57:48Z start tile-head-r16  -InternalBattery-0 (id=24117347)	100%; charged; 0:00 remaining present: true
2026-10-07T16:57:51Z end tile-head-r16 exit 0  -InternalBattery-0 (id=24117347)	100%; charged; 0:00 remaining present: true
2026-10-07T16:57:51Z start tile-base-r16  -InternalBattery-0 (id=24117347)	100%; charged; 0:00 remaining present: true
2026-10-07T16:57:53Z end tile-base-r16 exit 0  -InternalBattery-0 (id=24117347)	100%; charged; 0:00 remaining present: true
2026-10-07T16:57:54Z start tile-base-r17  -InternalBattery-0 (id=24117347)	100%; charged; 0:00 remaining present: true
2026-10-07T16:57:56Z end tile-base-r17 exit 0  -InternalBattery-0 (id=24117347)	100%; charged; 0:00 remaining present: true
2026-10-07T16:57:56Z start tile-head-r17  -InternalBattery-0 (id=24117347)	100%; charged; 0:00 remaining present: true
2026-10-07T16:57:59Z end tile-head-r17 exit 0  -InternalBattery-0 (id=24117347)	100%; charged; 0:00 remaining present: true
2026-10-07T16:57:59Z start tile-head-r18  -InternalBattery-0 (id=24117347)	100%; charged; 0:00 remaining present: true
2026-10-07T16:58:02Z end tile-head-r18 exit 0  -InternalBattery-0 (id=24117347)	100%; charged; 0:00 remaining present: true
2026-10-07T16:58:02Z start tile-base-r18  -InternalBattery-0 (id=24117347)	100%; charged; 0:00 remaining present: true
2026-10-07T16:58:05Z end tile-base-r18 exit 0  -InternalBattery-0 (id=24117347)	100%; charged; 0:00 remaining present: true
2026-10-07T16:58:05Z start tile-base-r19  -InternalBattery-0 (id=24117347)	100%; charged; 0:00 remaining present: true
2026-10-07T16:58:07Z end tile-base-r19 exit 0  -InternalBattery-0 (id=24117347)	100%; charged; 0:00 remaining present: true
2026-10-07T16:58:07Z start tile-head-r19  -InternalBattery-0 (id=24117347)	100%; charged; 0:00 remaining present: true
2026-10-07T16:58:10Z end tile-head-r19 exit 0  -InternalBattery-0 (id=24117347)	100%; charged; 0:00 remaining present: true
2026-10-07T16:58:10Z start tile-head-r20  -InternalBattery-0 (id=24117347)	100%; charged; 0:00 remaining present: true
2026-10-07T16:58:13Z end tile-head-r20 exit 0  -InternalBattery-0 (id=24117347)	100%; charged; 0:00 remaining present: true
2026-10-07T16:58:13Z start tile-base-r20  -InternalBattery-0 (id=24117347)	100%; charged; 0:00 remaining present: true
2026-10-07T16:58:16Z end tile-base-r20 exit 0  -InternalBattery-0 (id=24117347)	100%; charged; 0:00 remaining present: true
DONE
